Archive member included to satisfy reference by file (symbol)

/home/zack/opt/cross/lib/gcc/i686-elf/12.1.0//libgcc.a(_udivdi3.o)
                              /home/zack/Programming/NanobyteOS/SolOS/build/kernel/c/stdio.o (__udivdi3)
/home/zack/opt/cross/lib/gcc/i686-elf/12.1.0//libgcc.a(_umoddi3.o)
                              /home/zack/Programming/NanobyteOS/SolOS/build/kernel/c/stdio.o (__umoddi3)

There are no discarded input sections

Memory Configuration

Name             Origin             Length             Attributes
RAM              0x00030000         0x00050000         xrw
*default*        0x00000000         0xffffffff

Linker script and memory map

                0x00030000                        . = 0x30000

.text           0x00030000     0xb3f6
 *(.text)
 .text          0x00030000       0x28 /home/zack/Programming/NanobyteOS/SolOS/build/kernel/s/main.o
                0x00030000                kernel_start
 .text          0x00030028        0x7 /home/zack/Programming/NanobyteOS/SolOS/build/kernel/s/syscall.o
                0x00030028                syscall
 .text          0x0003002f       0x25 /home/zack/Programming/NanobyteOS/SolOS/build/kernel/s/hardware-io/io.o
                0x0003002f                i686_outb
                0x0003003a                i686_outw
                0x00030047                i686_inb
                0x00030050                i686_EnableInterrupts
                0x00030052                i686_DisableInterrupts
 .text          0x00030054       0x2d /home/zack/Programming/NanobyteOS/SolOS/build/kernel/s/memory-manager/VMM.o
                0x00030054                VMM_EnablePaging
                0x00030072                VMM_InvalidatePage
                0x0003007a                VMM_InvalidateTLB
 *fill*         0x00030081        0x3 
 .text          0x00030084        0x6 /home/zack/Programming/NanobyteOS/SolOS/build/kernel/s/proc/proc.o
                0x00030084                i686_call
 *fill*         0x0003008a        0x2 
 .text          0x0003008c       0x47 /home/zack/Programming/NanobyteOS/SolOS/build/kernel/s/arch/x86/gdt.o
                0x0003008c                i686_GDT_Load
                0x000300a1                i686_TSS_Load
 *fill*         0x000300d3        0x1 
 .text          0x000300d4        0xd /home/zack/Programming/NanobyteOS/SolOS/build/kernel/s/arch/x86/idt.o
                0x000300d4                i686_IDT_Load
 *fill*         0x000300e1        0x3 
 .text          0x000300e4      0xa75 /home/zack/Programming/NanobyteOS/SolOS/build/kernel/s/arch/x86/isr.o
                0x000300e4                i686_ISR0
                0x000300ed                i686_ISR1
                0x000300f6                i686_ISR2
                0x000300ff                i686_ISR3
                0x00030108                i686_ISR4
                0x00030111                i686_ISR5
                0x0003011a                i686_ISR6
                0x00030123                i686_ISR7
                0x0003012c                i686_ISR8
                0x00030133                i686_ISR9
                0x0003013c                i686_ISR10
                0x00030143                i686_ISR11
                0x0003014a                i686_ISR12
                0x00030151                i686_ISR13
                0x00030158                i686_ISR14
                0x0003015f                i686_ISR15
                0x00030168                i686_ISR16
                0x00030171                i686_ISR17
                0x00030178                i686_ISR18
                0x00030181                i686_ISR19
                0x0003018a                i686_ISR20
                0x00030193                i686_ISR21
                0x0003019a                i686_ISR22
                0x000301a3                i686_ISR23
                0x000301ac                i686_ISR24
                0x000301b5                i686_ISR25
                0x000301be                i686_ISR26
                0x000301c7                i686_ISR27
                0x000301d0                i686_ISR28
                0x000301d9                i686_ISR29
                0x000301e0                i686_ISR30
                0x000301e7                i686_ISR31
                0x000301f0                i686_ISR32
                0x000301f9                i686_ISR33
                0x00030202                i686_ISR34
                0x0003020b                i686_ISR35
                0x00030214                i686_ISR36
                0x0003021d                i686_ISR37
                0x00030226                i686_ISR38
                0x0003022f                i686_ISR39
                0x00030238                i686_ISR40
                0x00030241                i686_ISR41
                0x0003024a                i686_ISR42
                0x00030253                i686_ISR43
                0x0003025c                i686_ISR44
                0x00030265                i686_ISR45
                0x0003026e                i686_ISR46
                0x00030277                i686_ISR47
                0x00030280                i686_ISR48
                0x00030289                i686_ISR49
                0x00030292                i686_ISR50
                0x0003029b                i686_ISR51
                0x000302a4                i686_ISR52
                0x000302ad                i686_ISR53
                0x000302b6                i686_ISR54
                0x000302bf                i686_ISR55
                0x000302c8                i686_ISR56
                0x000302d1                i686_ISR57
                0x000302da                i686_ISR58
                0x000302e3                i686_ISR59
                0x000302ec                i686_ISR60
                0x000302f5                i686_ISR61
                0x000302fe                i686_ISR62
                0x00030307                i686_ISR63
                0x00030310                i686_ISR64
                0x00030319                i686_ISR65
                0x00030322                i686_ISR66
                0x0003032b                i686_ISR67
                0x00030334                i686_ISR68
                0x0003033d                i686_ISR69
                0x00030346                i686_ISR70
                0x0003034f                i686_ISR71
                0x00030358                i686_ISR72
                0x00030361                i686_ISR73
                0x0003036a                i686_ISR74
                0x00030373                i686_ISR75
                0x0003037c                i686_ISR76
                0x00030385                i686_ISR77
                0x0003038e                i686_ISR78
                0x00030397                i686_ISR79
                0x000303a0                i686_ISR80
                0x000303a9                i686_ISR81
                0x000303b2                i686_ISR82
                0x000303bb                i686_ISR83
                0x000303c4                i686_ISR84
                0x000303cd                i686_ISR85
                0x000303d6                i686_ISR86
                0x000303df                i686_ISR87
                0x000303e8                i686_ISR88
                0x000303f1                i686_ISR89
                0x000303fa                i686_ISR90
                0x00030403                i686_ISR91
                0x0003040c                i686_ISR92
                0x00030415                i686_ISR93
                0x0003041e                i686_ISR94
                0x00030427                i686_ISR95
                0x00030430                i686_ISR96
                0x00030439                i686_ISR97
                0x00030442                i686_ISR98
                0x0003044b                i686_ISR99
                0x00030454                i686_ISR100
                0x0003045d                i686_ISR101
                0x00030466                i686_ISR102
                0x0003046f                i686_ISR103
                0x00030478                i686_ISR104
                0x00030481                i686_ISR105
                0x0003048a                i686_ISR106
                0x00030493                i686_ISR107
                0x0003049c                i686_ISR108
                0x000304a5                i686_ISR109
                0x000304ae                i686_ISR110
                0x000304b7                i686_ISR111
                0x000304c0                i686_ISR112
                0x000304c9                i686_ISR113
                0x000304d2                i686_ISR114
                0x000304db                i686_ISR115
                0x000304e4                i686_ISR116
                0x000304ed                i686_ISR117
                0x000304f6                i686_ISR118
                0x000304ff                i686_ISR119
                0x00030508                i686_ISR120
                0x00030511                i686_ISR121
                0x0003051a                i686_ISR122
                0x00030523                i686_ISR123
                0x0003052c                i686_ISR124
                0x00030535                i686_ISR125
                0x0003053e                i686_ISR126
                0x00030547                i686_ISR127
                0x00030550                i686_ISR128
                0x0003055c                i686_ISR129
                0x00030568                i686_ISR130
                0x00030574                i686_ISR131
                0x00030580                i686_ISR132
                0x0003058c                i686_ISR133
                0x00030598                i686_ISR134
                0x000305a4                i686_ISR135
                0x000305b0                i686_ISR136
                0x000305bc                i686_ISR137
                0x000305c8                i686_ISR138
                0x000305d4                i686_ISR139
                0x000305e0                i686_ISR140
                0x000305ec                i686_ISR141
                0x000305f8                i686_ISR142
                0x00030604                i686_ISR143
                0x00030610                i686_ISR144
                0x0003061c                i686_ISR145
                0x00030628                i686_ISR146
                0x00030634                i686_ISR147
                0x00030640                i686_ISR148
                0x0003064c                i686_ISR149
                0x00030658                i686_ISR150
                0x00030664                i686_ISR151
                0x00030670                i686_ISR152
                0x0003067c                i686_ISR153
                0x00030688                i686_ISR154
                0x00030694                i686_ISR155
                0x000306a0                i686_ISR156
                0x000306ac                i686_ISR157
                0x000306b8                i686_ISR158
                0x000306c4                i686_ISR159
                0x000306d0                i686_ISR160
                0x000306dc                i686_ISR161
                0x000306e8                i686_ISR162
                0x000306f4                i686_ISR163
                0x00030700                i686_ISR164
                0x0003070c                i686_ISR165
                0x00030718                i686_ISR166
                0x00030724                i686_ISR167
                0x00030730                i686_ISR168
                0x0003073c                i686_ISR169
                0x00030748                i686_ISR170
                0x00030754                i686_ISR171
                0x00030760                i686_ISR172
                0x0003076c                i686_ISR173
                0x00030778                i686_ISR174
                0x00030784                i686_ISR175
                0x00030790                i686_ISR176
                0x0003079c                i686_ISR177
                0x000307a8                i686_ISR178
                0x000307b4                i686_ISR179
                0x000307c0                i686_ISR180
                0x000307cc                i686_ISR181
                0x000307d8                i686_ISR182
                0x000307e4                i686_ISR183
                0x000307f0                i686_ISR184
                0x000307fc                i686_ISR185
                0x00030808                i686_ISR186
                0x00030814                i686_ISR187
                0x00030820                i686_ISR188
                0x0003082c                i686_ISR189
                0x00030838                i686_ISR190
                0x00030844                i686_ISR191
                0x00030850                i686_ISR192
                0x0003085c                i686_ISR193
                0x00030868                i686_ISR194
                0x00030874                i686_ISR195
                0x00030880                i686_ISR196
                0x0003088c                i686_ISR197
                0x00030898                i686_ISR198
                0x000308a4                i686_ISR199
                0x000308b0                i686_ISR200
                0x000308bc                i686_ISR201
                0x000308c8                i686_ISR202
                0x000308d4                i686_ISR203
                0x000308e0                i686_ISR204
                0x000308ec                i686_ISR205
                0x000308f8                i686_ISR206
                0x00030904                i686_ISR207
                0x00030910                i686_ISR208
                0x0003091c                i686_ISR209
                0x00030928                i686_ISR210
                0x00030934                i686_ISR211
                0x00030940                i686_ISR212
                0x0003094c                i686_ISR213
                0x00030958                i686_ISR214
                0x00030964                i686_ISR215
                0x00030970                i686_ISR216
                0x0003097c                i686_ISR217
                0x00030988                i686_ISR218
                0x00030994                i686_ISR219
                0x000309a0                i686_ISR220
                0x000309ac                i686_ISR221
                0x000309b8                i686_ISR222
                0x000309c4                i686_ISR223
                0x000309d0                i686_ISR224
                0x000309dc                i686_ISR225
                0x000309e8                i686_ISR226
                0x000309f4                i686_ISR227
                0x00030a00                i686_ISR228
                0x00030a0c                i686_ISR229
                0x00030a18                i686_ISR230
                0x00030a24                i686_ISR231
                0x00030a30                i686_ISR232
                0x00030a3c                i686_ISR233
                0x00030a48                i686_ISR234
                0x00030a54                i686_ISR235
                0x00030a60                i686_ISR236
                0x00030a6c                i686_ISR237
                0x00030a78                i686_ISR238
                0x00030a84                i686_ISR239
                0x00030a90                i686_ISR240
                0x00030a9c                i686_ISR241
                0x00030aa5                i686_ISR242
                0x00030aae                i686_ISR243
                0x00030ab7                i686_ISR244
                0x00030ac0                i686_ISR245
                0x00030ac9                i686_ISR246
                0x00030ad2                i686_ISR247
                0x00030adb                i686_ISR248
                0x00030ae4                i686_ISR249
                0x00030aed                i686_ISR250
                0x00030af6                i686_ISR251
                0x00030aff                i686_ISR252
                0x00030b08                i686_ISR253
                0x00030b11                i686_ISR254
                0x00030b1a                i686_ISR255
                0x00030b4d                i686_DisablePaging
 *fill*         0x00030b59        0x3 
 .text          0x00030b5c       0x14 /home/zack/Programming/NanobyteOS/SolOS/build/kernel/s/arch/x86/PIT8254.o
                0x00030b5c                i686_PIT_Initialize
 .text          0x00030b70      0xb15 /home/zack/Programming/NanobyteOS/SolOS/build/kernel/c/CLI.o
                0x00030b70                GetCMD
                0x00030cae                RegisterCMDHandler
                0x00030cc1                EXEC
                0x00030ec9                LS
                0x00030ff5                CD
                0x00031204                CAT
                0x00031367                PS
                0x000313d6                MEM
                0x00031408                TSTW
                0x0003143a                CLI_Mainloop
 .text          0x00031685       0x55 /home/zack/Programming/NanobyteOS/SolOS/build/kernel/c/ctype.o
                0x00031685                islower
                0x000316ae                toupper
 .text          0x000316da       0x93 /home/zack/Programming/NanobyteOS/SolOS/build/kernel/c/delay.o
                0x000316da                ActiveContextTimerSleepHook
                0x00031706                sleep
                0x00031741                MaskTimerInterrupt
                0x00031757                UnmaskTimerInterrupt
 .text          0x0003176d      0x347 /home/zack/Programming/NanobyteOS/SolOS/build/kernel/c/file.o
                0x0003176d                File_Initialize
                0x000317cf                SetActiveFileDescriptors
                0x000317dd                open
                0x00031963                read
                0x000319f1                write
                0x00031a28                close
 .text          0x00031ab4      0x1b1 /home/zack/Programming/NanobyteOS/SolOS/build/kernel/c/kernel.o
                0x00031ab4                setup_timer
                0x00031aba                timer
                0x00031af6                kernel_main
 .text          0x00031c65       0xe4 /home/zack/Programming/NanobyteOS/SolOS/build/kernel/c/memory.o
                0x00031c65                memcpy
                0x00031ca6                memset
                0x00031ce9                memcmp
 .text          0x00031d49     0x1429 /home/zack/Programming/NanobyteOS/SolOS/build/kernel/c/stdio.o
                0x00031d49                initialize_stdio
                0x00031d9b                GetActiveContext
                0x00031da5                GetSTDOUT
                0x00031daf                GetSTDIN
                0x00031db9                GetSTDERR
                0x00031dc3                STD_PutBuffer
                0x00031df8                STD_GetBuffer
                0x00031e39                STD_FlushSTDOUT
                0x00031e82                STD_FlushSTDIN
                0x00031eb5                STD_FlushSTDERR
                0x00031ee8                ActiveContextTimerCursorHook
                0x00031f05                ActiveContextKeyboardHook
                0x00031fce                CFG_EnableCursorBlinking
                0x00031fdd                CFG_DisableCursorBlinking
                0x00031fec                CFG_SetCursorChar
                0x00032007                __STD_Putc
                0x0003203a                __STD_Puts
                0x00032063                PutsK
                0x0003209c                printf_unsigned
                0x0003214f                printf_signed
                0x000321a9                printf
                0x000324cc                hex_to_dec
                0x00032564                scanf
                0x00032b50                getline
                0x00032c08                sscanf
 .text          0x00033172       0xb6 /home/zack/Programming/NanobyteOS/SolOS/build/kernel/c/string.o
                0x00033172                strchr
                0x000331b0                strcpy
                0x00033202                strlen
 .text          0x00033228      0x232 /home/zack/Programming/NanobyteOS/SolOS/build/kernel/c/syscall.o
                0x00033228                SyscallEntrypoint
 .text          0x0003345a      0xbc4 /home/zack/Programming/NanobyteOS/SolOS/build/kernel/c/disk/floppy.o
                0x0003345a                GetCommandParamCount
                0x000334b3                GetCommandAwaitIRQ6
                0x0003350c                GetCommandReturnCount
                0x00033565                DISK_Floppy_GetSectorAddr
                0x00033581                DISK_Floppy_IRQ6Handler
                0x0003358e                lba2chs
                0x00033602                WaitForIRQ6
                0x0003362c                WaitForFIFO
                0x00033668                PrepareDMAForTransfer
                0x00033732                PrepareDMAForWrite
                0x00033782                PrepareDMAForRead
                0x0003385b                FDC_SetBit
                0x000338ce                DISK_Floppy_Reset
                0x0003395b                DISK_Floppy_Initialize
                0x00033a2e                DISK_Floppy_IssueCommand
                0x00033c19                DISK_Floppy_ReadSector
                0x00033cfa                DISK_Floppy_ReadSectors
                0x00033df7                DISK_Floppy_ReadSectorsTo
                0x00033f15                DISK_Floppy_WriteSectorFrom
 .text          0x0003401e      0xbd3 /home/zack/Programming/NanobyteOS/SolOS/build/kernel/c/display/kinter.o
                0x0003401e                KI_VGACoordTransform
                0x0003409f                KI_DisableBlinking
                0x000340ac                KI_EnableBlinking
                0x000340b9                KI_DrawCursor
                0x00034184                KI_CursorHook
                0x000341bf                KI_Initialize
                0x000342fd                KI_Clear
                0x00034393                KI_DrawBorder
                0x0003473b                KI_UpdateLineScrolling
                0x00034899                KI_Putc
                0x00034b71                KI_Puts
                0x00034ba3                KI_BadSizeError
                0x00034bda                KI_TextOverflowError
 .text          0x00034bf1      0x276 /home/zack/Programming/NanobyteOS/SolOS/build/kernel/c/display/VGA.o
                0x00034bf1                VGA_ColorData
                0x00034c03                VGA_Initialize
                0x00034c49                VGA_ClearScreen
                0x00034cca                VGA_SetChar
                0x00034d2a                VGA_SetCursorPos
                0x00034d5f                VGA_Print
                0x00034de3                VGA_Write
 .text          0x00034e67       0xe7 /home/zack/Programming/NanobyteOS/SolOS/build/kernel/c/filesys/drive.o
                0x00034e67                Drive_Initialize
                0x00034e9d                DefineDrive
                0x00034ef6                GetDrive
 .text          0x00034f4e      0xfc7 /home/zack/Programming/NanobyteOS/SolOS/build/kernel/c/filesys/fat12.o
                0x00034f4e                FAT12_PathName2FATName
                0x00034ff7                FAT12_ReadSector
                0x0003502f                FAT12_LoadFATSector
                0x0003506f                FAT12_WriteActiveFATSector
                0x000350b1                FAT12_Initialize
                0x000351dc                FAT12_OpenEntry
                0x000352c1                FAT12_Cluster2Sector
                0x000352d4                FAT12_NextCluster
                0x00035348                FAT12_FindFreeCluster
                0x000353e0                FAT12_WriteGetAnotherCluster
                0x000354a9                FAT12_WriteFinalCluster
                0x0003555d                FAT12_Read
                0x000356d6                FAT12_Write
                0x000358ee                FAT12_ReadEntry
                0x0003590f                FAT12_Close
                0x00035945                FAT12_FindFile
                0x00035af5                FAT12_Open
                0x00035c4f                FAT12_Write_New
 .text          0x00035f15       0x39 /home/zack/Programming/NanobyteOS/SolOS/build/kernel/c/HAL/hal.o
                0x00035f15                HAL_Initialize
                0x00035f37                HAL_SetInterruptStack
 .text          0x00035f4e       0x1b /home/zack/Programming/NanobyteOS/SolOS/build/kernel/c/hardware-io/io.o
                0x00035f4e                i686_iowait
 .text          0x00035f69      0x1a2 /home/zack/Programming/NanobyteOS/SolOS/build/kernel/c/keyboard/keyboard.o
                0x00035f69                GetQWERTYCTRLMakeKeyCode
                0x00035fc6                GetQWERTYCTRLClearKeyCode
                0x00036033                Keyboard_Handler
 .text          0x0003610b      0x926 /home/zack/Programming/NanobyteOS/SolOS/build/kernel/c/memory-manager/FMM.o
                0x0003610b                FMM_GetUsedMemory
                0x00036118                FMM_GetDMAAddress
                0x00036122                FMM_GetDMAPhysAddress
                0x0003612c                FMM_Initialize
                0x000361d3                PageFaultHandler
                0x0003647b                GeneralProtectionFaultHandler
                0x000365f0                FMM_FreeBlocksAt
                0x00036689                FMM_ClearMapping
                0x0003671c                FMM_FreeBlocks
                0x00036736                FMM_AllocateBlocks
                0x0003674c                FMM_CreateUserCodeMapping
                0x00036843                FMM_CreateUserDataMapping
                0x0003693a                FMM_CreateMapping
 .text          0x00036a31      0xb03 /home/zack/Programming/NanobyteOS/SolOS/build/kernel/c/memory-manager/PMM.o
                0x00036a31                PMM_Initialize
                0x00036da5                PMM_GetBitmapData
                0x00036dc9                PMM_SetBitmapData
                0x00036e26                PMM_PrintUsableRegionInfo
                0x00036eaa                PMM_BlockIndex2PhysicalAddress
                0x00036f91                PMM_PhysicalAddress2BlockIndex
                0x0003706e                PMM_DEBUG_PrintWedges
                0x000370f4                PMM_FirstFitSearch
                0x000371ce                PMM_AllocateBlocks
                0x00037316                PMM_FreeBlocks
                0x0003742f                PMM_ForceFreeBlocks
                0x000374f9                PMM_GetBusyMemory
 .text          0x00037534      0xa62 /home/zack/Programming/NanobyteOS/SolOS/build/kernel/c/memory-manager/VMM.o
                0x00037534                VMM_GetDMAAddress
                0x0003753e                VMM_GetWorkingPageTableAddr
                0x00037548                VMM_VirtualAddress2PageIndices
                0x0003756d                VMM_PageIndices2VirtualAddress
                0x00037582                VMM_VirtualAddress2PhysicalAddress
                0x000375d1                VMM_CreatePageDirectoryEntry
                0x0003761c                VMM_GetPageDirectoryEntryAVL
                0x00037626                VMM_SetPageDirectoryEntryAVL
                0x00037635                VMM_CreatePageTableEntry
                0x000376a4                VMM_GetPageTableEntryAVL
                0x000376ae                VMM_SetPageTableEntryAVL
                0x000376bd                VMM_GetActivePageTableEntryCount
                0x00037733                VMM_SetActivePageTableEntryCount
                0x000377cc                VMM_Initialize
                0x000379f9                VMM_SetWorkingPageTable
                0x00037a59                VMM_LoadTableForAddress
                0x00037ab0                VMM_GetTableForAddress
                0x00037b02                VMM_FetchTableForAddress
                0x00037b4d                VMM_CreateTableForAddress
                0x00037bbf                VMM_CreateUserTableForAddress
                0x00037c31                VMM_GetPageForAddress
                0x00037cb8                VMM_CreatePageForAddress
                0x00037d62                VMM_CreateUserDataPageForAddress
                0x00037e0c                VMM_CreateUserCodePageForAddress
                0x00037eb6                VMM_ClearMappingForAddress
 .text          0x00037f96      0x4c8 /home/zack/Programming/NanobyteOS/SolOS/build/kernel/c/proc/load.o
                0x00037f96                LoadProc
 .text          0x0003845e     0x11cc /home/zack/Programming/NanobyteOS/SolOS/build/kernel/c/proc/proc.o
                0x0003845e                PrintMemoryRegion
                0x0003848d                PrintProc
                0x0003859d                InitializeProcs
                0x00038675                AddToQueue
                0x000386d9                AddToSchedulerQueue
                0x000386fc                AddToSleeping
                0x00038719                GetFromQueue
                0x00038759                GetAvailablePID
                0x000387c3                GetPCB
                0x000387d6                HandleExit
                0x000387f6                PutToSleep
                0x00038832                GetRunningPID
                0x00038853                CreateCodeMappingForRegion
                0x000388a0                CreateDataMappingForRegion
                0x000388ed                RemoveMappingForRegion
                0x00038919                FreeRegion
                0x0003895e                AllocateMemoryRegion
                0x0003899a                CreateMappingsForProcess
                0x00038a02                RemoveMappingsForProcess
                0x00038a6a                CopyMemoryRegion
                0x00038b5f                CopyProcessMemory
                0x00038c21                TerminateProcess
                0x00038c9f                TerminateRunningProcess
                0x00038cbf                KillRunningProcess
                0x00038cf3                SaveContextToStack
                0x00038d55                SaveExplicitContext
                0x00038d97                SetContext
                0x00038db3                ExecProc
                0x000390be                DisableScheduling
                0x000390ce                EnableScheduling
                0x000390de                SchedulerHook
                0x000395bd                exec
 .text          0x0003962a       0x9a /home/zack/Programming/NanobyteOS/SolOS/build/kernel/c/arch/x86/gdt.o
                0x0003962a                GDT_GetTSS
                0x00039634                i686_GDT_Initialize
                0x000396b6                i686_SetInterruptStack
 .text          0x000396c4       0xda /home/zack/Programming/NanobyteOS/SolOS/build/kernel/c/arch/x86/idt.o
                0x000396c4                i686_IDT_SetGate
                0x00039725                i686_IDT_EnableGate
                0x00039745                i686_IDT_EnableUserGate
                0x00039765                i686_IDT_DisableGate
                0x00039785                i686_IDT_Initialize
 .text          0x0003979e       0xcc /home/zack/Programming/NanobyteOS/SolOS/build/kernel/c/arch/x86/irq.o
                0x0003979e                i686_IRQ_Handler
                0x00039810                i686_IRQ_Initialize
                0x00039857                i686_IRQ_RegisterHandler
 .text          0x0003986a     0x1678 /home/zack/Programming/NanobyteOS/SolOS/build/kernel/c/arch/x86/isr.o
                0x0003986a                i686_ISR_Initialize
                0x0003ad27                i686_ISR_RegisterHandler
                0x0003ad4b                i686_ISR_RegisterUserHandler
                0x0003ad6f                i686_ISR_Handler
 .text          0x0003aee2      0x2b6 /home/zack/Programming/NanobyteOS/SolOS/build/kernel/c/arch/x86/PIC8259.o
                0x0003aee2                i686_PIC_Configure
                0x0003afd4                i686_PIC_SendEndOfInterrupt
                0x0003b004                i686_PIC_Disable
                0x0003b03e                i686_PIC_Mask
                0x0003b092                i686_PIC_Unmask
                0x0003b0e8                i686_PIC_ReadIrqRequestRegister
                0x0003b140                i686_PIC_ReadInServiceRegister
 *fill*         0x0003b198        0x8 
 .text          0x0003b1a0      0x11a /home/zack/opt/cross/lib/gcc/i686-elf/12.1.0//libgcc.a(_udivdi3.o)
                0x0003b1a0                __udivdi3
 *fill*         0x0003b2ba        0x6 
 .text          0x0003b2c0      0x136 /home/zack/opt/cross/lib/gcc/i686-elf/12.1.0//libgcc.a(_umoddi3.o)
                0x0003b2c0                __umoddi3

.rodata         0x0003b400     0x1488
 *(.rodata)
 .rodata        0x0003b400      0x17e /home/zack/Programming/NanobyteOS/SolOS/build/kernel/c/CLI.o
 .rodata        0x0003b57e        0x3 /home/zack/Programming/NanobyteOS/SolOS/build/kernel/c/file.o
 *fill*         0x0003b581        0x3 
 .rodata        0x0003b584      0x115 /home/zack/Programming/NanobyteOS/SolOS/build/kernel/c/kernel.o
 *fill*         0x0003b699        0x3 
 .rodata        0x0003b69c      0x438 /home/zack/Programming/NanobyteOS/SolOS/build/kernel/c/stdio.o
                0x0003b6ac                g_HexChars
 .rodata        0x0003bad4       0x70 /home/zack/Programming/NanobyteOS/SolOS/build/kernel/c/syscall.o
 .rodata        0x0003bb44      0x1f7 /home/zack/Programming/NanobyteOS/SolOS/build/kernel/c/disk/floppy.o
 *fill*         0x0003bd3b        0x1 
 .rodata        0x0003bd3c       0x37 /home/zack/Programming/NanobyteOS/SolOS/build/kernel/c/display/kinter.o
 *fill*         0x0003bd73        0x1 
 .rodata        0x0003bd74      0x23f /home/zack/Programming/NanobyteOS/SolOS/build/kernel/c/filesys/fat12.o
 *fill*         0x0003bfb3        0x1 
 .rodata        0x0003bfb4      0x29e /home/zack/Programming/NanobyteOS/SolOS/build/kernel/c/memory-manager/FMM.o
 *fill*         0x0003c252        0x2 
 .rodata        0x0003c254       0x5e /home/zack/Programming/NanobyteOS/SolOS/build/kernel/c/memory-manager/PMM.o
 *fill*         0x0003c2b2        0x2 
 .rodata        0x0003c2b4       0x40 /home/zack/Programming/NanobyteOS/SolOS/build/kernel/c/memory-manager/VMM.o
 .rodata        0x0003c2f4       0x30 /home/zack/Programming/NanobyteOS/SolOS/build/kernel/c/proc/load.o
 .rodata        0x0003c324      0x1ad /home/zack/Programming/NanobyteOS/SolOS/build/kernel/c/proc/proc.o
 *fill*         0x0003c4d1        0x3 
 .rodata        0x0003c4d4       0x25 /home/zack/Programming/NanobyteOS/SolOS/build/kernel/c/arch/x86/irq.o
 *fill*         0x0003c4f9        0x7 
 .rodata        0x0003c500      0x388 /home/zack/Programming/NanobyteOS/SolOS/build/kernel/c/arch/x86/isr.o

.eh_frame       0x0003c888       0xd8
 .eh_frame      0x0003c888       0x64 /home/zack/opt/cross/lib/gcc/i686-elf/12.1.0//libgcc.a(_udivdi3.o)
 .eh_frame      0x0003c8ec       0x74 /home/zack/opt/cross/lib/gcc/i686-elf/12.1.0//libgcc.a(_umoddi3.o)

.data           0x0003c960      0x11e
 *(.data)
 .data          0x0003c960       0x4b /home/zack/Programming/NanobyteOS/SolOS/build/kernel/s/main.o
 .data          0x0003c9ab        0x0 /home/zack/Programming/NanobyteOS/SolOS/build/kernel/s/syscall.o
 .data          0x0003c9ab        0x0 /home/zack/Programming/NanobyteOS/SolOS/build/kernel/s/hardware-io/io.o
 .data          0x0003c9ab        0x0 /home/zack/Programming/NanobyteOS/SolOS/build/kernel/s/memory-manager/VMM.o
 .data          0x0003c9ab        0x0 /home/zack/Programming/NanobyteOS/SolOS/build/kernel/s/proc/proc.o
 .data          0x0003c9ab        0x0 /home/zack/Programming/NanobyteOS/SolOS/build/kernel/s/arch/x86/gdt.o
 .data          0x0003c9ab        0x0 /home/zack/Programming/NanobyteOS/SolOS/build/kernel/s/arch/x86/idt.o
 .data          0x0003c9ab        0x0 /home/zack/Programming/NanobyteOS/SolOS/build/kernel/s/arch/x86/isr.o
 .data          0x0003c9ab        0x0 /home/zack/Programming/NanobyteOS/SolOS/build/kernel/s/arch/x86/PIT8254.o
 .data          0x0003c9ab        0x0 /home/zack/Programming/NanobyteOS/SolOS/build/kernel/c/CLI.o
 .data          0x0003c9ab        0x0 /home/zack/Programming/NanobyteOS/SolOS/build/kernel/c/ctype.o
 .data          0x0003c9ab        0x0 /home/zack/Programming/NanobyteOS/SolOS/build/kernel/c/delay.o
 .data          0x0003c9ab        0x0 /home/zack/Programming/NanobyteOS/SolOS/build/kernel/c/file.o
 .data          0x0003c9ab        0x0 /home/zack/Programming/NanobyteOS/SolOS/build/kernel/c/kernel.o
 .data          0x0003c9ab        0x0 /home/zack/Programming/NanobyteOS/SolOS/build/kernel/c/memory.o
 .data          0x0003c9ab        0x0 /home/zack/Programming/NanobyteOS/SolOS/build/kernel/c/stdio.o
 .data          0x0003c9ab        0x0 /home/zack/Programming/NanobyteOS/SolOS/build/kernel/c/string.o
 .data          0x0003c9ab        0x0 /home/zack/Programming/NanobyteOS/SolOS/build/kernel/c/syscall.o
 .data          0x0003c9ab        0x0 /home/zack/Programming/NanobyteOS/SolOS/build/kernel/c/disk/floppy.o
 .data          0x0003c9ab        0x0 /home/zack/Programming/NanobyteOS/SolOS/build/kernel/c/display/kinter.o
 .data          0x0003c9ab        0x0 /home/zack/Programming/NanobyteOS/SolOS/build/kernel/c/display/VGA.o
 .data          0x0003c9ab        0x0 /home/zack/Programming/NanobyteOS/SolOS/build/kernel/c/filesys/drive.o
 *fill*         0x0003c9ab        0x1 
 .data          0x0003c9ac        0x4 /home/zack/Programming/NanobyteOS/SolOS/build/kernel/c/filesys/fat12.o
                0x0003c9ac                g_FATLoaded
 .data          0x0003c9b0        0x0 /home/zack/Programming/NanobyteOS/SolOS/build/kernel/c/HAL/hal.o
 .data          0x0003c9b0        0x0 /home/zack/Programming/NanobyteOS/SolOS/build/kernel/c/hardware-io/io.o
 *fill*         0x0003c9b0       0x10 
 .data          0x0003c9c0       0x7a /home/zack/Programming/NanobyteOS/SolOS/build/kernel/c/keyboard/keyboard.o
                0x0003c9c0                g_QWERTY_make_scancodes_shifted
                0x0003ca00                g_QWERTY_make_scancodes_unshifted
 .data          0x0003ca3a        0x0 /home/zack/Programming/NanobyteOS/SolOS/build/kernel/c/memory-manager/FMM.o
 .data          0x0003ca3a        0x0 /home/zack/Programming/NanobyteOS/SolOS/build/kernel/c/memory-manager/PMM.o
 .data          0x0003ca3a        0x0 /home/zack/Programming/NanobyteOS/SolOS/build/kernel/c/memory-manager/VMM.o
 .data          0x0003ca3a        0x0 /home/zack/Programming/NanobyteOS/SolOS/build/kernel/c/proc/load.o
 *fill*         0x0003ca3a        0x2 
 .data          0x0003ca3c        0x4 /home/zack/Programming/NanobyteOS/SolOS/build/kernel/c/proc/proc.o
                0x0003ca3c                g_schedulingEnabled
 .data          0x0003ca40       0x36 /home/zack/Programming/NanobyteOS/SolOS/build/kernel/c/arch/x86/gdt.o
                0x0003ca40                g_GDT
                0x0003ca70                g_GDT_Descriptor
 *fill*         0x0003ca76        0x2 
 .data          0x0003ca78        0x6 /home/zack/Programming/NanobyteOS/SolOS/build/kernel/c/arch/x86/idt.o
                0x0003ca78                g_IDTDescriptor
 .data          0x0003ca7e        0x0 /home/zack/Programming/NanobyteOS/SolOS/build/kernel/c/arch/x86/irq.o
 .data          0x0003ca7e        0x0 /home/zack/Programming/NanobyteOS/SolOS/build/kernel/c/arch/x86/isr.o
 .data          0x0003ca7e        0x0 /home/zack/Programming/NanobyteOS/SolOS/build/kernel/c/arch/x86/PIC8259.o
 .data          0x0003ca7e        0x0 /home/zack/opt/cross/lib/gcc/i686-elf/12.1.0//libgcc.a(_udivdi3.o)
 .data          0x0003ca7e        0x0 /home/zack/opt/cross/lib/gcc/i686-elf/12.1.0//libgcc.a(_umoddi3.o)

.bss            0x0003ca80    0x293cc
 *(COMMON)
 *(.bss)
 .bss           0x0003ca80        0x0 /home/zack/Programming/NanobyteOS/SolOS/build/kernel/s/main.o
 .bss           0x0003ca80        0x0 /home/zack/Programming/NanobyteOS/SolOS/build/kernel/s/syscall.o
 .bss           0x0003ca80        0x0 /home/zack/Programming/NanobyteOS/SolOS/build/kernel/s/hardware-io/io.o
 .bss           0x0003ca80        0x0 /home/zack/Programming/NanobyteOS/SolOS/build/kernel/s/memory-manager/VMM.o
 .bss           0x0003ca80        0x0 /home/zack/Programming/NanobyteOS/SolOS/build/kernel/s/proc/proc.o
 .bss           0x0003ca80        0x0 /home/zack/Programming/NanobyteOS/SolOS/build/kernel/s/arch/x86/gdt.o
 .bss           0x0003ca80        0x0 /home/zack/Programming/NanobyteOS/SolOS/build/kernel/s/arch/x86/idt.o
 .bss           0x0003ca80        0x0 /home/zack/Programming/NanobyteOS/SolOS/build/kernel/s/arch/x86/isr.o
 .bss           0x0003ca80        0x0 /home/zack/Programming/NanobyteOS/SolOS/build/kernel/s/arch/x86/PIT8254.o
 .bss           0x0003ca80      0x500 /home/zack/Programming/NanobyteOS/SolOS/build/kernel/c/CLI.o
                0x0003ca80                g_CMDHandlers
                0x0003ce80                CurrentPath
 .bss           0x0003cf80        0x0 /home/zack/Programming/NanobyteOS/SolOS/build/kernel/c/ctype.o
 .bss           0x0003cf80        0x8 /home/zack/Programming/NanobyteOS/SolOS/build/kernel/c/delay.o
                0x0003cf80                g_Timer
 *fill*         0x0003cf88       0x18 
 .bss           0x0003cfa0       0x7c /home/zack/Programming/NanobyteOS/SolOS/build/kernel/c/file.o
                0x0003cfa0                g_Files
                0x0003d018                g_ActiveFileDescriptors
 .bss           0x0003d01c        0x0 /home/zack/Programming/NanobyteOS/SolOS/build/kernel/c/kernel.o
 .bss           0x0003d01c        0x0 /home/zack/Programming/NanobyteOS/SolOS/build/kernel/c/memory.o
 *fill*         0x0003d01c        0x4 
 .bss           0x0003d020      0x586 /home/zack/Programming/NanobyteOS/SolOS/build/kernel/c/stdio.o
                0x0003d020                g_VGA_Display
                0x0003d040                g_Root_Terminal
                0x0003d168                g_ActiveContext
                0x0003d180                g_STDOUT
                0x0003d380                g_STDIN
                0x0003d3a0                g_STDERR
                0x0003d5a0                g_STDOUT_TAIL
                0x0003d5a2                g_STDIN_TAIL
                0x0003d5a4                g_STDERR_TAIL
 .bss           0x0003d5a6        0x0 /home/zack/Programming/NanobyteOS/SolOS/build/kernel/c/string.o
 .bss           0x0003d5a6        0x0 /home/zack/Programming/NanobyteOS/SolOS/build/kernel/c/syscall.o
 .bss           0x0003d5a6        0x2 /home/zack/Programming/NanobyteOS/SolOS/build/kernel/c/disk/floppy.o
                0x0003d5a6                g_WaitingForIRQ6
                0x0003d5a7                g_FloppyNum
 .bss           0x0003d5a8        0x1 /home/zack/Programming/NanobyteOS/SolOS/build/kernel/c/display/kinter.o
                0x0003d5a8                g_BlinkDisable
 .bss           0x0003d5a9        0x0 /home/zack/Programming/NanobyteOS/SolOS/build/kernel/c/display/VGA.o
 *fill*         0x0003d5a9       0x17 
 .bss           0x0003d5c0       0x40 /home/zack/Programming/NanobyteOS/SolOS/build/kernel/c/filesys/drive.o
                0x0003d5c0                g_Drives
 .bss           0x0003d600      0x580 /home/zack/Programming/NanobyteOS/SolOS/build/kernel/c/filesys/fat12.o
                0x0003d600                g_FatData
                0x0003d960                g_FirstFATSector
                0x0003d964                g_FirstRootDirSector
                0x0003d968                g_RootDirSize
                0x0003d96c                g_FirstDataSector
                0x0003d970                g_FAT
                0x0003d980                g_RootDirectoryBuffer
 .bss           0x0003db80        0x0 /home/zack/Programming/NanobyteOS/SolOS/build/kernel/c/HAL/hal.o
 .bss           0x0003db80        0x0 /home/zack/Programming/NanobyteOS/SolOS/build/kernel/c/hardware-io/io.o
 .bss           0x0003db80        0x5 /home/zack/Programming/NanobyteOS/SolOS/build/kernel/c/keyboard/keyboard.o
                0x0003db80                g_ControlKeyStates
                0x0003db84                g_E0_Received
 *fill*         0x0003db85        0x3 
 .bss           0x0003db88        0x8 /home/zack/Programming/NanobyteOS/SolOS/build/kernel/c/memory-manager/FMM.o
                0x0003db88                g_KernelDMAAddress
                0x0003db8c                g_KernelDMAPhysicalAddress
 *fill*         0x0003db90       0x10 
 .bss           0x0003dba0    0x2063c /home/zack/Programming/NanobyteOS/SolOS/build/kernel/c/memory-manager/PMM.o
                0x0003dba0                g_MemoryMap
                0x0003dec0                g_UsableMemoryMap
                0x0003e1e0                g_BitmapWedges
                0x0003e200                g_Bitmap
 .bss           0x0005e1dc       0x10 /home/zack/Programming/NanobyteOS/SolOS/build/kernel/c/memory-manager/VMM.o
                0x0005e1dc                g_PageDirectoryAddress
                0x0005e1e0                g_WorkingPageTable
                0x0005e1e4                g_KernelPageTable
                0x0005e1e8                g_KernelDMAVirtualAddress
 .bss           0x0005e1ec        0x0 /home/zack/Programming/NanobyteOS/SolOS/build/kernel/c/proc/load.o
 *fill*         0x0005e1ec       0x14 
 .bss           0x0005e200     0x6f70 /home/zack/Programming/NanobyteOS/SolOS/build/kernel/c/proc/proc.o
                0x0005e200                g_running
                0x0005e204                g_queue
                0x0005e208                g_sleeping_list
                0x0005e20c                g_GoToKernel
                0x0005e20d                g_KillRunning
                0x0005e20e                g_SleepRunning
                0x0005e220                g_KernelContext
                0x0005e260                g_SavedESP
                0x0005e264                g_time_since_switch
                0x0005e268                g_PIDCounter
                0x0005e280                g_Processes
 *fill*         0x00065170       0x10 
 .bss           0x00065180       0x6c /home/zack/Programming/NanobyteOS/SolOS/build/kernel/c/arch/x86/gdt.o
                0x00065180                g_TSS
 *fill*         0x000651ec       0x14 
 .bss           0x00065200      0x800 /home/zack/Programming/NanobyteOS/SolOS/build/kernel/c/arch/x86/idt.o
                0x00065200                g_IDT
 .bss           0x00065a00       0x40 /home/zack/Programming/NanobyteOS/SolOS/build/kernel/c/arch/x86/irq.o
                0x00065a00                g_IRQHandlers
 .bss           0x00065a40      0x400 /home/zack/Programming/NanobyteOS/SolOS/build/kernel/c/arch/x86/isr.o
                0x00065a40                g_ISRHandlers
 .bss           0x00065e40        0xc /home/zack/Programming/NanobyteOS/SolOS/build/kernel/c/arch/x86/PIC8259.o
                0x00065e40                PIC_ICW1
                0x00065e44                PIC_ICW4
                0x00065e48                PIC_CMD
 .bss           0x00065e4c        0x0 /home/zack/opt/cross/lib/gcc/i686-elf/12.1.0//libgcc.a(_udivdi3.o)
 .bss           0x00065e4c        0x0 /home/zack/opt/cross/lib/gcc/i686-elf/12.1.0//libgcc.a(_umoddi3.o)
LOAD /home/zack/Programming/NanobyteOS/SolOS/build/kernel/s/main.o
LOAD /home/zack/Programming/NanobyteOS/SolOS/build/kernel/s/syscall.o
LOAD /home/zack/Programming/NanobyteOS/SolOS/build/kernel/s/hardware-io/io.o
LOAD /home/zack/Programming/NanobyteOS/SolOS/build/kernel/s/memory-manager/VMM.o
LOAD /home/zack/Programming/NanobyteOS/SolOS/build/kernel/s/proc/proc.o
LOAD /home/zack/Programming/NanobyteOS/SolOS/build/kernel/s/arch/x86/gdt.o
LOAD /home/zack/Programming/NanobyteOS/SolOS/build/kernel/s/arch/x86/idt.o
LOAD /home/zack/Programming/NanobyteOS/SolOS/build/kernel/s/arch/x86/isr.o
LOAD /home/zack/Programming/NanobyteOS/SolOS/build/kernel/s/arch/x86/PIT8254.o
LOAD /home/zack/Programming/NanobyteOS/SolOS/build/kernel/c/CLI.o
LOAD /home/zack/Programming/NanobyteOS/SolOS/build/kernel/c/ctype.o
LOAD /home/zack/Programming/NanobyteOS/SolOS/build/kernel/c/delay.o
LOAD /home/zack/Programming/NanobyteOS/SolOS/build/kernel/c/file.o
LOAD /home/zack/Programming/NanobyteOS/SolOS/build/kernel/c/kernel.o
LOAD /home/zack/Programming/NanobyteOS/SolOS/build/kernel/c/memory.o
LOAD /home/zack/Programming/NanobyteOS/SolOS/build/kernel/c/stdio.o
LOAD /home/zack/Programming/NanobyteOS/SolOS/build/kernel/c/string.o
LOAD /home/zack/Programming/NanobyteOS/SolOS/build/kernel/c/syscall.o
LOAD /home/zack/Programming/NanobyteOS/SolOS/build/kernel/c/disk/floppy.o
LOAD /home/zack/Programming/NanobyteOS/SolOS/build/kernel/c/display/kinter.o
LOAD /home/zack/Programming/NanobyteOS/SolOS/build/kernel/c/display/VGA.o
LOAD /home/zack/Programming/NanobyteOS/SolOS/build/kernel/c/filesys/drive.o
LOAD /home/zack/Programming/NanobyteOS/SolOS/build/kernel/c/filesys/fat12.o
LOAD /home/zack/Programming/NanobyteOS/SolOS/build/kernel/c/HAL/hal.o
LOAD /home/zack/Programming/NanobyteOS/SolOS/build/kernel/c/hardware-io/io.o
LOAD /home/zack/Programming/NanobyteOS/SolOS/build/kernel/c/keyboard/keyboard.o
LOAD /home/zack/Programming/NanobyteOS/SolOS/build/kernel/c/memory-manager/FMM.o
LOAD /home/zack/Programming/NanobyteOS/SolOS/build/kernel/c/memory-manager/PMM.o
LOAD /home/zack/Programming/NanobyteOS/SolOS/build/kernel/c/memory-manager/VMM.o
LOAD /home/zack/Programming/NanobyteOS/SolOS/build/kernel/c/proc/load.o
LOAD /home/zack/Programming/NanobyteOS/SolOS/build/kernel/c/proc/proc.o
LOAD /home/zack/Programming/NanobyteOS/SolOS/build/kernel/c/arch/x86/gdt.o
LOAD /home/zack/Programming/NanobyteOS/SolOS/build/kernel/c/arch/x86/idt.o
LOAD /home/zack/Programming/NanobyteOS/SolOS/build/kernel/c/arch/x86/irq.o
LOAD /home/zack/Programming/NanobyteOS/SolOS/build/kernel/c/arch/x86/isr.o
LOAD /home/zack/Programming/NanobyteOS/SolOS/build/kernel/c/arch/x86/PIC8259.o
LOAD /home/zack/opt/cross/lib/gcc/i686-elf/12.1.0//libgcc.a
OUTPUT(/home/zack/Programming/NanobyteOS/SolOS/build/kernel.bin binary)

.comment        0x00000000      0x227
 .comment       0x00000000       0x13 /home/zack/Programming/NanobyteOS/SolOS/build/kernel/c/CLI.o
 .comment       0x00000013       0x13 /home/zack/Programming/NanobyteOS/SolOS/build/kernel/c/ctype.o
 .comment       0x00000026       0x13 /home/zack/Programming/NanobyteOS/SolOS/build/kernel/c/delay.o
 .comment       0x00000039       0x13 /home/zack/Programming/NanobyteOS/SolOS/build/kernel/c/file.o
 .comment       0x0000004c       0x13 /home/zack/Programming/NanobyteOS/SolOS/build/kernel/c/kernel.o
 .comment       0x0000005f       0x13 /home/zack/Programming/NanobyteOS/SolOS/build/kernel/c/memory.o
 .comment       0x00000072       0x13 /home/zack/Programming/NanobyteOS/SolOS/build/kernel/c/stdio.o
 .comment       0x00000085       0x13 /home/zack/Programming/NanobyteOS/SolOS/build/kernel/c/string.o
 .comment       0x00000098       0x13 /home/zack/Programming/NanobyteOS/SolOS/build/kernel/c/syscall.o
 .comment       0x000000ab       0x13 /home/zack/Programming/NanobyteOS/SolOS/build/kernel/c/disk/floppy.o
 .comment       0x000000be       0x13 /home/zack/Programming/NanobyteOS/SolOS/build/kernel/c/display/kinter.o
 .comment       0x000000d1       0x13 /home/zack/Programming/NanobyteOS/SolOS/build/kernel/c/display/VGA.o
 .comment       0x000000e4       0x13 /home/zack/Programming/NanobyteOS/SolOS/build/kernel/c/filesys/drive.o
 .comment       0x000000f7       0x13 /home/zack/Programming/NanobyteOS/SolOS/build/kernel/c/filesys/fat12.o
 .comment       0x0000010a       0x13 /home/zack/Programming/NanobyteOS/SolOS/build/kernel/c/HAL/hal.o
 .comment       0x0000011d       0x13 /home/zack/Programming/NanobyteOS/SolOS/build/kernel/c/hardware-io/io.o
 .comment       0x00000130       0x13 /home/zack/Programming/NanobyteOS/SolOS/build/kernel/c/keyboard/keyboard.o
 .comment       0x00000143       0x13 /home/zack/Programming/NanobyteOS/SolOS/build/kernel/c/memory-manager/FMM.o
 .comment       0x00000156       0x13 /home/zack/Programming/NanobyteOS/SolOS/build/kernel/c/memory-manager/PMM.o
 .comment       0x00000169       0x13 /home/zack/Programming/NanobyteOS/SolOS/build/kernel/c/memory-manager/VMM.o
 .comment       0x0000017c       0x13 /home/zack/Programming/NanobyteOS/SolOS/build/kernel/c/proc/load.o
 .comment       0x0000018f       0x13 /home/zack/Programming/NanobyteOS/SolOS/build/kernel/c/proc/proc.o
 .comment       0x000001a2       0x13 /home/zack/Programming/NanobyteOS/SolOS/build/kernel/c/arch/x86/gdt.o
 .comment       0x000001b5       0x13 /home/zack/Programming/NanobyteOS/SolOS/build/kernel/c/arch/x86/idt.o
 .comment       0x000001c8       0x13 /home/zack/Programming/NanobyteOS/SolOS/build/kernel/c/arch/x86/irq.o
 .comment       0x000001db       0x13 /home/zack/Programming/NanobyteOS/SolOS/build/kernel/c/arch/x86/isr.o
 .comment       0x000001ee       0x13 /home/zack/Programming/NanobyteOS/SolOS/build/kernel/c/arch/x86/PIC8259.o
 .comment       0x00000201       0x13 /home/zack/opt/cross/lib/gcc/i686-elf/12.1.0//libgcc.a(_udivdi3.o)
 .comment       0x00000214       0x13 /home/zack/opt/cross/lib/gcc/i686-elf/12.1.0//libgcc.a(_umoddi3.o)

.debug_info     0x00000000      0x66b
 .debug_info    0x00000000      0x326 /home/zack/opt/cross/lib/gcc/i686-elf/12.1.0//libgcc.a(_udivdi3.o)
 .debug_info    0x00000326      0x345 /home/zack/opt/cross/lib/gcc/i686-elf/12.1.0//libgcc.a(_umoddi3.o)

.debug_abbrev   0x00000000      0x2e0
 .debug_abbrev  0x00000000      0x165 /home/zack/opt/cross/lib/gcc/i686-elf/12.1.0//libgcc.a(_udivdi3.o)
 .debug_abbrev  0x00000165      0x17b /home/zack/opt/cross/lib/gcc/i686-elf/12.1.0//libgcc.a(_umoddi3.o)

.debug_loclists
                0x00000000      0x7be
 .debug_loclists
                0x00000000      0x40a /home/zack/opt/cross/lib/gcc/i686-elf/12.1.0//libgcc.a(_udivdi3.o)
 .debug_loclists
                0x0000040a      0x3b4 /home/zack/opt/cross/lib/gcc/i686-elf/12.1.0//libgcc.a(_umoddi3.o)

.debug_aranges  0x00000000       0x40
 .debug_aranges
                0x00000000       0x20 /home/zack/opt/cross/lib/gcc/i686-elf/12.1.0//libgcc.a(_udivdi3.o)
 .debug_aranges
                0x00000020       0x20 /home/zack/opt/cross/lib/gcc/i686-elf/12.1.0//libgcc.a(_umoddi3.o)

.debug_rnglists
                0x00000000       0x49
 .debug_rnglists
                0x00000000       0x2a /home/zack/opt/cross/lib/gcc/i686-elf/12.1.0//libgcc.a(_udivdi3.o)
 .debug_rnglists
                0x0000002a       0x1f /home/zack/opt/cross/lib/gcc/i686-elf/12.1.0//libgcc.a(_umoddi3.o)

.debug_line     0x00000000      0x347
 .debug_line    0x00000000      0x179 /home/zack/opt/cross/lib/gcc/i686-elf/12.1.0//libgcc.a(_udivdi3.o)
 .debug_line    0x00000179      0x1ce /home/zack/opt/cross/lib/gcc/i686-elf/12.1.0//libgcc.a(_umoddi3.o)

.debug_str      0x00000000      0x3c6
 .debug_str     0x00000000      0x1e3 /home/zack/opt/cross/lib/gcc/i686-elf/12.1.0//libgcc.a(_udivdi3.o)
 .debug_str     0x000001e3      0x1e3 /home/zack/opt/cross/lib/gcc/i686-elf/12.1.0//libgcc.a(_umoddi3.o)

.debug_line_str
                0x00000000      0x170
 .debug_line_str
                0x00000000       0xb8 /home/zack/opt/cross/lib/gcc/i686-elf/12.1.0//libgcc.a(_udivdi3.o)
 .debug_line_str
                0x000000b8       0xb8 /home/zack/opt/cross/lib/gcc/i686-elf/12.1.0//libgcc.a(_umoddi3.o)
