Archive member included to satisfy reference by file (symbol)

/home/zack/opt/cross/lib/gcc/i686-elf/12.1.0//libgcc.a(_udivdi3.o)
                              /home/zack/Programming/NanobyteOS/SolOS/build/kernel/c/stdio.o (__udivdi3)
/home/zack/opt/cross/lib/gcc/i686-elf/12.1.0//libgcc.a(_umoddi3.o)
                              /home/zack/Programming/NanobyteOS/SolOS/build/kernel/c/stdio.o (__umoddi3)

There are no discarded input sections

Memory Configuration

Name             Origin             Length             Attributes
RAM              0x00030000         0x00050000         xrw
*default*        0x00000000         0xffffffff

Linker script and memory map

                0x00030000                        . = 0x30000

.text           0x00030000     0x8496
 *(.text)
 .text          0x00030000       0x28 /home/zack/Programming/NanobyteOS/SolOS/build/kernel/s/main.o
                0x00030000                kernel_start
 .text          0x00030028       0x25 /home/zack/Programming/NanobyteOS/SolOS/build/kernel/s/hardware-io/io.o
                0x00030028                i686_outb
                0x00030033                i686_outw
                0x00030040                i686_inb
                0x00030049                i686_EnableInterrupts
                0x0003004b                i686_DisableInterrupts
 *fill*         0x0003004d        0x3 
 .text          0x00030050       0x2d /home/zack/Programming/NanobyteOS/SolOS/build/kernel/s/memory-manager/VMM.o
                0x00030050                VMM_EnablePaging
                0x0003006e                VMM_InvalidatePage
                0x00030076                VMM_InvalidateTLB
 *fill*         0x0003007d        0x3 
 .text          0x00030080        0x6 /home/zack/Programming/NanobyteOS/SolOS/build/kernel/s/proc/proc.o
                0x00030080                i686_call
 *fill*         0x00030086        0x2 
 .text          0x00030088       0x3f /home/zack/Programming/NanobyteOS/SolOS/build/kernel/s/arch/x86/gdt.o
                0x00030088                i686_GDT_Load
 *fill*         0x000300c7        0x1 
 .text          0x000300c8        0xd /home/zack/Programming/NanobyteOS/SolOS/build/kernel/s/arch/x86/idt.o
                0x000300c8                i686_IDT_Load
 *fill*         0x000300d5        0x3 
 .text          0x000300d8      0xa75 /home/zack/Programming/NanobyteOS/SolOS/build/kernel/s/arch/x86/isr.o
                0x000300d8                i686_ISR0
                0x000300e1                i686_ISR1
                0x000300ea                i686_ISR2
                0x000300f3                i686_ISR3
                0x000300fc                i686_ISR4
                0x00030105                i686_ISR5
                0x0003010e                i686_ISR6
                0x00030117                i686_ISR7
                0x00030120                i686_ISR8
                0x00030127                i686_ISR9
                0x00030130                i686_ISR10
                0x00030137                i686_ISR11
                0x0003013e                i686_ISR12
                0x00030145                i686_ISR13
                0x0003014c                i686_ISR14
                0x00030153                i686_ISR15
                0x0003015c                i686_ISR16
                0x00030165                i686_ISR17
                0x0003016c                i686_ISR18
                0x00030175                i686_ISR19
                0x0003017e                i686_ISR20
                0x00030187                i686_ISR21
                0x0003018e                i686_ISR22
                0x00030197                i686_ISR23
                0x000301a0                i686_ISR24
                0x000301a9                i686_ISR25
                0x000301b2                i686_ISR26
                0x000301bb                i686_ISR27
                0x000301c4                i686_ISR28
                0x000301cd                i686_ISR29
                0x000301d4                i686_ISR30
                0x000301db                i686_ISR31
                0x000301e4                i686_ISR32
                0x000301ed                i686_ISR33
                0x000301f6                i686_ISR34
                0x000301ff                i686_ISR35
                0x00030208                i686_ISR36
                0x00030211                i686_ISR37
                0x0003021a                i686_ISR38
                0x00030223                i686_ISR39
                0x0003022c                i686_ISR40
                0x00030235                i686_ISR41
                0x0003023e                i686_ISR42
                0x00030247                i686_ISR43
                0x00030250                i686_ISR44
                0x00030259                i686_ISR45
                0x00030262                i686_ISR46
                0x0003026b                i686_ISR47
                0x00030274                i686_ISR48
                0x0003027d                i686_ISR49
                0x00030286                i686_ISR50
                0x0003028f                i686_ISR51
                0x00030298                i686_ISR52
                0x000302a1                i686_ISR53
                0x000302aa                i686_ISR54
                0x000302b3                i686_ISR55
                0x000302bc                i686_ISR56
                0x000302c5                i686_ISR57
                0x000302ce                i686_ISR58
                0x000302d7                i686_ISR59
                0x000302e0                i686_ISR60
                0x000302e9                i686_ISR61
                0x000302f2                i686_ISR62
                0x000302fb                i686_ISR63
                0x00030304                i686_ISR64
                0x0003030d                i686_ISR65
                0x00030316                i686_ISR66
                0x0003031f                i686_ISR67
                0x00030328                i686_ISR68
                0x00030331                i686_ISR69
                0x0003033a                i686_ISR70
                0x00030343                i686_ISR71
                0x0003034c                i686_ISR72
                0x00030355                i686_ISR73
                0x0003035e                i686_ISR74
                0x00030367                i686_ISR75
                0x00030370                i686_ISR76
                0x00030379                i686_ISR77
                0x00030382                i686_ISR78
                0x0003038b                i686_ISR79
                0x00030394                i686_ISR80
                0x0003039d                i686_ISR81
                0x000303a6                i686_ISR82
                0x000303af                i686_ISR83
                0x000303b8                i686_ISR84
                0x000303c1                i686_ISR85
                0x000303ca                i686_ISR86
                0x000303d3                i686_ISR87
                0x000303dc                i686_ISR88
                0x000303e5                i686_ISR89
                0x000303ee                i686_ISR90
                0x000303f7                i686_ISR91
                0x00030400                i686_ISR92
                0x00030409                i686_ISR93
                0x00030412                i686_ISR94
                0x0003041b                i686_ISR95
                0x00030424                i686_ISR96
                0x0003042d                i686_ISR97
                0x00030436                i686_ISR98
                0x0003043f                i686_ISR99
                0x00030448                i686_ISR100
                0x00030451                i686_ISR101
                0x0003045a                i686_ISR102
                0x00030463                i686_ISR103
                0x0003046c                i686_ISR104
                0x00030475                i686_ISR105
                0x0003047e                i686_ISR106
                0x00030487                i686_ISR107
                0x00030490                i686_ISR108
                0x00030499                i686_ISR109
                0x000304a2                i686_ISR110
                0x000304ab                i686_ISR111
                0x000304b4                i686_ISR112
                0x000304bd                i686_ISR113
                0x000304c6                i686_ISR114
                0x000304cf                i686_ISR115
                0x000304d8                i686_ISR116
                0x000304e1                i686_ISR117
                0x000304ea                i686_ISR118
                0x000304f3                i686_ISR119
                0x000304fc                i686_ISR120
                0x00030505                i686_ISR121
                0x0003050e                i686_ISR122
                0x00030517                i686_ISR123
                0x00030520                i686_ISR124
                0x00030529                i686_ISR125
                0x00030532                i686_ISR126
                0x0003053b                i686_ISR127
                0x00030544                i686_ISR128
                0x00030550                i686_ISR129
                0x0003055c                i686_ISR130
                0x00030568                i686_ISR131
                0x00030574                i686_ISR132
                0x00030580                i686_ISR133
                0x0003058c                i686_ISR134
                0x00030598                i686_ISR135
                0x000305a4                i686_ISR136
                0x000305b0                i686_ISR137
                0x000305bc                i686_ISR138
                0x000305c8                i686_ISR139
                0x000305d4                i686_ISR140
                0x000305e0                i686_ISR141
                0x000305ec                i686_ISR142
                0x000305f8                i686_ISR143
                0x00030604                i686_ISR144
                0x00030610                i686_ISR145
                0x0003061c                i686_ISR146
                0x00030628                i686_ISR147
                0x00030634                i686_ISR148
                0x00030640                i686_ISR149
                0x0003064c                i686_ISR150
                0x00030658                i686_ISR151
                0x00030664                i686_ISR152
                0x00030670                i686_ISR153
                0x0003067c                i686_ISR154
                0x00030688                i686_ISR155
                0x00030694                i686_ISR156
                0x000306a0                i686_ISR157
                0x000306ac                i686_ISR158
                0x000306b8                i686_ISR159
                0x000306c4                i686_ISR160
                0x000306d0                i686_ISR161
                0x000306dc                i686_ISR162
                0x000306e8                i686_ISR163
                0x000306f4                i686_ISR164
                0x00030700                i686_ISR165
                0x0003070c                i686_ISR166
                0x00030718                i686_ISR167
                0x00030724                i686_ISR168
                0x00030730                i686_ISR169
                0x0003073c                i686_ISR170
                0x00030748                i686_ISR171
                0x00030754                i686_ISR172
                0x00030760                i686_ISR173
                0x0003076c                i686_ISR174
                0x00030778                i686_ISR175
                0x00030784                i686_ISR176
                0x00030790                i686_ISR177
                0x0003079c                i686_ISR178
                0x000307a8                i686_ISR179
                0x000307b4                i686_ISR180
                0x000307c0                i686_ISR181
                0x000307cc                i686_ISR182
                0x000307d8                i686_ISR183
                0x000307e4                i686_ISR184
                0x000307f0                i686_ISR185
                0x000307fc                i686_ISR186
                0x00030808                i686_ISR187
                0x00030814                i686_ISR188
                0x00030820                i686_ISR189
                0x0003082c                i686_ISR190
                0x00030838                i686_ISR191
                0x00030844                i686_ISR192
                0x00030850                i686_ISR193
                0x0003085c                i686_ISR194
                0x00030868                i686_ISR195
                0x00030874                i686_ISR196
                0x00030880                i686_ISR197
                0x0003088c                i686_ISR198
                0x00030898                i686_ISR199
                0x000308a4                i686_ISR200
                0x000308b0                i686_ISR201
                0x000308bc                i686_ISR202
                0x000308c8                i686_ISR203
                0x000308d4                i686_ISR204
                0x000308e0                i686_ISR205
                0x000308ec                i686_ISR206
                0x000308f8                i686_ISR207
                0x00030904                i686_ISR208
                0x00030910                i686_ISR209
                0x0003091c                i686_ISR210
                0x00030928                i686_ISR211
                0x00030934                i686_ISR212
                0x00030940                i686_ISR213
                0x0003094c                i686_ISR214
                0x00030958                i686_ISR215
                0x00030964                i686_ISR216
                0x00030970                i686_ISR217
                0x0003097c                i686_ISR218
                0x00030988                i686_ISR219
                0x00030994                i686_ISR220
                0x000309a0                i686_ISR221
                0x000309ac                i686_ISR222
                0x000309b8                i686_ISR223
                0x000309c4                i686_ISR224
                0x000309d0                i686_ISR225
                0x000309dc                i686_ISR226
                0x000309e8                i686_ISR227
                0x000309f4                i686_ISR228
                0x00030a00                i686_ISR229
                0x00030a0c                i686_ISR230
                0x00030a18                i686_ISR231
                0x00030a24                i686_ISR232
                0x00030a30                i686_ISR233
                0x00030a3c                i686_ISR234
                0x00030a48                i686_ISR235
                0x00030a54                i686_ISR236
                0x00030a60                i686_ISR237
                0x00030a6c                i686_ISR238
                0x00030a78                i686_ISR239
                0x00030a84                i686_ISR240
                0x00030a90                i686_ISR241
                0x00030a99                i686_ISR242
                0x00030aa2                i686_ISR243
                0x00030aab                i686_ISR244
                0x00030ab4                i686_ISR245
                0x00030abd                i686_ISR246
                0x00030ac6                i686_ISR247
                0x00030acf                i686_ISR248
                0x00030ad8                i686_ISR249
                0x00030ae1                i686_ISR250
                0x00030aea                i686_ISR251
                0x00030af3                i686_ISR252
                0x00030afc                i686_ISR253
                0x00030b05                i686_ISR254
                0x00030b0e                i686_ISR255
                0x00030b41                i686_DisablePaging
 *fill*         0x00030b4d        0x3 
 .text          0x00030b50       0x14 /home/zack/Programming/NanobyteOS/SolOS/build/kernel/s/arch/x86/PIT8254.o
                0x00030b50                i686_PIT_Initialize
 .text          0x00030b64      0x7c9 /home/zack/Programming/NanobyteOS/SolOS/build/kernel/c/CLI.o
                0x00030b64                GetCMD
                0x00030c31                RegisterCMDHandler
                0x00030c44                EXEC
                0x00030d11                LS
                0x00030daa                CD
                0x00030fbc                CAT
                0x0003111f                CLI_Mainloop
 .text          0x0003132d       0x55 /home/zack/Programming/NanobyteOS/SolOS/build/kernel/c/ctype.o
                0x0003132d                islower
                0x00031356                toupper
 .text          0x00031382       0x67 /home/zack/Programming/NanobyteOS/SolOS/build/kernel/c/delay.o
                0x00031382                ActiveContextTimerSleepHook
                0x000313ae                sleep
 .text          0x000313e9      0x199 /home/zack/Programming/NanobyteOS/SolOS/build/kernel/c/kernel.o
                0x000313e9                setup_timer
                0x000313ef                timer
                0x00031422                kernel_main
 .text          0x00031582       0xf5 /home/zack/Programming/NanobyteOS/SolOS/build/kernel/c/memory.o
                0x00031582                memcpy
                0x000315d4                memset
                0x00031617                memcmp
 .text          0x00031677      0xe86 /home/zack/Programming/NanobyteOS/SolOS/build/kernel/c/stdio.o
                0x00031677                initialize_stdio
                0x000316c9                GetActiveContext
                0x000316d3                GetSTDOUT
                0x000316dd                GetSTDIN
                0x000316e7                GetSTDERR
                0x000316f1                STD_PutBuffer
                0x00031726                STD_GetBuffer
                0x00031767                STD_FlushSTDOUT
                0x000317b0                STD_FlushSTDIN
                0x000317e3                STD_FlushSTDERR
                0x00031816                ActiveContextTimerCursorHook
                0x00031833                ActiveContextKeyboardHook
                0x000318fc                CFG_EnableCursorBlinking
                0x0003190b                CFG_DisableCursorBlinking
                0x0003191a                CFG_SetCursorChar
                0x00031935                __STD_Putc
                0x00031968                __STD_Puts
                0x00031991                printf_unsigned
                0x00031a44                printf_signed
                0x00031a9e                printf
                0x00031dc1                hex_to_dec
                0x00031e59                scanf
                0x00032445                getline
 .text          0x000324fd       0xb6 /home/zack/Programming/NanobyteOS/SolOS/build/kernel/c/string.o
                0x000324fd                strchr
                0x0003253b                strcpy
                0x0003258d                strlen
 .text          0x000325b3       0x45 /home/zack/Programming/NanobyteOS/SolOS/build/kernel/c/syscall.o
                0x000325b3                SyscallEntrypoint
 .text          0x000325f8      0xabb /home/zack/Programming/NanobyteOS/SolOS/build/kernel/c/disk/floppy.o
                0x000325f8                GetCommandParamCount
                0x00032651                GetCommandAwaitIRQ6
                0x000326aa                GetCommandReturnCount
                0x00032703                DISK_Floppy_GetSectorAddr
                0x0003271f                DISK_Floppy_IRQ6Handler
                0x0003272c                lba2chs
                0x000327a0                WaitForIRQ6
                0x000327ca                WaitForFIFO
                0x00032806                PrepareDMAForTransfer
                0x000328d0                PrepareDMAForWrite
                0x00032920                PrepareDMAForRead
                0x000329f9                FDC_SetBit
                0x00032a6c                DISK_Floppy_Reset
                0x00032af9                DISK_Floppy_Initialize
                0x00032bcc                DISK_Floppy_IssueCommand
                0x00032db7                DISK_Floppy_ReadSector
                0x00032e98                DISK_Floppy_ReadSectors
                0x00032f95                DISK_Floppy_ReadSectorsTo
 .text          0x000330b3      0xbd3 /home/zack/Programming/NanobyteOS/SolOS/build/kernel/c/display/kinter.o
                0x000330b3                KI_VGACoordTransform
                0x00033134                KI_DisableBlinking
                0x00033141                KI_EnableBlinking
                0x0003314e                KI_DrawCursor
                0x00033219                KI_CursorHook
                0x00033254                KI_Initialize
                0x00033392                KI_Clear
                0x00033428                KI_DrawBorder
                0x000337d0                KI_UpdateLineScrolling
                0x0003392e                KI_Putc
                0x00033c06                KI_Puts
                0x00033c38                KI_BadSizeError
                0x00033c6f                KI_TextOverflowError
 .text          0x00033c86      0x276 /home/zack/Programming/NanobyteOS/SolOS/build/kernel/c/display/VGA.o
                0x00033c86                VGA_ColorData
                0x00033c98                VGA_Initialize
                0x00033cde                VGA_ClearScreen
                0x00033d5f                VGA_SetChar
                0x00033dbf                VGA_SetCursorPos
                0x00033df4                VGA_Print
                0x00033e78                VGA_Write
 .text          0x00033efc      0x7dd /home/zack/Programming/NanobyteOS/SolOS/build/kernel/c/filesys/fat12.o
                0x00033efc                FAT12_ReadSector
                0x00033f34                FAT12_LoadFATSector
                0x00033f74                FAT12_Initialize
                0x0003409f                FAT12_OpenEntry
                0x00034184                FAT12_Cluster2Sector
                0x00034197                FAT12_NextCluster
                0x0003420b                FAT12_Read
                0x0003438c                FAT12_ReadEntry
                0x000343ad                FAT12_Close
                0x000343e3                FAT12_FindFile
                0x00034593                FAT12_Open
 .text          0x000346d9       0x22 /home/zack/Programming/NanobyteOS/SolOS/build/kernel/c/HAL/hal.o
                0x000346d9                HAL_Initialize
 .text          0x000346fb       0x1b /home/zack/Programming/NanobyteOS/SolOS/build/kernel/c/hardware-io/io.o
                0x000346fb                i686_iowait
 .text          0x00034716      0x1a2 /home/zack/Programming/NanobyteOS/SolOS/build/kernel/c/keyboard/keyboard.o
                0x00034716                GetQWERTYCTRLMakeKeyCode
                0x00034773                GetQWERTYCTRLClearKeyCode
                0x000347e0                Keyboard_Handler
 .text          0x000348b8      0x4ad /home/zack/Programming/NanobyteOS/SolOS/build/kernel/c/memory-manager/FMM.o
                0x000348b8                FMM_GetDMAAddress
                0x000348c2                FMM_GetDMAPhysAddress
                0x000348cc                FMM_Initialize
                0x00034961                PageFaultHandler
                0x00034a42                FMM_FreeBlocksAt
                0x00034adb                FMM_ClearMapping
                0x00034b6d                FMM_FreeBlocks
                0x00034b87                FMM_AllocateBlocks
                0x00034b9d                FMM_CreateUserMapping
                0x00034c6e                FMM_CreateMapping
 .text          0x00034d65      0xac8 /home/zack/Programming/NanobyteOS/SolOS/build/kernel/c/memory-manager/PMM.o
                0x00034d65                PMM_Initialize
                0x000350d9                PMM_GetBitmapData
                0x000350fd                PMM_SetBitmapData
                0x0003515a                PMM_PrintUsableRegionInfo
                0x000351de                PMM_BlockIndex2PhysicalAddress
                0x000352c5                PMM_PhysicalAddress2BlockIndex
                0x000353a2                PMM_DEBUG_PrintWedges
                0x00035428                PMM_FirstFitSearch
                0x00035502                PMM_AllocateBlocks
                0x0003564a                PMM_FreeBlocks
                0x00035763                PMM_ForceFreeBlocks
 .text          0x0003582d      0x81d /home/zack/Programming/NanobyteOS/SolOS/build/kernel/c/memory-manager/VMM.o
                0x0003582d                VMM_GetDMAAddress
                0x00035837                VMM_GetWorkingPageTableAddr
                0x00035841                VMM_VirtualAddress2PageIndices
                0x00035866                VMM_PageIndices2VirtualAddress
                0x0003587b                VMM_VirtualAddress2PhysicalAddress
                0x000358ca                VMM_CreatePageDirectoryEntry
                0x00035915                VMM_GetPageDirectoryEntryAVL
                0x0003591f                VMM_SetPageDirectoryEntryAVL
                0x0003592e                VMM_CreatePageTableEntry
                0x0003597f                VMM_GetPageTableEntryAVL
                0x00035989                VMM_SetPageTableEntryAVL
                0x00035998                VMM_GetActivePageTableEntryCount
                0x00035a0e                VMM_SetActivePageTableEntryCount
                0x00035aa7                VMM_Initialize
                0x00035cca                VMM_SetWorkingPageTable
                0x00035d28                VMM_LoadTableForAddress
                0x00035d7f                VMM_GetTableForAddress
                0x00035dd1                VMM_CreateTableForAddress
                0x00035e43                VMM_GetPageForAddress
                0x00035eca                VMM_CreatePageForAddress
                0x00035f72                VMM_ClearMappingForAddress
 .text          0x0003604a      0x49b /home/zack/Programming/NanobyteOS/SolOS/build/kernel/c/proc/load.o
                0x0003604a                LoadProc
 .text          0x000364e5      0x2d2 /home/zack/Programming/NanobyteOS/SolOS/build/kernel/c/proc/proc.o
                0x000364e5                SetContext
                0x00036551                CreateMappingForRegion
                0x0003659e                FreeRegion
                0x000365e3                AllocateMemoryRegion
                0x00036618                TerminateProcess
                0x00036666                ExecProc
                0x00036752                SchedulerHook
 .text          0x000367b7       0x1d /home/zack/Programming/NanobyteOS/SolOS/build/kernel/c/arch/x86/gdt.o
                0x000367b7                i686_GDT_Initialize
 .text          0x000367d4       0xba /home/zack/Programming/NanobyteOS/SolOS/build/kernel/c/arch/x86/idt.o
                0x000367d4                i686_IDT_SetGate
                0x00036835                i686_IDT_EnableGate
                0x00036855                i686_IDT_DisableGate
                0x00036875                i686_IDT_Initialize
 .text          0x0003688e       0xcc /home/zack/Programming/NanobyteOS/SolOS/build/kernel/c/arch/x86/irq.o
                0x0003688e                i686_IRQ_Handler
                0x00036900                i686_IRQ_Initialize
                0x00036947                i686_IRQ_RegisterHandler
 .text          0x0003695a     0x1630 /home/zack/Programming/NanobyteOS/SolOS/build/kernel/c/arch/x86/isr.o
                0x0003695a                i686_ISR_Initialize
                0x00037e17                i686_ISR_RegisterHandler
                0x00037e3b                i686_ISR_Handler
 .text          0x00037f8a      0x2b6 /home/zack/Programming/NanobyteOS/SolOS/build/kernel/c/arch/x86/PIC8259.o
                0x00037f8a                i686_PIC_Configure
                0x0003807c                i686_PIC_SendEndOfInterrupt
                0x000380ac                i686_PIC_Disable
                0x000380e6                i686_PIC_Mask
                0x0003813a                i686_PIC_Unmask
                0x00038190                i686_PIC_ReadIrqRequestRegister
                0x000381e8                i686_PIC_ReadInServiceRegister
 .text          0x00038240      0x11a /home/zack/opt/cross/lib/gcc/i686-elf/12.1.0//libgcc.a(_udivdi3.o)
                0x00038240                __udivdi3
 *fill*         0x0003835a        0x6 
 .text          0x00038360      0x136 /home/zack/opt/cross/lib/gcc/i686-elf/12.1.0//libgcc.a(_umoddi3.o)
                0x00038360                __umoddi3

.rodata         0x000384a0      0xce8
 *(.rodata)
 .rodata        0x000384a0       0xd2 /home/zack/Programming/NanobyteOS/SolOS/build/kernel/c/CLI.o
 *fill*         0x00038572        0x2 
 .rodata        0x00038574      0x115 /home/zack/Programming/NanobyteOS/SolOS/build/kernel/c/kernel.o
 *fill*         0x00038689        0x3 
 .rodata        0x0003868c      0x2e8 /home/zack/Programming/NanobyteOS/SolOS/build/kernel/c/stdio.o
                0x0003869c                g_HexChars
 .rodata        0x00038974       0x1a /home/zack/Programming/NanobyteOS/SolOS/build/kernel/c/syscall.o
 *fill*         0x0003898e        0x2 
 .rodata        0x00038990      0x1f7 /home/zack/Programming/NanobyteOS/SolOS/build/kernel/c/disk/floppy.o
 *fill*         0x00038b87        0x1 
 .rodata        0x00038b88       0x37 /home/zack/Programming/NanobyteOS/SolOS/build/kernel/c/display/kinter.o
 .rodata        0x00038bbf       0x22 /home/zack/Programming/NanobyteOS/SolOS/build/kernel/c/filesys/fat12.o
 *fill*         0x00038be1        0x3 
 .rodata        0x00038be4      0x11e /home/zack/Programming/NanobyteOS/SolOS/build/kernel/c/memory-manager/FMM.o
 *fill*         0x00038d02        0x2 
 .rodata        0x00038d04       0x5e /home/zack/Programming/NanobyteOS/SolOS/build/kernel/c/memory-manager/PMM.o
 .rodata        0x00038d62       0x1b /home/zack/Programming/NanobyteOS/SolOS/build/kernel/c/memory-manager/VMM.o
 .rodata        0x00038d7d       0x44 /home/zack/Programming/NanobyteOS/SolOS/build/kernel/c/proc/proc.o
 *fill*         0x00038dc1        0x3 
 .rodata        0x00038dc4       0x25 /home/zack/Programming/NanobyteOS/SolOS/build/kernel/c/arch/x86/irq.o
 *fill*         0x00038de9       0x17 
 .rodata        0x00038e00      0x388 /home/zack/Programming/NanobyteOS/SolOS/build/kernel/c/arch/x86/isr.o

.eh_frame       0x00039188       0xd8
 .eh_frame      0x00039188       0x64 /home/zack/opt/cross/lib/gcc/i686-elf/12.1.0//libgcc.a(_udivdi3.o)
 .eh_frame      0x000391ec       0x74 /home/zack/opt/cross/lib/gcc/i686-elf/12.1.0//libgcc.a(_umoddi3.o)

.data           0x00039260      0x116
 *(.data)
 .data          0x00039260       0x4b /home/zack/Programming/NanobyteOS/SolOS/build/kernel/s/main.o
 .data          0x000392ab        0x0 /home/zack/Programming/NanobyteOS/SolOS/build/kernel/s/hardware-io/io.o
 .data          0x000392ab        0x0 /home/zack/Programming/NanobyteOS/SolOS/build/kernel/s/memory-manager/VMM.o
 .data          0x000392ab        0x0 /home/zack/Programming/NanobyteOS/SolOS/build/kernel/s/proc/proc.o
 .data          0x000392ab        0x0 /home/zack/Programming/NanobyteOS/SolOS/build/kernel/s/arch/x86/gdt.o
 .data          0x000392ab        0x0 /home/zack/Programming/NanobyteOS/SolOS/build/kernel/s/arch/x86/idt.o
 .data          0x000392ab        0x0 /home/zack/Programming/NanobyteOS/SolOS/build/kernel/s/arch/x86/isr.o
 .data          0x000392ab        0x0 /home/zack/Programming/NanobyteOS/SolOS/build/kernel/s/arch/x86/PIT8254.o
 .data          0x000392ab        0x0 /home/zack/Programming/NanobyteOS/SolOS/build/kernel/c/CLI.o
 .data          0x000392ab        0x0 /home/zack/Programming/NanobyteOS/SolOS/build/kernel/c/ctype.o
 .data          0x000392ab        0x0 /home/zack/Programming/NanobyteOS/SolOS/build/kernel/c/delay.o
 .data          0x000392ab        0x0 /home/zack/Programming/NanobyteOS/SolOS/build/kernel/c/kernel.o
 .data          0x000392ab        0x0 /home/zack/Programming/NanobyteOS/SolOS/build/kernel/c/memory.o
 .data          0x000392ab        0x0 /home/zack/Programming/NanobyteOS/SolOS/build/kernel/c/stdio.o
 .data          0x000392ab        0x0 /home/zack/Programming/NanobyteOS/SolOS/build/kernel/c/string.o
 .data          0x000392ab        0x0 /home/zack/Programming/NanobyteOS/SolOS/build/kernel/c/syscall.o
 .data          0x000392ab        0x0 /home/zack/Programming/NanobyteOS/SolOS/build/kernel/c/disk/floppy.o
 .data          0x000392ab        0x0 /home/zack/Programming/NanobyteOS/SolOS/build/kernel/c/display/kinter.o
 .data          0x000392ab        0x0 /home/zack/Programming/NanobyteOS/SolOS/build/kernel/c/display/VGA.o
 *fill*         0x000392ab        0x1 
 .data          0x000392ac        0x4 /home/zack/Programming/NanobyteOS/SolOS/build/kernel/c/filesys/fat12.o
                0x000392ac                g_FATLoaded
 .data          0x000392b0        0x0 /home/zack/Programming/NanobyteOS/SolOS/build/kernel/c/HAL/hal.o
 .data          0x000392b0        0x0 /home/zack/Programming/NanobyteOS/SolOS/build/kernel/c/hardware-io/io.o
 *fill*         0x000392b0       0x10 
 .data          0x000392c0       0x7a /home/zack/Programming/NanobyteOS/SolOS/build/kernel/c/keyboard/keyboard.o
                0x000392c0                g_QWERTY_make_scancodes_shifted
                0x00039300                g_QWERTY_make_scancodes_unshifted
 .data          0x0003933a        0x0 /home/zack/Programming/NanobyteOS/SolOS/build/kernel/c/memory-manager/FMM.o
 .data          0x0003933a        0x0 /home/zack/Programming/NanobyteOS/SolOS/build/kernel/c/memory-manager/PMM.o
 .data          0x0003933a        0x0 /home/zack/Programming/NanobyteOS/SolOS/build/kernel/c/memory-manager/VMM.o
 .data          0x0003933a        0x0 /home/zack/Programming/NanobyteOS/SolOS/build/kernel/c/proc/load.o
 *fill*         0x0003933a        0x2 
 .data          0x0003933c        0x4 /home/zack/Programming/NanobyteOS/SolOS/build/kernel/c/proc/proc.o
                0x0003933c                g_schedulingEnabled
 .data          0x00039340       0x2e /home/zack/Programming/NanobyteOS/SolOS/build/kernel/c/arch/x86/gdt.o
                0x00039340                g_GDT
                0x00039368                g_GDT_Descriptor
 *fill*         0x0003936e        0x2 
 .data          0x00039370        0x6 /home/zack/Programming/NanobyteOS/SolOS/build/kernel/c/arch/x86/idt.o
                0x00039370                g_IDTDescriptor
 .data          0x00039376        0x0 /home/zack/Programming/NanobyteOS/SolOS/build/kernel/c/arch/x86/irq.o
 .data          0x00039376        0x0 /home/zack/Programming/NanobyteOS/SolOS/build/kernel/c/arch/x86/isr.o
 .data          0x00039376        0x0 /home/zack/Programming/NanobyteOS/SolOS/build/kernel/c/arch/x86/PIC8259.o
 .data          0x00039376        0x0 /home/zack/opt/cross/lib/gcc/i686-elf/12.1.0//libgcc.a(_udivdi3.o)
 .data          0x00039376        0x0 /home/zack/opt/cross/lib/gcc/i686-elf/12.1.0//libgcc.a(_umoddi3.o)

.bss            0x00039380    0x2230c
 *(COMMON)
 *(.bss)
 .bss           0x00039380        0x0 /home/zack/Programming/NanobyteOS/SolOS/build/kernel/s/main.o
 .bss           0x00039380        0x0 /home/zack/Programming/NanobyteOS/SolOS/build/kernel/s/hardware-io/io.o
 .bss           0x00039380        0x0 /home/zack/Programming/NanobyteOS/SolOS/build/kernel/s/memory-manager/VMM.o
 .bss           0x00039380        0x0 /home/zack/Programming/NanobyteOS/SolOS/build/kernel/s/proc/proc.o
 .bss           0x00039380        0x0 /home/zack/Programming/NanobyteOS/SolOS/build/kernel/s/arch/x86/gdt.o
 .bss           0x00039380        0x0 /home/zack/Programming/NanobyteOS/SolOS/build/kernel/s/arch/x86/idt.o
 .bss           0x00039380        0x0 /home/zack/Programming/NanobyteOS/SolOS/build/kernel/s/arch/x86/isr.o
 .bss           0x00039380        0x0 /home/zack/Programming/NanobyteOS/SolOS/build/kernel/s/arch/x86/PIT8254.o
 .bss           0x00039380      0x500 /home/zack/Programming/NanobyteOS/SolOS/build/kernel/c/CLI.o
                0x00039380                g_CMDHandlers
                0x00039780                CurrentPath
 .bss           0x00039880        0x0 /home/zack/Programming/NanobyteOS/SolOS/build/kernel/c/ctype.o
 .bss           0x00039880        0x8 /home/zack/Programming/NanobyteOS/SolOS/build/kernel/c/delay.o
                0x00039880                g_Timer
 .bss           0x00039888        0x4 /home/zack/Programming/NanobyteOS/SolOS/build/kernel/c/kernel.o
                0x00039888                CurrentAvailablePID
 .bss           0x0003988c        0x0 /home/zack/Programming/NanobyteOS/SolOS/build/kernel/c/memory.o
 *fill*         0x0003988c       0x14 
 .bss           0x000398a0      0x586 /home/zack/Programming/NanobyteOS/SolOS/build/kernel/c/stdio.o
                0x000398a0                g_VGA_Display
                0x000398c0                g_Root_Terminal
                0x000399e8                g_ActiveContext
                0x00039a00                g_STDOUT
                0x00039c00                g_STDIN
                0x00039c20                g_STDERR
                0x00039e20                g_STDOUT_TAIL
                0x00039e22                g_STDIN_TAIL
                0x00039e24                g_STDERR_TAIL
 .bss           0x00039e26        0x0 /home/zack/Programming/NanobyteOS/SolOS/build/kernel/c/string.o
 .bss           0x00039e26        0x0 /home/zack/Programming/NanobyteOS/SolOS/build/kernel/c/syscall.o
 .bss           0x00039e26        0x2 /home/zack/Programming/NanobyteOS/SolOS/build/kernel/c/disk/floppy.o
                0x00039e26                g_WaitingForIRQ6
                0x00039e27                g_FloppyNum
 .bss           0x00039e28        0x1 /home/zack/Programming/NanobyteOS/SolOS/build/kernel/c/display/kinter.o
                0x00039e28                g_BlinkDisable
 .bss           0x00039e29        0x0 /home/zack/Programming/NanobyteOS/SolOS/build/kernel/c/display/VGA.o
 *fill*         0x00039e29       0x17 
 .bss           0x00039e40      0x580 /home/zack/Programming/NanobyteOS/SolOS/build/kernel/c/filesys/fat12.o
                0x00039e40                g_FatData
                0x0003a1a0                g_FirstFATSector
                0x0003a1a4                g_FirstRootDirSector
                0x0003a1a8                g_RootDirSize
                0x0003a1ac                g_FirstDataSector
                0x0003a1b0                g_FAT
                0x0003a1c0                g_RootDirectoryBuffer
 .bss           0x0003a3c0        0x0 /home/zack/Programming/NanobyteOS/SolOS/build/kernel/c/HAL/hal.o
 .bss           0x0003a3c0        0x0 /home/zack/Programming/NanobyteOS/SolOS/build/kernel/c/hardware-io/io.o
 .bss           0x0003a3c0        0x5 /home/zack/Programming/NanobyteOS/SolOS/build/kernel/c/keyboard/keyboard.o
                0x0003a3c0                g_ControlKeyStates
                0x0003a3c4                g_E0_Received
 *fill*         0x0003a3c5        0x3 
 .bss           0x0003a3c8        0x8 /home/zack/Programming/NanobyteOS/SolOS/build/kernel/c/memory-manager/FMM.o
                0x0003a3c8                g_KernelDMAAddress
                0x0003a3cc                g_KernelDMAPhysicalAddress
 *fill*         0x0003a3d0       0x10 
 .bss           0x0003a3e0    0x2063c /home/zack/Programming/NanobyteOS/SolOS/build/kernel/c/memory-manager/PMM.o
                0x0003a3e0                g_MemoryMap
                0x0003a700                g_UsableMemoryMap
                0x0003aa20                g_BitmapWedges
                0x0003aa40                g_Bitmap
 .bss           0x0005aa1c       0x10 /home/zack/Programming/NanobyteOS/SolOS/build/kernel/c/memory-manager/VMM.o
                0x0005aa1c                g_PageDirectoryAddress
                0x0005aa20                g_WorkingPageTable
                0x0005aa24                g_KernelPageTable
                0x0005aa28                g_KernelDMAVirtualAddress
 .bss           0x0005aa2c        0x0 /home/zack/Programming/NanobyteOS/SolOS/build/kernel/c/proc/load.o
 .bss           0x0005aa2c        0xc /home/zack/Programming/NanobyteOS/SolOS/build/kernel/c/proc/proc.o
                0x0005aa2c                g_running
                0x0005aa30                g_queue
                0x0005aa34                g_time_since_switch
 .bss           0x0005aa38        0x0 /home/zack/Programming/NanobyteOS/SolOS/build/kernel/c/arch/x86/gdt.o
 *fill*         0x0005aa38        0x8 
 .bss           0x0005aa40      0x800 /home/zack/Programming/NanobyteOS/SolOS/build/kernel/c/arch/x86/idt.o
                0x0005aa40                g_IDT
 .bss           0x0005b240       0x40 /home/zack/Programming/NanobyteOS/SolOS/build/kernel/c/arch/x86/irq.o
                0x0005b240                g_IRQHandlers
 .bss           0x0005b280      0x400 /home/zack/Programming/NanobyteOS/SolOS/build/kernel/c/arch/x86/isr.o
                0x0005b280                g_ISRHandlers
 .bss           0x0005b680        0xc /home/zack/Programming/NanobyteOS/SolOS/build/kernel/c/arch/x86/PIC8259.o
                0x0005b680                PIC_ICW1
                0x0005b684                PIC_ICW4
                0x0005b688                PIC_CMD
 .bss           0x0005b68c        0x0 /home/zack/opt/cross/lib/gcc/i686-elf/12.1.0//libgcc.a(_udivdi3.o)
 .bss           0x0005b68c        0x0 /home/zack/opt/cross/lib/gcc/i686-elf/12.1.0//libgcc.a(_umoddi3.o)
LOAD /home/zack/Programming/NanobyteOS/SolOS/build/kernel/s/main.o
LOAD /home/zack/Programming/NanobyteOS/SolOS/build/kernel/s/hardware-io/io.o
LOAD /home/zack/Programming/NanobyteOS/SolOS/build/kernel/s/memory-manager/VMM.o
LOAD /home/zack/Programming/NanobyteOS/SolOS/build/kernel/s/proc/proc.o
LOAD /home/zack/Programming/NanobyteOS/SolOS/build/kernel/s/arch/x86/gdt.o
LOAD /home/zack/Programming/NanobyteOS/SolOS/build/kernel/s/arch/x86/idt.o
LOAD /home/zack/Programming/NanobyteOS/SolOS/build/kernel/s/arch/x86/isr.o
LOAD /home/zack/Programming/NanobyteOS/SolOS/build/kernel/s/arch/x86/PIT8254.o
LOAD /home/zack/Programming/NanobyteOS/SolOS/build/kernel/c/CLI.o
LOAD /home/zack/Programming/NanobyteOS/SolOS/build/kernel/c/ctype.o
LOAD /home/zack/Programming/NanobyteOS/SolOS/build/kernel/c/delay.o
LOAD /home/zack/Programming/NanobyteOS/SolOS/build/kernel/c/kernel.o
LOAD /home/zack/Programming/NanobyteOS/SolOS/build/kernel/c/memory.o
LOAD /home/zack/Programming/NanobyteOS/SolOS/build/kernel/c/stdio.o
LOAD /home/zack/Programming/NanobyteOS/SolOS/build/kernel/c/string.o
LOAD /home/zack/Programming/NanobyteOS/SolOS/build/kernel/c/syscall.o
LOAD /home/zack/Programming/NanobyteOS/SolOS/build/kernel/c/disk/floppy.o
LOAD /home/zack/Programming/NanobyteOS/SolOS/build/kernel/c/display/kinter.o
LOAD /home/zack/Programming/NanobyteOS/SolOS/build/kernel/c/display/VGA.o
LOAD /home/zack/Programming/NanobyteOS/SolOS/build/kernel/c/filesys/fat12.o
LOAD /home/zack/Programming/NanobyteOS/SolOS/build/kernel/c/HAL/hal.o
LOAD /home/zack/Programming/NanobyteOS/SolOS/build/kernel/c/hardware-io/io.o
LOAD /home/zack/Programming/NanobyteOS/SolOS/build/kernel/c/keyboard/keyboard.o
LOAD /home/zack/Programming/NanobyteOS/SolOS/build/kernel/c/memory-manager/FMM.o
LOAD /home/zack/Programming/NanobyteOS/SolOS/build/kernel/c/memory-manager/PMM.o
LOAD /home/zack/Programming/NanobyteOS/SolOS/build/kernel/c/memory-manager/VMM.o
LOAD /home/zack/Programming/NanobyteOS/SolOS/build/kernel/c/proc/load.o
LOAD /home/zack/Programming/NanobyteOS/SolOS/build/kernel/c/proc/proc.o
LOAD /home/zack/Programming/NanobyteOS/SolOS/build/kernel/c/arch/x86/gdt.o
LOAD /home/zack/Programming/NanobyteOS/SolOS/build/kernel/c/arch/x86/idt.o
LOAD /home/zack/Programming/NanobyteOS/SolOS/build/kernel/c/arch/x86/irq.o
LOAD /home/zack/Programming/NanobyteOS/SolOS/build/kernel/c/arch/x86/isr.o
LOAD /home/zack/Programming/NanobyteOS/SolOS/build/kernel/c/arch/x86/PIC8259.o
LOAD /home/zack/opt/cross/lib/gcc/i686-elf/12.1.0//libgcc.a
OUTPUT(/home/zack/Programming/NanobyteOS/SolOS/build/kernel.bin binary)

.comment        0x00000000      0x201
 .comment       0x00000000       0x13 /home/zack/Programming/NanobyteOS/SolOS/build/kernel/c/CLI.o
 .comment       0x00000013       0x13 /home/zack/Programming/NanobyteOS/SolOS/build/kernel/c/ctype.o
 .comment       0x00000026       0x13 /home/zack/Programming/NanobyteOS/SolOS/build/kernel/c/delay.o
 .comment       0x00000039       0x13 /home/zack/Programming/NanobyteOS/SolOS/build/kernel/c/kernel.o
 .comment       0x0000004c       0x13 /home/zack/Programming/NanobyteOS/SolOS/build/kernel/c/memory.o
 .comment       0x0000005f       0x13 /home/zack/Programming/NanobyteOS/SolOS/build/kernel/c/stdio.o
 .comment       0x00000072       0x13 /home/zack/Programming/NanobyteOS/SolOS/build/kernel/c/string.o
 .comment       0x00000085       0x13 /home/zack/Programming/NanobyteOS/SolOS/build/kernel/c/syscall.o
 .comment       0x00000098       0x13 /home/zack/Programming/NanobyteOS/SolOS/build/kernel/c/disk/floppy.o
 .comment       0x000000ab       0x13 /home/zack/Programming/NanobyteOS/SolOS/build/kernel/c/display/kinter.o
 .comment       0x000000be       0x13 /home/zack/Programming/NanobyteOS/SolOS/build/kernel/c/display/VGA.o
 .comment       0x000000d1       0x13 /home/zack/Programming/NanobyteOS/SolOS/build/kernel/c/filesys/fat12.o
 .comment       0x000000e4       0x13 /home/zack/Programming/NanobyteOS/SolOS/build/kernel/c/HAL/hal.o
 .comment       0x000000f7       0x13 /home/zack/Programming/NanobyteOS/SolOS/build/kernel/c/hardware-io/io.o
 .comment       0x0000010a       0x13 /home/zack/Programming/NanobyteOS/SolOS/build/kernel/c/keyboard/keyboard.o
 .comment       0x0000011d       0x13 /home/zack/Programming/NanobyteOS/SolOS/build/kernel/c/memory-manager/FMM.o
 .comment       0x00000130       0x13 /home/zack/Programming/NanobyteOS/SolOS/build/kernel/c/memory-manager/PMM.o
 .comment       0x00000143       0x13 /home/zack/Programming/NanobyteOS/SolOS/build/kernel/c/memory-manager/VMM.o
 .comment       0x00000156       0x13 /home/zack/Programming/NanobyteOS/SolOS/build/kernel/c/proc/load.o
 .comment       0x00000169       0x13 /home/zack/Programming/NanobyteOS/SolOS/build/kernel/c/proc/proc.o
 .comment       0x0000017c       0x13 /home/zack/Programming/NanobyteOS/SolOS/build/kernel/c/arch/x86/gdt.o
 .comment       0x0000018f       0x13 /home/zack/Programming/NanobyteOS/SolOS/build/kernel/c/arch/x86/idt.o
 .comment       0x000001a2       0x13 /home/zack/Programming/NanobyteOS/SolOS/build/kernel/c/arch/x86/irq.o
 .comment       0x000001b5       0x13 /home/zack/Programming/NanobyteOS/SolOS/build/kernel/c/arch/x86/isr.o
 .comment       0x000001c8       0x13 /home/zack/Programming/NanobyteOS/SolOS/build/kernel/c/arch/x86/PIC8259.o
 .comment       0x000001db       0x13 /home/zack/opt/cross/lib/gcc/i686-elf/12.1.0//libgcc.a(_udivdi3.o)
 .comment       0x000001ee       0x13 /home/zack/opt/cross/lib/gcc/i686-elf/12.1.0//libgcc.a(_umoddi3.o)

.debug_info     0x00000000      0x66b
 .debug_info    0x00000000      0x326 /home/zack/opt/cross/lib/gcc/i686-elf/12.1.0//libgcc.a(_udivdi3.o)
 .debug_info    0x00000326      0x345 /home/zack/opt/cross/lib/gcc/i686-elf/12.1.0//libgcc.a(_umoddi3.o)

.debug_abbrev   0x00000000      0x2e0
 .debug_abbrev  0x00000000      0x165 /home/zack/opt/cross/lib/gcc/i686-elf/12.1.0//libgcc.a(_udivdi3.o)
 .debug_abbrev  0x00000165      0x17b /home/zack/opt/cross/lib/gcc/i686-elf/12.1.0//libgcc.a(_umoddi3.o)

.debug_loclists
                0x00000000      0x7be
 .debug_loclists
                0x00000000      0x40a /home/zack/opt/cross/lib/gcc/i686-elf/12.1.0//libgcc.a(_udivdi3.o)
 .debug_loclists
                0x0000040a      0x3b4 /home/zack/opt/cross/lib/gcc/i686-elf/12.1.0//libgcc.a(_umoddi3.o)

.debug_aranges  0x00000000       0x40
 .debug_aranges
                0x00000000       0x20 /home/zack/opt/cross/lib/gcc/i686-elf/12.1.0//libgcc.a(_udivdi3.o)
 .debug_aranges
                0x00000020       0x20 /home/zack/opt/cross/lib/gcc/i686-elf/12.1.0//libgcc.a(_umoddi3.o)

.debug_rnglists
                0x00000000       0x49
 .debug_rnglists
                0x00000000       0x2a /home/zack/opt/cross/lib/gcc/i686-elf/12.1.0//libgcc.a(_udivdi3.o)
 .debug_rnglists
                0x0000002a       0x1f /home/zack/opt/cross/lib/gcc/i686-elf/12.1.0//libgcc.a(_umoddi3.o)

.debug_line     0x00000000      0x347
 .debug_line    0x00000000      0x179 /home/zack/opt/cross/lib/gcc/i686-elf/12.1.0//libgcc.a(_udivdi3.o)
 .debug_line    0x00000179      0x1ce /home/zack/opt/cross/lib/gcc/i686-elf/12.1.0//libgcc.a(_umoddi3.o)

.debug_str      0x00000000      0x3c6
 .debug_str     0x00000000      0x1e3 /home/zack/opt/cross/lib/gcc/i686-elf/12.1.0//libgcc.a(_udivdi3.o)
 .debug_str     0x000001e3      0x1e3 /home/zack/opt/cross/lib/gcc/i686-elf/12.1.0//libgcc.a(_umoddi3.o)

.debug_line_str
                0x00000000      0x170
 .debug_line_str
                0x00000000       0xb8 /home/zack/opt/cross/lib/gcc/i686-elf/12.1.0//libgcc.a(_udivdi3.o)
 .debug_line_str
                0x000000b8       0xb8 /home/zack/opt/cross/lib/gcc/i686-elf/12.1.0//libgcc.a(_umoddi3.o)
