Archive member included to satisfy reference by file (symbol)

/home/zack/opt/cross/lib/gcc/i686-elf/12.1.0//libgcc.a(_udivdi3.o)
                              /home/zack/Programming/NanobyteOS/SolOS/build/kernel/c/stdio.o (__udivdi3)
/home/zack/opt/cross/lib/gcc/i686-elf/12.1.0//libgcc.a(_umoddi3.o)
                              /home/zack/Programming/NanobyteOS/SolOS/build/kernel/c/stdio.o (__umoddi3)

There are no discarded input sections

Memory Configuration

Name             Origin             Length             Attributes
RAM              0x00030000         0x00050000         xrw
*default*        0x00000000         0xffffffff

Linker script and memory map

                0x00030000                        . = 0x30000

.text           0x00030000     0xb486
 *(.text)
 .text          0x00030000       0x28 /home/zack/Programming/NanobyteOS/SolOS/build/kernel/s/main.o
                0x00030000                kernel_start
 .text          0x00030028        0x7 /home/zack/Programming/NanobyteOS/SolOS/build/kernel/s/syscall.o
                0x00030028                syscall
 .text          0x0003002f       0x25 /home/zack/Programming/NanobyteOS/SolOS/build/kernel/s/hardware-io/io.o
                0x0003002f                i686_outb
                0x0003003a                i686_outw
                0x00030047                i686_inb
                0x00030050                i686_EnableInterrupts
                0x00030052                i686_DisableInterrupts
 .text          0x00030054       0x2d /home/zack/Programming/NanobyteOS/SolOS/build/kernel/s/memory-manager/VMM.o
                0x00030054                VMM_EnablePaging
                0x00030072                VMM_InvalidatePage
                0x0003007a                VMM_InvalidateTLB
 *fill*         0x00030081        0x3 
 .text          0x00030084        0x6 /home/zack/Programming/NanobyteOS/SolOS/build/kernel/s/proc/proc.o
                0x00030084                i686_call
 *fill*         0x0003008a        0x2 
 .text          0x0003008c       0x47 /home/zack/Programming/NanobyteOS/SolOS/build/kernel/s/arch/x86/gdt.o
                0x0003008c                i686_GDT_Load
                0x000300a1                i686_TSS_Load
 *fill*         0x000300d3        0x1 
 .text          0x000300d4        0xd /home/zack/Programming/NanobyteOS/SolOS/build/kernel/s/arch/x86/idt.o
                0x000300d4                i686_IDT_Load
 *fill*         0x000300e1        0x3 
 .text          0x000300e4      0xa75 /home/zack/Programming/NanobyteOS/SolOS/build/kernel/s/arch/x86/isr.o
                0x000300e4                i686_ISR0
                0x000300ed                i686_ISR1
                0x000300f6                i686_ISR2
                0x000300ff                i686_ISR3
                0x00030108                i686_ISR4
                0x00030111                i686_ISR5
                0x0003011a                i686_ISR6
                0x00030123                i686_ISR7
                0x0003012c                i686_ISR8
                0x00030133                i686_ISR9
                0x0003013c                i686_ISR10
                0x00030143                i686_ISR11
                0x0003014a                i686_ISR12
                0x00030151                i686_ISR13
                0x00030158                i686_ISR14
                0x0003015f                i686_ISR15
                0x00030168                i686_ISR16
                0x00030171                i686_ISR17
                0x00030178                i686_ISR18
                0x00030181                i686_ISR19
                0x0003018a                i686_ISR20
                0x00030193                i686_ISR21
                0x0003019a                i686_ISR22
                0x000301a3                i686_ISR23
                0x000301ac                i686_ISR24
                0x000301b5                i686_ISR25
                0x000301be                i686_ISR26
                0x000301c7                i686_ISR27
                0x000301d0                i686_ISR28
                0x000301d9                i686_ISR29
                0x000301e0                i686_ISR30
                0x000301e7                i686_ISR31
                0x000301f0                i686_ISR32
                0x000301f9                i686_ISR33
                0x00030202                i686_ISR34
                0x0003020b                i686_ISR35
                0x00030214                i686_ISR36
                0x0003021d                i686_ISR37
                0x00030226                i686_ISR38
                0x0003022f                i686_ISR39
                0x00030238                i686_ISR40
                0x00030241                i686_ISR41
                0x0003024a                i686_ISR42
                0x00030253                i686_ISR43
                0x0003025c                i686_ISR44
                0x00030265                i686_ISR45
                0x0003026e                i686_ISR46
                0x00030277                i686_ISR47
                0x00030280                i686_ISR48
                0x00030289                i686_ISR49
                0x00030292                i686_ISR50
                0x0003029b                i686_ISR51
                0x000302a4                i686_ISR52
                0x000302ad                i686_ISR53
                0x000302b6                i686_ISR54
                0x000302bf                i686_ISR55
                0x000302c8                i686_ISR56
                0x000302d1                i686_ISR57
                0x000302da                i686_ISR58
                0x000302e3                i686_ISR59
                0x000302ec                i686_ISR60
                0x000302f5                i686_ISR61
                0x000302fe                i686_ISR62
                0x00030307                i686_ISR63
                0x00030310                i686_ISR64
                0x00030319                i686_ISR65
                0x00030322                i686_ISR66
                0x0003032b                i686_ISR67
                0x00030334                i686_ISR68
                0x0003033d                i686_ISR69
                0x00030346                i686_ISR70
                0x0003034f                i686_ISR71
                0x00030358                i686_ISR72
                0x00030361                i686_ISR73
                0x0003036a                i686_ISR74
                0x00030373                i686_ISR75
                0x0003037c                i686_ISR76
                0x00030385                i686_ISR77
                0x0003038e                i686_ISR78
                0x00030397                i686_ISR79
                0x000303a0                i686_ISR80
                0x000303a9                i686_ISR81
                0x000303b2                i686_ISR82
                0x000303bb                i686_ISR83
                0x000303c4                i686_ISR84
                0x000303cd                i686_ISR85
                0x000303d6                i686_ISR86
                0x000303df                i686_ISR87
                0x000303e8                i686_ISR88
                0x000303f1                i686_ISR89
                0x000303fa                i686_ISR90
                0x00030403                i686_ISR91
                0x0003040c                i686_ISR92
                0x00030415                i686_ISR93
                0x0003041e                i686_ISR94
                0x00030427                i686_ISR95
                0x00030430                i686_ISR96
                0x00030439                i686_ISR97
                0x00030442                i686_ISR98
                0x0003044b                i686_ISR99
                0x00030454                i686_ISR100
                0x0003045d                i686_ISR101
                0x00030466                i686_ISR102
                0x0003046f                i686_ISR103
                0x00030478                i686_ISR104
                0x00030481                i686_ISR105
                0x0003048a                i686_ISR106
                0x00030493                i686_ISR107
                0x0003049c                i686_ISR108
                0x000304a5                i686_ISR109
                0x000304ae                i686_ISR110
                0x000304b7                i686_ISR111
                0x000304c0                i686_ISR112
                0x000304c9                i686_ISR113
                0x000304d2                i686_ISR114
                0x000304db                i686_ISR115
                0x000304e4                i686_ISR116
                0x000304ed                i686_ISR117
                0x000304f6                i686_ISR118
                0x000304ff                i686_ISR119
                0x00030508                i686_ISR120
                0x00030511                i686_ISR121
                0x0003051a                i686_ISR122
                0x00030523                i686_ISR123
                0x0003052c                i686_ISR124
                0x00030535                i686_ISR125
                0x0003053e                i686_ISR126
                0x00030547                i686_ISR127
                0x00030550                i686_ISR128
                0x0003055c                i686_ISR129
                0x00030568                i686_ISR130
                0x00030574                i686_ISR131
                0x00030580                i686_ISR132
                0x0003058c                i686_ISR133
                0x00030598                i686_ISR134
                0x000305a4                i686_ISR135
                0x000305b0                i686_ISR136
                0x000305bc                i686_ISR137
                0x000305c8                i686_ISR138
                0x000305d4                i686_ISR139
                0x000305e0                i686_ISR140
                0x000305ec                i686_ISR141
                0x000305f8                i686_ISR142
                0x00030604                i686_ISR143
                0x00030610                i686_ISR144
                0x0003061c                i686_ISR145
                0x00030628                i686_ISR146
                0x00030634                i686_ISR147
                0x00030640                i686_ISR148
                0x0003064c                i686_ISR149
                0x00030658                i686_ISR150
                0x00030664                i686_ISR151
                0x00030670                i686_ISR152
                0x0003067c                i686_ISR153
                0x00030688                i686_ISR154
                0x00030694                i686_ISR155
                0x000306a0                i686_ISR156
                0x000306ac                i686_ISR157
                0x000306b8                i686_ISR158
                0x000306c4                i686_ISR159
                0x000306d0                i686_ISR160
                0x000306dc                i686_ISR161
                0x000306e8                i686_ISR162
                0x000306f4                i686_ISR163
                0x00030700                i686_ISR164
                0x0003070c                i686_ISR165
                0x00030718                i686_ISR166
                0x00030724                i686_ISR167
                0x00030730                i686_ISR168
                0x0003073c                i686_ISR169
                0x00030748                i686_ISR170
                0x00030754                i686_ISR171
                0x00030760                i686_ISR172
                0x0003076c                i686_ISR173
                0x00030778                i686_ISR174
                0x00030784                i686_ISR175
                0x00030790                i686_ISR176
                0x0003079c                i686_ISR177
                0x000307a8                i686_ISR178
                0x000307b4                i686_ISR179
                0x000307c0                i686_ISR180
                0x000307cc                i686_ISR181
                0x000307d8                i686_ISR182
                0x000307e4                i686_ISR183
                0x000307f0                i686_ISR184
                0x000307fc                i686_ISR185
                0x00030808                i686_ISR186
                0x00030814                i686_ISR187
                0x00030820                i686_ISR188
                0x0003082c                i686_ISR189
                0x00030838                i686_ISR190
                0x00030844                i686_ISR191
                0x00030850                i686_ISR192
                0x0003085c                i686_ISR193
                0x00030868                i686_ISR194
                0x00030874                i686_ISR195
                0x00030880                i686_ISR196
                0x0003088c                i686_ISR197
                0x00030898                i686_ISR198
                0x000308a4                i686_ISR199
                0x000308b0                i686_ISR200
                0x000308bc                i686_ISR201
                0x000308c8                i686_ISR202
                0x000308d4                i686_ISR203
                0x000308e0                i686_ISR204
                0x000308ec                i686_ISR205
                0x000308f8                i686_ISR206
                0x00030904                i686_ISR207
                0x00030910                i686_ISR208
                0x0003091c                i686_ISR209
                0x00030928                i686_ISR210
                0x00030934                i686_ISR211
                0x00030940                i686_ISR212
                0x0003094c                i686_ISR213
                0x00030958                i686_ISR214
                0x00030964                i686_ISR215
                0x00030970                i686_ISR216
                0x0003097c                i686_ISR217
                0x00030988                i686_ISR218
                0x00030994                i686_ISR219
                0x000309a0                i686_ISR220
                0x000309ac                i686_ISR221
                0x000309b8                i686_ISR222
                0x000309c4                i686_ISR223
                0x000309d0                i686_ISR224
                0x000309dc                i686_ISR225
                0x000309e8                i686_ISR226
                0x000309f4                i686_ISR227
                0x00030a00                i686_ISR228
                0x00030a0c                i686_ISR229
                0x00030a18                i686_ISR230
                0x00030a24                i686_ISR231
                0x00030a30                i686_ISR232
                0x00030a3c                i686_ISR233
                0x00030a48                i686_ISR234
                0x00030a54                i686_ISR235
                0x00030a60                i686_ISR236
                0x00030a6c                i686_ISR237
                0x00030a78                i686_ISR238
                0x00030a84                i686_ISR239
                0x00030a90                i686_ISR240
                0x00030a9c                i686_ISR241
                0x00030aa5                i686_ISR242
                0x00030aae                i686_ISR243
                0x00030ab7                i686_ISR244
                0x00030ac0                i686_ISR245
                0x00030ac9                i686_ISR246
                0x00030ad2                i686_ISR247
                0x00030adb                i686_ISR248
                0x00030ae4                i686_ISR249
                0x00030aed                i686_ISR250
                0x00030af6                i686_ISR251
                0x00030aff                i686_ISR252
                0x00030b08                i686_ISR253
                0x00030b11                i686_ISR254
                0x00030b1a                i686_ISR255
                0x00030b4d                i686_DisablePaging
 *fill*         0x00030b59        0x3 
 .text          0x00030b5c       0x14 /home/zack/Programming/NanobyteOS/SolOS/build/kernel/s/arch/x86/PIT8254.o
                0x00030b5c                i686_PIT_Initialize
 .text          0x00030b70      0xb45 /home/zack/Programming/NanobyteOS/SolOS/build/kernel/c/CLI.o
                0x00030b70                GetCMD
                0x00030cae                RegisterCMDHandler
                0x00030cc1                EXEC
                0x00030ec9                LS
                0x00030ff5                CD
                0x00031234                CAT
                0x00031397                PS
                0x00031406                MEM
                0x00031438                TSTW
                0x0003146a                CLI_Mainloop
 .text          0x000316b5       0x81 /home/zack/Programming/NanobyteOS/SolOS/build/kernel/c/ctype.o
                0x000316b5                islower
                0x000316de                toupper
                0x0003170a                tolower
 .text          0x00031736       0x93 /home/zack/Programming/NanobyteOS/SolOS/build/kernel/c/delay.o
                0x00031736                ActiveContextTimerSleepHook
                0x00031762                sleep
                0x0003179d                MaskTimerInterrupt
                0x000317b3                UnmaskTimerInterrupt
 .text          0x000317c9      0x347 /home/zack/Programming/NanobyteOS/SolOS/build/kernel/c/file.o
                0x000317c9                File_Initialize
                0x0003182b                SetActiveFileDescriptors
                0x00031839                open
                0x000319bf                read
                0x00031a4d                write
                0x00031a84                close
 .text          0x00031b10      0x1b1 /home/zack/Programming/NanobyteOS/SolOS/build/kernel/c/kernel.o
                0x00031b10                setup_timer
                0x00031b16                timer
                0x00031b52                kernel_main
 .text          0x00031cc1       0xe4 /home/zack/Programming/NanobyteOS/SolOS/build/kernel/c/memory.o
                0x00031cc1                memcpy
                0x00031d02                memset
                0x00031d45                memcmp
 .text          0x00031da5     0x1429 /home/zack/Programming/NanobyteOS/SolOS/build/kernel/c/stdio.o
                0x00031da5                initialize_stdio
                0x00031df7                GetActiveContext
                0x00031e01                GetSTDOUT
                0x00031e0b                GetSTDIN
                0x00031e15                GetSTDERR
                0x00031e1f                STD_PutBuffer
                0x00031e54                STD_GetBuffer
                0x00031e95                STD_FlushSTDOUT
                0x00031ede                STD_FlushSTDIN
                0x00031f11                STD_FlushSTDERR
                0x00031f44                ActiveContextTimerCursorHook
                0x00031f61                ActiveContextKeyboardHook
                0x0003202a                CFG_EnableCursorBlinking
                0x00032039                CFG_DisableCursorBlinking
                0x00032048                CFG_SetCursorChar
                0x00032063                __STD_Putc
                0x00032096                __STD_Puts
                0x000320bf                PutsK
                0x000320f8                printf_unsigned
                0x000321ab                printf_signed
                0x00032205                printf
                0x00032528                hex_to_dec
                0x000325c0                scanf
                0x00032bac                getline
                0x00032c64                sscanf
 .text          0x000331ce       0xb6 /home/zack/Programming/NanobyteOS/SolOS/build/kernel/c/string.o
                0x000331ce                strchr
                0x0003320c                strcpy
                0x0003325e                strlen
 .text          0x00033284      0x232 /home/zack/Programming/NanobyteOS/SolOS/build/kernel/c/syscall.o
                0x00033284                SyscallEntrypoint
 .text          0x000334b6      0xbc4 /home/zack/Programming/NanobyteOS/SolOS/build/kernel/c/disk/floppy.o
                0x000334b6                GetCommandParamCount
                0x0003350f                GetCommandAwaitIRQ6
                0x00033568                GetCommandReturnCount
                0x000335c1                DISK_Floppy_GetSectorAddr
                0x000335dd                DISK_Floppy_IRQ6Handler
                0x000335ea                lba2chs
                0x0003365e                WaitForIRQ6
                0x00033688                WaitForFIFO
                0x000336c4                PrepareDMAForTransfer
                0x0003378e                PrepareDMAForWrite
                0x000337de                PrepareDMAForRead
                0x000338b7                FDC_SetBit
                0x0003392a                DISK_Floppy_Reset
                0x000339b7                DISK_Floppy_Initialize
                0x00033a8a                DISK_Floppy_IssueCommand
                0x00033c75                DISK_Floppy_ReadSector
                0x00033d56                DISK_Floppy_ReadSectors
                0x00033e53                DISK_Floppy_ReadSectorsTo
                0x00033f71                DISK_Floppy_WriteSectorFrom
 .text          0x0003407a      0xbd3 /home/zack/Programming/NanobyteOS/SolOS/build/kernel/c/display/kinter.o
                0x0003407a                KI_VGACoordTransform
                0x000340fb                KI_DisableBlinking
                0x00034108                KI_EnableBlinking
                0x00034115                KI_DrawCursor
                0x000341e0                KI_CursorHook
                0x0003421b                KI_Initialize
                0x00034359                KI_Clear
                0x000343ef                KI_DrawBorder
                0x00034797                KI_UpdateLineScrolling
                0x000348f5                KI_Putc
                0x00034bcd                KI_Puts
                0x00034bff                KI_BadSizeError
                0x00034c36                KI_TextOverflowError
 .text          0x00034c4d      0x276 /home/zack/Programming/NanobyteOS/SolOS/build/kernel/c/display/VGA.o
                0x00034c4d                VGA_ColorData
                0x00034c5f                VGA_Initialize
                0x00034ca5                VGA_ClearScreen
                0x00034d26                VGA_SetChar
                0x00034d86                VGA_SetCursorPos
                0x00034dbb                VGA_Print
                0x00034e3f                VGA_Write
 .text          0x00034ec3       0xe7 /home/zack/Programming/NanobyteOS/SolOS/build/kernel/c/filesys/drive.o
                0x00034ec3                Drive_Initialize
                0x00034ef9                DefineDrive
                0x00034f52                GetDrive
 .text          0x00034faa      0xffe /home/zack/Programming/NanobyteOS/SolOS/build/kernel/c/filesys/fat12.o
                0x00034faa                FAT12_PathName2FATName
                0x00035053                FAT12_ReadSector
                0x0003508b                FAT12_LoadFATSector
                0x000350cb                FAT12_WriteActiveFATSector
                0x0003510d                FAT12_Initialize
                0x00035238                FAT12_OpenEntry
                0x0003531d                FAT12_Cluster2Sector
                0x00035330                FAT12_NextCluster
                0x000353a4                FAT12_FindFreeCluster
                0x0003543c                FAT12_WriteGetAnotherCluster
                0x00035505                FAT12_WriteFinalCluster
                0x000355b9                FAT12_Read
                0x00035732                FAT12_Write
                0x00035981                FAT12_ReadEntry
                0x000359a2                FAT12_Close
                0x000359d8                FAT12_FindFile
                0x00035b88                FAT12_Open
                0x00035ce2                FAT12_Write_New
 .text          0x00035fa8       0x39 /home/zack/Programming/NanobyteOS/SolOS/build/kernel/c/HAL/hal.o
                0x00035fa8                HAL_Initialize
                0x00035fca                HAL_SetInterruptStack
 .text          0x00035fe1       0x1b /home/zack/Programming/NanobyteOS/SolOS/build/kernel/c/hardware-io/io.o
                0x00035fe1                i686_iowait
 .text          0x00035ffc      0x1a2 /home/zack/Programming/NanobyteOS/SolOS/build/kernel/c/keyboard/keyboard.o
                0x00035ffc                GetQWERTYCTRLMakeKeyCode
                0x00036059                GetQWERTYCTRLClearKeyCode
                0x000360c6                Keyboard_Handler
 .text          0x0003619e      0x926 /home/zack/Programming/NanobyteOS/SolOS/build/kernel/c/memory-manager/FMM.o
                0x0003619e                FMM_GetUsedMemory
                0x000361ab                FMM_GetDMAAddress
                0x000361b5                FMM_GetDMAPhysAddress
                0x000361bf                FMM_Initialize
                0x00036266                PageFaultHandler
                0x0003650e                GeneralProtectionFaultHandler
                0x00036683                FMM_FreeBlocksAt
                0x0003671c                FMM_ClearMapping
                0x000367af                FMM_FreeBlocks
                0x000367c9                FMM_AllocateBlocks
                0x000367df                FMM_CreateUserCodeMapping
                0x000368d6                FMM_CreateUserDataMapping
                0x000369cd                FMM_CreateMapping
 .text          0x00036ac4      0xb03 /home/zack/Programming/NanobyteOS/SolOS/build/kernel/c/memory-manager/PMM.o
                0x00036ac4                PMM_Initialize
                0x00036e38                PMM_GetBitmapData
                0x00036e5c                PMM_SetBitmapData
                0x00036eb9                PMM_PrintUsableRegionInfo
                0x00036f3d                PMM_BlockIndex2PhysicalAddress
                0x00037024                PMM_PhysicalAddress2BlockIndex
                0x00037101                PMM_DEBUG_PrintWedges
                0x00037187                PMM_FirstFitSearch
                0x00037261                PMM_AllocateBlocks
                0x000373a9                PMM_FreeBlocks
                0x000374c2                PMM_ForceFreeBlocks
                0x0003758c                PMM_GetBusyMemory
 .text          0x000375c7      0xa62 /home/zack/Programming/NanobyteOS/SolOS/build/kernel/c/memory-manager/VMM.o
                0x000375c7                VMM_GetDMAAddress
                0x000375d1                VMM_GetWorkingPageTableAddr
                0x000375db                VMM_VirtualAddress2PageIndices
                0x00037600                VMM_PageIndices2VirtualAddress
                0x00037615                VMM_VirtualAddress2PhysicalAddress
                0x00037664                VMM_CreatePageDirectoryEntry
                0x000376af                VMM_GetPageDirectoryEntryAVL
                0x000376b9                VMM_SetPageDirectoryEntryAVL
                0x000376c8                VMM_CreatePageTableEntry
                0x00037737                VMM_GetPageTableEntryAVL
                0x00037741                VMM_SetPageTableEntryAVL
                0x00037750                VMM_GetActivePageTableEntryCount
                0x000377c6                VMM_SetActivePageTableEntryCount
                0x0003785f                VMM_Initialize
                0x00037a8c                VMM_SetWorkingPageTable
                0x00037aec                VMM_LoadTableForAddress
                0x00037b43                VMM_GetTableForAddress
                0x00037b95                VMM_FetchTableForAddress
                0x00037be0                VMM_CreateTableForAddress
                0x00037c52                VMM_CreateUserTableForAddress
                0x00037cc4                VMM_GetPageForAddress
                0x00037d4b                VMM_CreatePageForAddress
                0x00037df5                VMM_CreateUserDataPageForAddress
                0x00037e9f                VMM_CreateUserCodePageForAddress
                0x00037f49                VMM_ClearMappingForAddress
 .text          0x00038029      0x4c8 /home/zack/Programming/NanobyteOS/SolOS/build/kernel/c/proc/load.o
                0x00038029                LoadProc
 .text          0x000384f1     0x11cc /home/zack/Programming/NanobyteOS/SolOS/build/kernel/c/proc/proc.o
                0x000384f1                PrintMemoryRegion
                0x00038520                PrintProc
                0x00038630                InitializeProcs
                0x00038708                AddToQueue
                0x0003876c                AddToSchedulerQueue
                0x0003878f                AddToSleeping
                0x000387ac                GetFromQueue
                0x000387ec                GetAvailablePID
                0x00038856                GetPCB
                0x00038869                HandleExit
                0x00038889                PutToSleep
                0x000388c5                GetRunningPID
                0x000388e6                CreateCodeMappingForRegion
                0x00038933                CreateDataMappingForRegion
                0x00038980                RemoveMappingForRegion
                0x000389ac                FreeRegion
                0x000389f1                AllocateMemoryRegion
                0x00038a2d                CreateMappingsForProcess
                0x00038a95                RemoveMappingsForProcess
                0x00038afd                CopyMemoryRegion
                0x00038bf2                CopyProcessMemory
                0x00038cb4                TerminateProcess
                0x00038d32                TerminateRunningProcess
                0x00038d52                KillRunningProcess
                0x00038d86                SaveContextToStack
                0x00038de8                SaveExplicitContext
                0x00038e2a                SetContext
                0x00038e46                ExecProc
                0x00039151                DisableScheduling
                0x00039161                EnableScheduling
                0x00039171                SchedulerHook
                0x00039650                exec
 .text          0x000396bd       0x9a /home/zack/Programming/NanobyteOS/SolOS/build/kernel/c/arch/x86/gdt.o
                0x000396bd                GDT_GetTSS
                0x000396c7                i686_GDT_Initialize
                0x00039749                i686_SetInterruptStack
 .text          0x00039757       0xda /home/zack/Programming/NanobyteOS/SolOS/build/kernel/c/arch/x86/idt.o
                0x00039757                i686_IDT_SetGate
                0x000397b8                i686_IDT_EnableGate
                0x000397d8                i686_IDT_EnableUserGate
                0x000397f8                i686_IDT_DisableGate
                0x00039818                i686_IDT_Initialize
 .text          0x00039831       0xcc /home/zack/Programming/NanobyteOS/SolOS/build/kernel/c/arch/x86/irq.o
                0x00039831                i686_IRQ_Handler
                0x000398a3                i686_IRQ_Initialize
                0x000398ea                i686_IRQ_RegisterHandler
 .text          0x000398fd     0x1678 /home/zack/Programming/NanobyteOS/SolOS/build/kernel/c/arch/x86/isr.o
                0x000398fd                i686_ISR_Initialize
                0x0003adba                i686_ISR_RegisterHandler
                0x0003adde                i686_ISR_RegisterUserHandler
                0x0003ae02                i686_ISR_Handler
 .text          0x0003af75      0x2b6 /home/zack/Programming/NanobyteOS/SolOS/build/kernel/c/arch/x86/PIC8259.o
                0x0003af75                i686_PIC_Configure
                0x0003b067                i686_PIC_SendEndOfInterrupt
                0x0003b097                i686_PIC_Disable
                0x0003b0d1                i686_PIC_Mask
                0x0003b125                i686_PIC_Unmask
                0x0003b17b                i686_PIC_ReadIrqRequestRegister
                0x0003b1d3                i686_PIC_ReadInServiceRegister
 *fill*         0x0003b22b        0x5 
 .text          0x0003b230      0x11a /home/zack/opt/cross/lib/gcc/i686-elf/12.1.0//libgcc.a(_udivdi3.o)
                0x0003b230                __udivdi3
 *fill*         0x0003b34a        0x6 
 .text          0x0003b350      0x136 /home/zack/opt/cross/lib/gcc/i686-elf/12.1.0//libgcc.a(_umoddi3.o)
                0x0003b350                __umoddi3

.rodata         0x0003b4a0     0x1488
 *(.rodata)
 .rodata        0x0003b4a0      0x17e /home/zack/Programming/NanobyteOS/SolOS/build/kernel/c/CLI.o
 .rodata        0x0003b61e        0x3 /home/zack/Programming/NanobyteOS/SolOS/build/kernel/c/file.o
 *fill*         0x0003b621        0x3 
 .rodata        0x0003b624      0x115 /home/zack/Programming/NanobyteOS/SolOS/build/kernel/c/kernel.o
 *fill*         0x0003b739        0x3 
 .rodata        0x0003b73c      0x438 /home/zack/Programming/NanobyteOS/SolOS/build/kernel/c/stdio.o
                0x0003b74c                g_HexChars
 .rodata        0x0003bb74       0x70 /home/zack/Programming/NanobyteOS/SolOS/build/kernel/c/syscall.o
 .rodata        0x0003bbe4      0x1f7 /home/zack/Programming/NanobyteOS/SolOS/build/kernel/c/disk/floppy.o
 *fill*         0x0003bddb        0x1 
 .rodata        0x0003bddc       0x37 /home/zack/Programming/NanobyteOS/SolOS/build/kernel/c/display/kinter.o
 *fill*         0x0003be13        0x1 
 .rodata        0x0003be14      0x23f /home/zack/Programming/NanobyteOS/SolOS/build/kernel/c/filesys/fat12.o
 *fill*         0x0003c053        0x1 
 .rodata        0x0003c054      0x29e /home/zack/Programming/NanobyteOS/SolOS/build/kernel/c/memory-manager/FMM.o
 *fill*         0x0003c2f2        0x2 
 .rodata        0x0003c2f4       0x5e /home/zack/Programming/NanobyteOS/SolOS/build/kernel/c/memory-manager/PMM.o
 *fill*         0x0003c352        0x2 
 .rodata        0x0003c354       0x40 /home/zack/Programming/NanobyteOS/SolOS/build/kernel/c/memory-manager/VMM.o
 .rodata        0x0003c394       0x30 /home/zack/Programming/NanobyteOS/SolOS/build/kernel/c/proc/load.o
 .rodata        0x0003c3c4      0x1ad /home/zack/Programming/NanobyteOS/SolOS/build/kernel/c/proc/proc.o
 *fill*         0x0003c571        0x3 
 .rodata        0x0003c574       0x25 /home/zack/Programming/NanobyteOS/SolOS/build/kernel/c/arch/x86/irq.o
 *fill*         0x0003c599        0x7 
 .rodata        0x0003c5a0      0x388 /home/zack/Programming/NanobyteOS/SolOS/build/kernel/c/arch/x86/isr.o

.eh_frame       0x0003c928       0xd8
 .eh_frame      0x0003c928       0x64 /home/zack/opt/cross/lib/gcc/i686-elf/12.1.0//libgcc.a(_udivdi3.o)
 .eh_frame      0x0003c98c       0x74 /home/zack/opt/cross/lib/gcc/i686-elf/12.1.0//libgcc.a(_umoddi3.o)

.data           0x0003ca00      0x11e
 *(.data)
 .data          0x0003ca00       0x4b /home/zack/Programming/NanobyteOS/SolOS/build/kernel/s/main.o
 .data          0x0003ca4b        0x0 /home/zack/Programming/NanobyteOS/SolOS/build/kernel/s/syscall.o
 .data          0x0003ca4b        0x0 /home/zack/Programming/NanobyteOS/SolOS/build/kernel/s/hardware-io/io.o
 .data          0x0003ca4b        0x0 /home/zack/Programming/NanobyteOS/SolOS/build/kernel/s/memory-manager/VMM.o
 .data          0x0003ca4b        0x0 /home/zack/Programming/NanobyteOS/SolOS/build/kernel/s/proc/proc.o
 .data          0x0003ca4b        0x0 /home/zack/Programming/NanobyteOS/SolOS/build/kernel/s/arch/x86/gdt.o
 .data          0x0003ca4b        0x0 /home/zack/Programming/NanobyteOS/SolOS/build/kernel/s/arch/x86/idt.o
 .data          0x0003ca4b        0x0 /home/zack/Programming/NanobyteOS/SolOS/build/kernel/s/arch/x86/isr.o
 .data          0x0003ca4b        0x0 /home/zack/Programming/NanobyteOS/SolOS/build/kernel/s/arch/x86/PIT8254.o
 .data          0x0003ca4b        0x0 /home/zack/Programming/NanobyteOS/SolOS/build/kernel/c/CLI.o
 .data          0x0003ca4b        0x0 /home/zack/Programming/NanobyteOS/SolOS/build/kernel/c/ctype.o
 .data          0x0003ca4b        0x0 /home/zack/Programming/NanobyteOS/SolOS/build/kernel/c/delay.o
 .data          0x0003ca4b        0x0 /home/zack/Programming/NanobyteOS/SolOS/build/kernel/c/file.o
 .data          0x0003ca4b        0x0 /home/zack/Programming/NanobyteOS/SolOS/build/kernel/c/kernel.o
 .data          0x0003ca4b        0x0 /home/zack/Programming/NanobyteOS/SolOS/build/kernel/c/memory.o
 .data          0x0003ca4b        0x0 /home/zack/Programming/NanobyteOS/SolOS/build/kernel/c/stdio.o
 .data          0x0003ca4b        0x0 /home/zack/Programming/NanobyteOS/SolOS/build/kernel/c/string.o
 .data          0x0003ca4b        0x0 /home/zack/Programming/NanobyteOS/SolOS/build/kernel/c/syscall.o
 .data          0x0003ca4b        0x0 /home/zack/Programming/NanobyteOS/SolOS/build/kernel/c/disk/floppy.o
 .data          0x0003ca4b        0x0 /home/zack/Programming/NanobyteOS/SolOS/build/kernel/c/display/kinter.o
 .data          0x0003ca4b        0x0 /home/zack/Programming/NanobyteOS/SolOS/build/kernel/c/display/VGA.o
 .data          0x0003ca4b        0x0 /home/zack/Programming/NanobyteOS/SolOS/build/kernel/c/filesys/drive.o
 *fill*         0x0003ca4b        0x1 
 .data          0x0003ca4c        0x4 /home/zack/Programming/NanobyteOS/SolOS/build/kernel/c/filesys/fat12.o
                0x0003ca4c                g_FATLoaded
 .data          0x0003ca50        0x0 /home/zack/Programming/NanobyteOS/SolOS/build/kernel/c/HAL/hal.o
 .data          0x0003ca50        0x0 /home/zack/Programming/NanobyteOS/SolOS/build/kernel/c/hardware-io/io.o
 *fill*         0x0003ca50       0x10 
 .data          0x0003ca60       0x7a /home/zack/Programming/NanobyteOS/SolOS/build/kernel/c/keyboard/keyboard.o
                0x0003ca60                g_QWERTY_make_scancodes_shifted
                0x0003caa0                g_QWERTY_make_scancodes_unshifted
 .data          0x0003cada        0x0 /home/zack/Programming/NanobyteOS/SolOS/build/kernel/c/memory-manager/FMM.o
 .data          0x0003cada        0x0 /home/zack/Programming/NanobyteOS/SolOS/build/kernel/c/memory-manager/PMM.o
 .data          0x0003cada        0x0 /home/zack/Programming/NanobyteOS/SolOS/build/kernel/c/memory-manager/VMM.o
 .data          0x0003cada        0x0 /home/zack/Programming/NanobyteOS/SolOS/build/kernel/c/proc/load.o
 *fill*         0x0003cada        0x2 
 .data          0x0003cadc        0x4 /home/zack/Programming/NanobyteOS/SolOS/build/kernel/c/proc/proc.o
                0x0003cadc                g_schedulingEnabled
 .data          0x0003cae0       0x36 /home/zack/Programming/NanobyteOS/SolOS/build/kernel/c/arch/x86/gdt.o
                0x0003cae0                g_GDT
                0x0003cb10                g_GDT_Descriptor
 *fill*         0x0003cb16        0x2 
 .data          0x0003cb18        0x6 /home/zack/Programming/NanobyteOS/SolOS/build/kernel/c/arch/x86/idt.o
                0x0003cb18                g_IDTDescriptor
 .data          0x0003cb1e        0x0 /home/zack/Programming/NanobyteOS/SolOS/build/kernel/c/arch/x86/irq.o
 .data          0x0003cb1e        0x0 /home/zack/Programming/NanobyteOS/SolOS/build/kernel/c/arch/x86/isr.o
 .data          0x0003cb1e        0x0 /home/zack/Programming/NanobyteOS/SolOS/build/kernel/c/arch/x86/PIC8259.o
 .data          0x0003cb1e        0x0 /home/zack/opt/cross/lib/gcc/i686-elf/12.1.0//libgcc.a(_udivdi3.o)
 .data          0x0003cb1e        0x0 /home/zack/opt/cross/lib/gcc/i686-elf/12.1.0//libgcc.a(_umoddi3.o)

.bss            0x0003cb20    0x293cc
 *(COMMON)
 *(.bss)
 .bss           0x0003cb20        0x0 /home/zack/Programming/NanobyteOS/SolOS/build/kernel/s/main.o
 .bss           0x0003cb20        0x0 /home/zack/Programming/NanobyteOS/SolOS/build/kernel/s/syscall.o
 .bss           0x0003cb20        0x0 /home/zack/Programming/NanobyteOS/SolOS/build/kernel/s/hardware-io/io.o
 .bss           0x0003cb20        0x0 /home/zack/Programming/NanobyteOS/SolOS/build/kernel/s/memory-manager/VMM.o
 .bss           0x0003cb20        0x0 /home/zack/Programming/NanobyteOS/SolOS/build/kernel/s/proc/proc.o
 .bss           0x0003cb20        0x0 /home/zack/Programming/NanobyteOS/SolOS/build/kernel/s/arch/x86/gdt.o
 .bss           0x0003cb20        0x0 /home/zack/Programming/NanobyteOS/SolOS/build/kernel/s/arch/x86/idt.o
 .bss           0x0003cb20        0x0 /home/zack/Programming/NanobyteOS/SolOS/build/kernel/s/arch/x86/isr.o
 .bss           0x0003cb20        0x0 /home/zack/Programming/NanobyteOS/SolOS/build/kernel/s/arch/x86/PIT8254.o
 .bss           0x0003cb20      0x500 /home/zack/Programming/NanobyteOS/SolOS/build/kernel/c/CLI.o
                0x0003cb20                g_CMDHandlers
                0x0003cf20                CurrentPath
 .bss           0x0003d020        0x0 /home/zack/Programming/NanobyteOS/SolOS/build/kernel/c/ctype.o
 .bss           0x0003d020        0x8 /home/zack/Programming/NanobyteOS/SolOS/build/kernel/c/delay.o
                0x0003d020                g_Timer
 *fill*         0x0003d028       0x18 
 .bss           0x0003d040       0x7c /home/zack/Programming/NanobyteOS/SolOS/build/kernel/c/file.o
                0x0003d040                g_Files
                0x0003d0b8                g_ActiveFileDescriptors
 .bss           0x0003d0bc        0x0 /home/zack/Programming/NanobyteOS/SolOS/build/kernel/c/kernel.o
 .bss           0x0003d0bc        0x0 /home/zack/Programming/NanobyteOS/SolOS/build/kernel/c/memory.o
 *fill*         0x0003d0bc        0x4 
 .bss           0x0003d0c0      0x586 /home/zack/Programming/NanobyteOS/SolOS/build/kernel/c/stdio.o
                0x0003d0c0                g_VGA_Display
                0x0003d0e0                g_Root_Terminal
                0x0003d208                g_ActiveContext
                0x0003d220                g_STDOUT
                0x0003d420                g_STDIN
                0x0003d440                g_STDERR
                0x0003d640                g_STDOUT_TAIL
                0x0003d642                g_STDIN_TAIL
                0x0003d644                g_STDERR_TAIL
 .bss           0x0003d646        0x0 /home/zack/Programming/NanobyteOS/SolOS/build/kernel/c/string.o
 .bss           0x0003d646        0x0 /home/zack/Programming/NanobyteOS/SolOS/build/kernel/c/syscall.o
 .bss           0x0003d646        0x2 /home/zack/Programming/NanobyteOS/SolOS/build/kernel/c/disk/floppy.o
                0x0003d646                g_WaitingForIRQ6
                0x0003d647                g_FloppyNum
 .bss           0x0003d648        0x1 /home/zack/Programming/NanobyteOS/SolOS/build/kernel/c/display/kinter.o
                0x0003d648                g_BlinkDisable
 .bss           0x0003d649        0x0 /home/zack/Programming/NanobyteOS/SolOS/build/kernel/c/display/VGA.o
 *fill*         0x0003d649       0x17 
 .bss           0x0003d660       0x40 /home/zack/Programming/NanobyteOS/SolOS/build/kernel/c/filesys/drive.o
                0x0003d660                g_Drives
 .bss           0x0003d6a0      0x580 /home/zack/Programming/NanobyteOS/SolOS/build/kernel/c/filesys/fat12.o
                0x0003d6a0                g_FatData
                0x0003da00                g_FirstFATSector
                0x0003da04                g_FirstRootDirSector
                0x0003da08                g_RootDirSize
                0x0003da0c                g_FirstDataSector
                0x0003da10                g_FAT
                0x0003da20                g_RootDirectoryBuffer
 .bss           0x0003dc20        0x0 /home/zack/Programming/NanobyteOS/SolOS/build/kernel/c/HAL/hal.o
 .bss           0x0003dc20        0x0 /home/zack/Programming/NanobyteOS/SolOS/build/kernel/c/hardware-io/io.o
 .bss           0x0003dc20        0x5 /home/zack/Programming/NanobyteOS/SolOS/build/kernel/c/keyboard/keyboard.o
                0x0003dc20                g_ControlKeyStates
                0x0003dc24                g_E0_Received
 *fill*         0x0003dc25        0x3 
 .bss           0x0003dc28        0x8 /home/zack/Programming/NanobyteOS/SolOS/build/kernel/c/memory-manager/FMM.o
                0x0003dc28                g_KernelDMAAddress
                0x0003dc2c                g_KernelDMAPhysicalAddress
 *fill*         0x0003dc30       0x10 
 .bss           0x0003dc40    0x2063c /home/zack/Programming/NanobyteOS/SolOS/build/kernel/c/memory-manager/PMM.o
                0x0003dc40                g_MemoryMap
                0x0003df60                g_UsableMemoryMap
                0x0003e280                g_BitmapWedges
                0x0003e2a0                g_Bitmap
 .bss           0x0005e27c       0x10 /home/zack/Programming/NanobyteOS/SolOS/build/kernel/c/memory-manager/VMM.o
                0x0005e27c                g_PageDirectoryAddress
                0x0005e280                g_WorkingPageTable
                0x0005e284                g_KernelPageTable
                0x0005e288                g_KernelDMAVirtualAddress
 .bss           0x0005e28c        0x0 /home/zack/Programming/NanobyteOS/SolOS/build/kernel/c/proc/load.o
 *fill*         0x0005e28c       0x14 
 .bss           0x0005e2a0     0x6f70 /home/zack/Programming/NanobyteOS/SolOS/build/kernel/c/proc/proc.o
                0x0005e2a0                g_running
                0x0005e2a4                g_queue
                0x0005e2a8                g_sleeping_list
                0x0005e2ac                g_GoToKernel
                0x0005e2ad                g_KillRunning
                0x0005e2ae                g_SleepRunning
                0x0005e2c0                g_KernelContext
                0x0005e300                g_SavedESP
                0x0005e304                g_time_since_switch
                0x0005e308                g_PIDCounter
                0x0005e320                g_Processes
 *fill*         0x00065210       0x10 
 .bss           0x00065220       0x6c /home/zack/Programming/NanobyteOS/SolOS/build/kernel/c/arch/x86/gdt.o
                0x00065220                g_TSS
 *fill*         0x0006528c       0x14 
 .bss           0x000652a0      0x800 /home/zack/Programming/NanobyteOS/SolOS/build/kernel/c/arch/x86/idt.o
                0x000652a0                g_IDT
 .bss           0x00065aa0       0x40 /home/zack/Programming/NanobyteOS/SolOS/build/kernel/c/arch/x86/irq.o
                0x00065aa0                g_IRQHandlers
 .bss           0x00065ae0      0x400 /home/zack/Programming/NanobyteOS/SolOS/build/kernel/c/arch/x86/isr.o
                0x00065ae0                g_ISRHandlers
 .bss           0x00065ee0        0xc /home/zack/Programming/NanobyteOS/SolOS/build/kernel/c/arch/x86/PIC8259.o
                0x00065ee0                PIC_ICW1
                0x00065ee4                PIC_ICW4
                0x00065ee8                PIC_CMD
 .bss           0x00065eec        0x0 /home/zack/opt/cross/lib/gcc/i686-elf/12.1.0//libgcc.a(_udivdi3.o)
 .bss           0x00065eec        0x0 /home/zack/opt/cross/lib/gcc/i686-elf/12.1.0//libgcc.a(_umoddi3.o)
LOAD /home/zack/Programming/NanobyteOS/SolOS/build/kernel/s/main.o
LOAD /home/zack/Programming/NanobyteOS/SolOS/build/kernel/s/syscall.o
LOAD /home/zack/Programming/NanobyteOS/SolOS/build/kernel/s/hardware-io/io.o
LOAD /home/zack/Programming/NanobyteOS/SolOS/build/kernel/s/memory-manager/VMM.o
LOAD /home/zack/Programming/NanobyteOS/SolOS/build/kernel/s/proc/proc.o
LOAD /home/zack/Programming/NanobyteOS/SolOS/build/kernel/s/arch/x86/gdt.o
LOAD /home/zack/Programming/NanobyteOS/SolOS/build/kernel/s/arch/x86/idt.o
LOAD /home/zack/Programming/NanobyteOS/SolOS/build/kernel/s/arch/x86/isr.o
LOAD /home/zack/Programming/NanobyteOS/SolOS/build/kernel/s/arch/x86/PIT8254.o
LOAD /home/zack/Programming/NanobyteOS/SolOS/build/kernel/c/CLI.o
LOAD /home/zack/Programming/NanobyteOS/SolOS/build/kernel/c/ctype.o
LOAD /home/zack/Programming/NanobyteOS/SolOS/build/kernel/c/delay.o
LOAD /home/zack/Programming/NanobyteOS/SolOS/build/kernel/c/file.o
LOAD /home/zack/Programming/NanobyteOS/SolOS/build/kernel/c/kernel.o
LOAD /home/zack/Programming/NanobyteOS/SolOS/build/kernel/c/memory.o
LOAD /home/zack/Programming/NanobyteOS/SolOS/build/kernel/c/stdio.o
LOAD /home/zack/Programming/NanobyteOS/SolOS/build/kernel/c/string.o
LOAD /home/zack/Programming/NanobyteOS/SolOS/build/kernel/c/syscall.o
LOAD /home/zack/Programming/NanobyteOS/SolOS/build/kernel/c/disk/floppy.o
LOAD /home/zack/Programming/NanobyteOS/SolOS/build/kernel/c/display/kinter.o
LOAD /home/zack/Programming/NanobyteOS/SolOS/build/kernel/c/display/VGA.o
LOAD /home/zack/Programming/NanobyteOS/SolOS/build/kernel/c/filesys/drive.o
LOAD /home/zack/Programming/NanobyteOS/SolOS/build/kernel/c/filesys/fat12.o
LOAD /home/zack/Programming/NanobyteOS/SolOS/build/kernel/c/HAL/hal.o
LOAD /home/zack/Programming/NanobyteOS/SolOS/build/kernel/c/hardware-io/io.o
LOAD /home/zack/Programming/NanobyteOS/SolOS/build/kernel/c/keyboard/keyboard.o
LOAD /home/zack/Programming/NanobyteOS/SolOS/build/kernel/c/memory-manager/FMM.o
LOAD /home/zack/Programming/NanobyteOS/SolOS/build/kernel/c/memory-manager/PMM.o
LOAD /home/zack/Programming/NanobyteOS/SolOS/build/kernel/c/memory-manager/VMM.o
LOAD /home/zack/Programming/NanobyteOS/SolOS/build/kernel/c/proc/load.o
LOAD /home/zack/Programming/NanobyteOS/SolOS/build/kernel/c/proc/proc.o
LOAD /home/zack/Programming/NanobyteOS/SolOS/build/kernel/c/arch/x86/gdt.o
LOAD /home/zack/Programming/NanobyteOS/SolOS/build/kernel/c/arch/x86/idt.o
LOAD /home/zack/Programming/NanobyteOS/SolOS/build/kernel/c/arch/x86/irq.o
LOAD /home/zack/Programming/NanobyteOS/SolOS/build/kernel/c/arch/x86/isr.o
LOAD /home/zack/Programming/NanobyteOS/SolOS/build/kernel/c/arch/x86/PIC8259.o
LOAD /home/zack/opt/cross/lib/gcc/i686-elf/12.1.0//libgcc.a
OUTPUT(/home/zack/Programming/NanobyteOS/SolOS/build/kernel.bin binary)

.comment        0x00000000      0x227
 .comment       0x00000000       0x13 /home/zack/Programming/NanobyteOS/SolOS/build/kernel/c/CLI.o
 .comment       0x00000013       0x13 /home/zack/Programming/NanobyteOS/SolOS/build/kernel/c/ctype.o
 .comment       0x00000026       0x13 /home/zack/Programming/NanobyteOS/SolOS/build/kernel/c/delay.o
 .comment       0x00000039       0x13 /home/zack/Programming/NanobyteOS/SolOS/build/kernel/c/file.o
 .comment       0x0000004c       0x13 /home/zack/Programming/NanobyteOS/SolOS/build/kernel/c/kernel.o
 .comment       0x0000005f       0x13 /home/zack/Programming/NanobyteOS/SolOS/build/kernel/c/memory.o
 .comment       0x00000072       0x13 /home/zack/Programming/NanobyteOS/SolOS/build/kernel/c/stdio.o
 .comment       0x00000085       0x13 /home/zack/Programming/NanobyteOS/SolOS/build/kernel/c/string.o
 .comment       0x00000098       0x13 /home/zack/Programming/NanobyteOS/SolOS/build/kernel/c/syscall.o
 .comment       0x000000ab       0x13 /home/zack/Programming/NanobyteOS/SolOS/build/kernel/c/disk/floppy.o
 .comment       0x000000be       0x13 /home/zack/Programming/NanobyteOS/SolOS/build/kernel/c/display/kinter.o
 .comment       0x000000d1       0x13 /home/zack/Programming/NanobyteOS/SolOS/build/kernel/c/display/VGA.o
 .comment       0x000000e4       0x13 /home/zack/Programming/NanobyteOS/SolOS/build/kernel/c/filesys/drive.o
 .comment       0x000000f7       0x13 /home/zack/Programming/NanobyteOS/SolOS/build/kernel/c/filesys/fat12.o
 .comment       0x0000010a       0x13 /home/zack/Programming/NanobyteOS/SolOS/build/kernel/c/HAL/hal.o
 .comment       0x0000011d       0x13 /home/zack/Programming/NanobyteOS/SolOS/build/kernel/c/hardware-io/io.o
 .comment       0x00000130       0x13 /home/zack/Programming/NanobyteOS/SolOS/build/kernel/c/keyboard/keyboard.o
 .comment       0x00000143       0x13 /home/zack/Programming/NanobyteOS/SolOS/build/kernel/c/memory-manager/FMM.o
 .comment       0x00000156       0x13 /home/zack/Programming/NanobyteOS/SolOS/build/kernel/c/memory-manager/PMM.o
 .comment       0x00000169       0x13 /home/zack/Programming/NanobyteOS/SolOS/build/kernel/c/memory-manager/VMM.o
 .comment       0x0000017c       0x13 /home/zack/Programming/NanobyteOS/SolOS/build/kernel/c/proc/load.o
 .comment       0x0000018f       0x13 /home/zack/Programming/NanobyteOS/SolOS/build/kernel/c/proc/proc.o
 .comment       0x000001a2       0x13 /home/zack/Programming/NanobyteOS/SolOS/build/kernel/c/arch/x86/gdt.o
 .comment       0x000001b5       0x13 /home/zack/Programming/NanobyteOS/SolOS/build/kernel/c/arch/x86/idt.o
 .comment       0x000001c8       0x13 /home/zack/Programming/NanobyteOS/SolOS/build/kernel/c/arch/x86/irq.o
 .comment       0x000001db       0x13 /home/zack/Programming/NanobyteOS/SolOS/build/kernel/c/arch/x86/isr.o
 .comment       0x000001ee       0x13 /home/zack/Programming/NanobyteOS/SolOS/build/kernel/c/arch/x86/PIC8259.o
 .comment       0x00000201       0x13 /home/zack/opt/cross/lib/gcc/i686-elf/12.1.0//libgcc.a(_udivdi3.o)
 .comment       0x00000214       0x13 /home/zack/opt/cross/lib/gcc/i686-elf/12.1.0//libgcc.a(_umoddi3.o)

.debug_info     0x00000000      0x66b
 .debug_info    0x00000000      0x326 /home/zack/opt/cross/lib/gcc/i686-elf/12.1.0//libgcc.a(_udivdi3.o)
 .debug_info    0x00000326      0x345 /home/zack/opt/cross/lib/gcc/i686-elf/12.1.0//libgcc.a(_umoddi3.o)

.debug_abbrev   0x00000000      0x2e0
 .debug_abbrev  0x00000000      0x165 /home/zack/opt/cross/lib/gcc/i686-elf/12.1.0//libgcc.a(_udivdi3.o)
 .debug_abbrev  0x00000165      0x17b /home/zack/opt/cross/lib/gcc/i686-elf/12.1.0//libgcc.a(_umoddi3.o)

.debug_loclists
                0x00000000      0x7be
 .debug_loclists
                0x00000000      0x40a /home/zack/opt/cross/lib/gcc/i686-elf/12.1.0//libgcc.a(_udivdi3.o)
 .debug_loclists
                0x0000040a      0x3b4 /home/zack/opt/cross/lib/gcc/i686-elf/12.1.0//libgcc.a(_umoddi3.o)

.debug_aranges  0x00000000       0x40
 .debug_aranges
                0x00000000       0x20 /home/zack/opt/cross/lib/gcc/i686-elf/12.1.0//libgcc.a(_udivdi3.o)
 .debug_aranges
                0x00000020       0x20 /home/zack/opt/cross/lib/gcc/i686-elf/12.1.0//libgcc.a(_umoddi3.o)

.debug_rnglists
                0x00000000       0x49
 .debug_rnglists
                0x00000000       0x2a /home/zack/opt/cross/lib/gcc/i686-elf/12.1.0//libgcc.a(_udivdi3.o)
 .debug_rnglists
                0x0000002a       0x1f /home/zack/opt/cross/lib/gcc/i686-elf/12.1.0//libgcc.a(_umoddi3.o)

.debug_line     0x00000000      0x347
 .debug_line    0x00000000      0x179 /home/zack/opt/cross/lib/gcc/i686-elf/12.1.0//libgcc.a(_udivdi3.o)
 .debug_line    0x00000179      0x1ce /home/zack/opt/cross/lib/gcc/i686-elf/12.1.0//libgcc.a(_umoddi3.o)

.debug_str      0x00000000      0x3c6
 .debug_str     0x00000000      0x1e3 /home/zack/opt/cross/lib/gcc/i686-elf/12.1.0//libgcc.a(_udivdi3.o)
 .debug_str     0x000001e3      0x1e3 /home/zack/opt/cross/lib/gcc/i686-elf/12.1.0//libgcc.a(_umoddi3.o)

.debug_line_str
                0x00000000      0x170
 .debug_line_str
                0x00000000       0xb8 /home/zack/opt/cross/lib/gcc/i686-elf/12.1.0//libgcc.a(_udivdi3.o)
 .debug_line_str
                0x000000b8       0xb8 /home/zack/opt/cross/lib/gcc/i686-elf/12.1.0//libgcc.a(_umoddi3.o)
