Archive member included to satisfy reference by file (symbol)

/home/zack/opt/cross/lib/gcc/i686-elf/12.1.0//libgcc.a(_udivdi3.o)
                              /home/zack/Programming/NanobyteOS/XOS/build/kernel/c/stdio.o (__udivdi3)
/home/zack/opt/cross/lib/gcc/i686-elf/12.1.0//libgcc.a(_umoddi3.o)
                              /home/zack/Programming/NanobyteOS/XOS/build/kernel/c/stdio.o (__umoddi3)

There are no discarded input sections

Memory Configuration

Name             Origin             Length             Attributes
RAM              0x00030000         0x00050000         xrw
*default*        0x00000000         0xffffffff

Linker script and memory map

                0x00030000                        . = 0x30000

.text           0x00030000     0x5796
 *(.text)
 .text          0x00030000       0x28 /home/zack/Programming/NanobyteOS/XOS/build/kernel/s/main.o
                0x00030000                kernel_start
 .text          0x00030028       0x18 /home/zack/Programming/NanobyteOS/XOS/build/kernel/s/hardware-io/io.o
                0x00030028                i686_outb
                0x00030033                i686_inb
                0x0003003c                i686_EnableInterrupts
                0x0003003e                i686_DisableInterrupts
 .text          0x00030040       0x13 /home/zack/Programming/NanobyteOS/XOS/build/kernel/s/memory-manager/VMM.o
                0x00030040                VMM_EnablePaging
 *fill*         0x00030053        0x1 
 .text          0x00030054       0x3f /home/zack/Programming/NanobyteOS/XOS/build/kernel/s/arch/x86/gdt.o
                0x00030054                i686_GDT_Load
 *fill*         0x00030093        0x1 
 .text          0x00030094        0xd /home/zack/Programming/NanobyteOS/XOS/build/kernel/s/arch/x86/idt.o
                0x00030094                i686_IDT_Load
 *fill*         0x000300a1        0x3 
 .text          0x000300a4      0xa75 /home/zack/Programming/NanobyteOS/XOS/build/kernel/s/arch/x86/isr.o
                0x000300a4                i686_ISR0
                0x000300ad                i686_ISR1
                0x000300b6                i686_ISR2
                0x000300bf                i686_ISR3
                0x000300c8                i686_ISR4
                0x000300d1                i686_ISR5
                0x000300da                i686_ISR6
                0x000300e3                i686_ISR7
                0x000300ec                i686_ISR8
                0x000300f3                i686_ISR9
                0x000300fc                i686_ISR10
                0x00030103                i686_ISR11
                0x0003010a                i686_ISR12
                0x00030111                i686_ISR13
                0x00030118                i686_ISR14
                0x0003011f                i686_ISR15
                0x00030128                i686_ISR16
                0x00030131                i686_ISR17
                0x00030138                i686_ISR18
                0x00030141                i686_ISR19
                0x0003014a                i686_ISR20
                0x00030153                i686_ISR21
                0x0003015a                i686_ISR22
                0x00030163                i686_ISR23
                0x0003016c                i686_ISR24
                0x00030175                i686_ISR25
                0x0003017e                i686_ISR26
                0x00030187                i686_ISR27
                0x00030190                i686_ISR28
                0x00030199                i686_ISR29
                0x000301a0                i686_ISR30
                0x000301a7                i686_ISR31
                0x000301b0                i686_ISR32
                0x000301b9                i686_ISR33
                0x000301c2                i686_ISR34
                0x000301cb                i686_ISR35
                0x000301d4                i686_ISR36
                0x000301dd                i686_ISR37
                0x000301e6                i686_ISR38
                0x000301ef                i686_ISR39
                0x000301f8                i686_ISR40
                0x00030201                i686_ISR41
                0x0003020a                i686_ISR42
                0x00030213                i686_ISR43
                0x0003021c                i686_ISR44
                0x00030225                i686_ISR45
                0x0003022e                i686_ISR46
                0x00030237                i686_ISR47
                0x00030240                i686_ISR48
                0x00030249                i686_ISR49
                0x00030252                i686_ISR50
                0x0003025b                i686_ISR51
                0x00030264                i686_ISR52
                0x0003026d                i686_ISR53
                0x00030276                i686_ISR54
                0x0003027f                i686_ISR55
                0x00030288                i686_ISR56
                0x00030291                i686_ISR57
                0x0003029a                i686_ISR58
                0x000302a3                i686_ISR59
                0x000302ac                i686_ISR60
                0x000302b5                i686_ISR61
                0x000302be                i686_ISR62
                0x000302c7                i686_ISR63
                0x000302d0                i686_ISR64
                0x000302d9                i686_ISR65
                0x000302e2                i686_ISR66
                0x000302eb                i686_ISR67
                0x000302f4                i686_ISR68
                0x000302fd                i686_ISR69
                0x00030306                i686_ISR70
                0x0003030f                i686_ISR71
                0x00030318                i686_ISR72
                0x00030321                i686_ISR73
                0x0003032a                i686_ISR74
                0x00030333                i686_ISR75
                0x0003033c                i686_ISR76
                0x00030345                i686_ISR77
                0x0003034e                i686_ISR78
                0x00030357                i686_ISR79
                0x00030360                i686_ISR80
                0x00030369                i686_ISR81
                0x00030372                i686_ISR82
                0x0003037b                i686_ISR83
                0x00030384                i686_ISR84
                0x0003038d                i686_ISR85
                0x00030396                i686_ISR86
                0x0003039f                i686_ISR87
                0x000303a8                i686_ISR88
                0x000303b1                i686_ISR89
                0x000303ba                i686_ISR90
                0x000303c3                i686_ISR91
                0x000303cc                i686_ISR92
                0x000303d5                i686_ISR93
                0x000303de                i686_ISR94
                0x000303e7                i686_ISR95
                0x000303f0                i686_ISR96
                0x000303f9                i686_ISR97
                0x00030402                i686_ISR98
                0x0003040b                i686_ISR99
                0x00030414                i686_ISR100
                0x0003041d                i686_ISR101
                0x00030426                i686_ISR102
                0x0003042f                i686_ISR103
                0x00030438                i686_ISR104
                0x00030441                i686_ISR105
                0x0003044a                i686_ISR106
                0x00030453                i686_ISR107
                0x0003045c                i686_ISR108
                0x00030465                i686_ISR109
                0x0003046e                i686_ISR110
                0x00030477                i686_ISR111
                0x00030480                i686_ISR112
                0x00030489                i686_ISR113
                0x00030492                i686_ISR114
                0x0003049b                i686_ISR115
                0x000304a4                i686_ISR116
                0x000304ad                i686_ISR117
                0x000304b6                i686_ISR118
                0x000304bf                i686_ISR119
                0x000304c8                i686_ISR120
                0x000304d1                i686_ISR121
                0x000304da                i686_ISR122
                0x000304e3                i686_ISR123
                0x000304ec                i686_ISR124
                0x000304f5                i686_ISR125
                0x000304fe                i686_ISR126
                0x00030507                i686_ISR127
                0x00030510                i686_ISR128
                0x0003051c                i686_ISR129
                0x00030528                i686_ISR130
                0x00030534                i686_ISR131
                0x00030540                i686_ISR132
                0x0003054c                i686_ISR133
                0x00030558                i686_ISR134
                0x00030564                i686_ISR135
                0x00030570                i686_ISR136
                0x0003057c                i686_ISR137
                0x00030588                i686_ISR138
                0x00030594                i686_ISR139
                0x000305a0                i686_ISR140
                0x000305ac                i686_ISR141
                0x000305b8                i686_ISR142
                0x000305c4                i686_ISR143
                0x000305d0                i686_ISR144
                0x000305dc                i686_ISR145
                0x000305e8                i686_ISR146
                0x000305f4                i686_ISR147
                0x00030600                i686_ISR148
                0x0003060c                i686_ISR149
                0x00030618                i686_ISR150
                0x00030624                i686_ISR151
                0x00030630                i686_ISR152
                0x0003063c                i686_ISR153
                0x00030648                i686_ISR154
                0x00030654                i686_ISR155
                0x00030660                i686_ISR156
                0x0003066c                i686_ISR157
                0x00030678                i686_ISR158
                0x00030684                i686_ISR159
                0x00030690                i686_ISR160
                0x0003069c                i686_ISR161
                0x000306a8                i686_ISR162
                0x000306b4                i686_ISR163
                0x000306c0                i686_ISR164
                0x000306cc                i686_ISR165
                0x000306d8                i686_ISR166
                0x000306e4                i686_ISR167
                0x000306f0                i686_ISR168
                0x000306fc                i686_ISR169
                0x00030708                i686_ISR170
                0x00030714                i686_ISR171
                0x00030720                i686_ISR172
                0x0003072c                i686_ISR173
                0x00030738                i686_ISR174
                0x00030744                i686_ISR175
                0x00030750                i686_ISR176
                0x0003075c                i686_ISR177
                0x00030768                i686_ISR178
                0x00030774                i686_ISR179
                0x00030780                i686_ISR180
                0x0003078c                i686_ISR181
                0x00030798                i686_ISR182
                0x000307a4                i686_ISR183
                0x000307b0                i686_ISR184
                0x000307bc                i686_ISR185
                0x000307c8                i686_ISR186
                0x000307d4                i686_ISR187
                0x000307e0                i686_ISR188
                0x000307ec                i686_ISR189
                0x000307f8                i686_ISR190
                0x00030804                i686_ISR191
                0x00030810                i686_ISR192
                0x0003081c                i686_ISR193
                0x00030828                i686_ISR194
                0x00030834                i686_ISR195
                0x00030840                i686_ISR196
                0x0003084c                i686_ISR197
                0x00030858                i686_ISR198
                0x00030864                i686_ISR199
                0x00030870                i686_ISR200
                0x0003087c                i686_ISR201
                0x00030888                i686_ISR202
                0x00030894                i686_ISR203
                0x000308a0                i686_ISR204
                0x000308ac                i686_ISR205
                0x000308b8                i686_ISR206
                0x000308c4                i686_ISR207
                0x000308d0                i686_ISR208
                0x000308dc                i686_ISR209
                0x000308e8                i686_ISR210
                0x000308f4                i686_ISR211
                0x00030900                i686_ISR212
                0x0003090c                i686_ISR213
                0x00030918                i686_ISR214
                0x00030924                i686_ISR215
                0x00030930                i686_ISR216
                0x0003093c                i686_ISR217
                0x00030948                i686_ISR218
                0x00030954                i686_ISR219
                0x00030960                i686_ISR220
                0x0003096c                i686_ISR221
                0x00030978                i686_ISR222
                0x00030984                i686_ISR223
                0x00030990                i686_ISR224
                0x0003099c                i686_ISR225
                0x000309a8                i686_ISR226
                0x000309b4                i686_ISR227
                0x000309c0                i686_ISR228
                0x000309cc                i686_ISR229
                0x000309d8                i686_ISR230
                0x000309e4                i686_ISR231
                0x000309f0                i686_ISR232
                0x000309fc                i686_ISR233
                0x00030a08                i686_ISR234
                0x00030a14                i686_ISR235
                0x00030a20                i686_ISR236
                0x00030a2c                i686_ISR237
                0x00030a38                i686_ISR238
                0x00030a44                i686_ISR239
                0x00030a50                i686_ISR240
                0x00030a5c                i686_ISR241
                0x00030a65                i686_ISR242
                0x00030a6e                i686_ISR243
                0x00030a77                i686_ISR244
                0x00030a80                i686_ISR245
                0x00030a89                i686_ISR246
                0x00030a92                i686_ISR247
                0x00030a9b                i686_ISR248
                0x00030aa4                i686_ISR249
                0x00030aad                i686_ISR250
                0x00030ab6                i686_ISR251
                0x00030abf                i686_ISR252
                0x00030ac8                i686_ISR253
                0x00030ad1                i686_ISR254
                0x00030ada                i686_ISR255
                0x00030b0d                i686_DisablePaging
 *fill*         0x00030b19        0x3 
 .text          0x00030b1c       0x14 /home/zack/Programming/NanobyteOS/XOS/build/kernel/s/arch/x86/PIT8254.o
                0x00030b1c                i686_PIT_Initialize
 .text          0x00030b30      0x14f /home/zack/Programming/NanobyteOS/XOS/build/kernel/c/kernel.o
                0x00030b30                setup_timer
                0x00030b36                timer
                0x00030b4f                kernel_main
 .text          0x00030c7f       0xf5 /home/zack/Programming/NanobyteOS/XOS/build/kernel/c/memory.o
                0x00030c7f                memcpy
                0x00030cd1                memset
                0x00030d14                memcmp
 .text          0x00030d74      0xe70 /home/zack/Programming/NanobyteOS/XOS/build/kernel/c/stdio.o
                0x00030d74                initialize_stdio
                0x00030dc6                GetActiveContext
                0x00030dd0                GetSTDOUT
                0x00030dda                GetSTDIN
                0x00030de4                GetSTDERR
                0x00030dee                STD_PutBuffer
                0x00030e23                STD_GetBuffer
                0x00030e64                STD_FlushSTDOUT
                0x00030ead                STD_FlushSTDIN
                0x00030ee0                STD_FlushSTDERR
                0x00030f13                ActiveContextTimerCursorHook
                0x00030f30                ActiveContextKeyboardHook
                0x00030ff9                CFG_EnableCursorBlinking
                0x00031008                CFG_DisableCursorBlinking
                0x00031017                CFG_SetCursorChar
                0x00031032                __STD_Putc
                0x00031065                __STD_Puts
                0x0003108e                printf_unsigned
                0x00031141                printf_signed
                0x0003119b                printf
                0x000314a8                hex_to_dec
                0x00031540                scanf
                0x00031b2c                getline
 .text          0x00031be4      0xb9e /home/zack/Programming/NanobyteOS/XOS/build/kernel/c/display/kinter.o
                0x00031be4                KI_VGACoordTransform
                0x00031c65                KI_DrawCursor
                0x00031d1f                KI_CursorHook
                0x00031d5a                KI_Initialize
                0x00031e98                KI_Clear
                0x00031f2e                KI_DrawBorder
                0x000322d6                KI_UpdateLineScrolling
                0x00032434                KI_Putc
                0x00032702                KI_Puts
                0x00032734                KI_BadSizeError
                0x0003276b                KI_TextOverflowError
 .text          0x00032782      0x276 /home/zack/Programming/NanobyteOS/XOS/build/kernel/c/display/VGA.o
                0x00032782                VGA_ColorData
                0x00032794                VGA_Initialize
                0x000327da                VGA_ClearScreen
                0x0003285b                VGA_SetChar
                0x000328bb                VGA_SetCursorPos
                0x000328f0                VGA_Print
                0x00032974                VGA_Write
 .text          0x000329f8       0x22 /home/zack/Programming/NanobyteOS/XOS/build/kernel/c/HAL/hal.o
                0x000329f8                HAL_Initialize
 .text          0x00032a1a       0x1b /home/zack/Programming/NanobyteOS/XOS/build/kernel/c/hardware-io/io.o
                0x00032a1a                i686_iowait
 .text          0x00032a35      0x1a2 /home/zack/Programming/NanobyteOS/XOS/build/kernel/c/keyboard/keyboard.o
                0x00032a35                GetQWERTYCTRLMakeKeyCode
                0x00032a92                GetQWERTYCTRLClearKeyCode
                0x00032aff                Keyboard_Handler
 .text          0x00032bd7      0x146 /home/zack/Programming/NanobyteOS/XOS/build/kernel/c/memory-manager/FMM.o
                0x00032bd7                FMM_Initialize
                0x00032c3c                PageFaultHandler
 .text          0x00032d1d      0xb36 /home/zack/Programming/NanobyteOS/XOS/build/kernel/c/memory-manager/PMM.o
                0x00032d1d                PMM_Initialize
                0x00033091                PMM_GetBitmapData
                0x000330b5                PMM_SetBitmapData
                0x00033112                PMM_PrintUsableRegionInfo
                0x00033196                PMM_BlockIndex2PhysicalAddress
                0x0003327d                PMM_PhysicalAddress2BlockIndex
                0x00033356                PMM_DEBUG_PrintWedges
                0x000333dc                PMM_FirstFitSearch
                0x000334b6                PMM_AllocateBlocks
                0x000335fe                PMM_FreeBlocks
                0x00033789                PMM_ForceFreeBlocks
 .text          0x00033853      0x263 /home/zack/Programming/NanobyteOS/XOS/build/kernel/c/memory-manager/VMM.o
                0x00033853                VMM_VirtualAddress2PageIndices
                0x00033878                VMM_PageIndices2VirtualAddress
                0x0003388d                VMM_CreatePageDirectoryEntry
                0x000338d8                VMM_CreatePageTableEntry
                0x0003393d                VMM_Initialize
 .text          0x00033ab6       0x1d /home/zack/Programming/NanobyteOS/XOS/build/kernel/c/arch/x86/gdt.o
                0x00033ab6                i686_GDT_Initialize
 .text          0x00033ad3       0xba /home/zack/Programming/NanobyteOS/XOS/build/kernel/c/arch/x86/idt.o
                0x00033ad3                i686_IDT_SetGate
                0x00033b34                i686_IDT_EnableGate
                0x00033b54                i686_IDT_DisableGate
                0x00033b74                i686_IDT_Initialize
 .text          0x00033b8d       0xcc /home/zack/Programming/NanobyteOS/XOS/build/kernel/c/arch/x86/irq.o
                0x00033b8d                i686_IRQ_Handler
                0x00033bff                i686_IRQ_Initialize
                0x00033c46                i686_IRQ_RegisterHandler
 .text          0x00033c59     0x1630 /home/zack/Programming/NanobyteOS/XOS/build/kernel/c/arch/x86/isr.o
                0x00033c59                i686_ISR_Initialize
                0x00035116                i686_ISR_RegisterHandler
                0x0003513a                i686_ISR_Handler
 .text          0x00035289      0x2b6 /home/zack/Programming/NanobyteOS/XOS/build/kernel/c/arch/x86/PIC8259.o
                0x00035289                i686_PIC_Configure
                0x0003537b                i686_PIC_SendEndOfInterrupt
                0x000353ab                i686_PIC_Disable
                0x000353e5                i686_PIC_Mask
                0x00035439                i686_PIC_Unmask
                0x0003548f                i686_PIC_ReadIrqRequestRegister
                0x000354e7                i686_PIC_ReadInServiceRegister
 *fill*         0x0003553f        0x1 
 .text          0x00035540      0x11a /home/zack/opt/cross/lib/gcc/i686-elf/12.1.0//libgcc.a(_udivdi3.o)
                0x00035540                __udivdi3
 *fill*         0x0003565a        0x6 
 .text          0x00035660      0x136 /home/zack/opt/cross/lib/gcc/i686-elf/12.1.0//libgcc.a(_umoddi3.o)
                0x00035660                __umoddi3

.rodata         0x000357a0      0x968
 *(.rodata)
 .rodata        0x000357a0      0x108 /home/zack/Programming/NanobyteOS/XOS/build/kernel/c/kernel.o
 .rodata        0x000358a8      0x2e8 /home/zack/Programming/NanobyteOS/XOS/build/kernel/c/stdio.o
                0x000358b8                g_HexChars
 .rodata        0x00035b90       0x37 /home/zack/Programming/NanobyteOS/XOS/build/kernel/c/display/kinter.o
 *fill*         0x00035bc7        0x1 
 .rodata        0x00035bc8       0xf9 /home/zack/Programming/NanobyteOS/XOS/build/kernel/c/memory-manager/FMM.o
 *fill*         0x00035cc1        0x3 
 .rodata        0x00035cc4       0x80 /home/zack/Programming/NanobyteOS/XOS/build/kernel/c/memory-manager/PMM.o
 .rodata        0x00035d44       0x25 /home/zack/Programming/NanobyteOS/XOS/build/kernel/c/arch/x86/irq.o
 *fill*         0x00035d69       0x17 
 .rodata        0x00035d80      0x388 /home/zack/Programming/NanobyteOS/XOS/build/kernel/c/arch/x86/isr.o

.eh_frame       0x00036108       0xd8
 .eh_frame      0x00036108       0x64 /home/zack/opt/cross/lib/gcc/i686-elf/12.1.0//libgcc.a(_udivdi3.o)
 .eh_frame      0x0003616c       0x74 /home/zack/opt/cross/lib/gcc/i686-elf/12.1.0//libgcc.a(_umoddi3.o)

.data           0x000361e0      0x102
 *(.data)
 .data          0x000361e0       0x4b /home/zack/Programming/NanobyteOS/XOS/build/kernel/s/main.o
 .data          0x0003622b        0x0 /home/zack/Programming/NanobyteOS/XOS/build/kernel/s/hardware-io/io.o
 .data          0x0003622b        0x0 /home/zack/Programming/NanobyteOS/XOS/build/kernel/s/memory-manager/VMM.o
 .data          0x0003622b        0x0 /home/zack/Programming/NanobyteOS/XOS/build/kernel/s/arch/x86/gdt.o
 .data          0x0003622b        0x0 /home/zack/Programming/NanobyteOS/XOS/build/kernel/s/arch/x86/idt.o
 .data          0x0003622b        0x0 /home/zack/Programming/NanobyteOS/XOS/build/kernel/s/arch/x86/isr.o
 .data          0x0003622b        0x0 /home/zack/Programming/NanobyteOS/XOS/build/kernel/s/arch/x86/PIT8254.o
 .data          0x0003622b        0x0 /home/zack/Programming/NanobyteOS/XOS/build/kernel/c/kernel.o
 .data          0x0003622b        0x0 /home/zack/Programming/NanobyteOS/XOS/build/kernel/c/memory.o
 .data          0x0003622b        0x0 /home/zack/Programming/NanobyteOS/XOS/build/kernel/c/stdio.o
 .data          0x0003622b        0x0 /home/zack/Programming/NanobyteOS/XOS/build/kernel/c/display/kinter.o
 .data          0x0003622b        0x0 /home/zack/Programming/NanobyteOS/XOS/build/kernel/c/display/VGA.o
 .data          0x0003622b        0x0 /home/zack/Programming/NanobyteOS/XOS/build/kernel/c/HAL/hal.o
 .data          0x0003622b        0x0 /home/zack/Programming/NanobyteOS/XOS/build/kernel/c/hardware-io/io.o
 *fill*         0x0003622b       0x15 
 .data          0x00036240       0x7a /home/zack/Programming/NanobyteOS/XOS/build/kernel/c/keyboard/keyboard.o
                0x00036240                g_QWERTY_make_scancodes_shifted
                0x00036280                g_QWERTY_make_scancodes_unshifted
 .data          0x000362ba        0x0 /home/zack/Programming/NanobyteOS/XOS/build/kernel/c/memory-manager/FMM.o
 .data          0x000362ba        0x0 /home/zack/Programming/NanobyteOS/XOS/build/kernel/c/memory-manager/PMM.o
 .data          0x000362ba        0x0 /home/zack/Programming/NanobyteOS/XOS/build/kernel/c/memory-manager/VMM.o
 *fill*         0x000362ba        0x2 
 .data          0x000362bc       0x1e /home/zack/Programming/NanobyteOS/XOS/build/kernel/c/arch/x86/gdt.o
                0x000362bc                g_GDT
                0x000362d4                g_GDT_Descriptor
 *fill*         0x000362da        0x2 
 .data          0x000362dc        0x6 /home/zack/Programming/NanobyteOS/XOS/build/kernel/c/arch/x86/idt.o
                0x000362dc                g_IDTDescriptor
 .data          0x000362e2        0x0 /home/zack/Programming/NanobyteOS/XOS/build/kernel/c/arch/x86/irq.o
 .data          0x000362e2        0x0 /home/zack/Programming/NanobyteOS/XOS/build/kernel/c/arch/x86/isr.o
 .data          0x000362e2        0x0 /home/zack/Programming/NanobyteOS/XOS/build/kernel/c/arch/x86/PIC8259.o
 .data          0x000362e2        0x0 /home/zack/opt/cross/lib/gcc/i686-elf/12.1.0//libgcc.a(_udivdi3.o)
 .data          0x000362e2        0x0 /home/zack/opt/cross/lib/gcc/i686-elf/12.1.0//libgcc.a(_umoddi3.o)

.bss            0x00036300    0x2182c
 *(COMMON)
 *(.bss)
 .bss           0x00036300        0x0 /home/zack/Programming/NanobyteOS/XOS/build/kernel/s/main.o
 .bss           0x00036300        0x0 /home/zack/Programming/NanobyteOS/XOS/build/kernel/s/hardware-io/io.o
 .bss           0x00036300        0x0 /home/zack/Programming/NanobyteOS/XOS/build/kernel/s/memory-manager/VMM.o
 .bss           0x00036300        0x0 /home/zack/Programming/NanobyteOS/XOS/build/kernel/s/arch/x86/gdt.o
 .bss           0x00036300        0x0 /home/zack/Programming/NanobyteOS/XOS/build/kernel/s/arch/x86/idt.o
 .bss           0x00036300        0x0 /home/zack/Programming/NanobyteOS/XOS/build/kernel/s/arch/x86/isr.o
 .bss           0x00036300        0x0 /home/zack/Programming/NanobyteOS/XOS/build/kernel/s/arch/x86/PIT8254.o
 .bss           0x00036300        0x0 /home/zack/Programming/NanobyteOS/XOS/build/kernel/c/kernel.o
 .bss           0x00036300        0x0 /home/zack/Programming/NanobyteOS/XOS/build/kernel/c/memory.o
 .bss           0x00036300      0x586 /home/zack/Programming/NanobyteOS/XOS/build/kernel/c/stdio.o
                0x00036300                g_VGA_Display
                0x00036320                g_Root_Terminal
                0x00036448                g_ActiveContext
                0x00036460                g_STDOUT
                0x00036660                g_STDIN
                0x00036680                g_STDERR
                0x00036880                g_STDOUT_TAIL
                0x00036882                g_STDIN_TAIL
                0x00036884                g_STDERR_TAIL
 .bss           0x00036886        0x0 /home/zack/Programming/NanobyteOS/XOS/build/kernel/c/display/kinter.o
 .bss           0x00036886        0x0 /home/zack/Programming/NanobyteOS/XOS/build/kernel/c/display/VGA.o
 .bss           0x00036886        0x0 /home/zack/Programming/NanobyteOS/XOS/build/kernel/c/HAL/hal.o
 .bss           0x00036886        0x0 /home/zack/Programming/NanobyteOS/XOS/build/kernel/c/hardware-io/io.o
 *fill*         0x00036886        0x2 
 .bss           0x00036888        0x5 /home/zack/Programming/NanobyteOS/XOS/build/kernel/c/keyboard/keyboard.o
                0x00036888                g_ControlKeyStates
                0x0003688c                g_E0_Received
 .bss           0x0003688d        0x0 /home/zack/Programming/NanobyteOS/XOS/build/kernel/c/memory-manager/FMM.o
 *fill*         0x0003688d       0x13 
 .bss           0x000368a0    0x2063c /home/zack/Programming/NanobyteOS/XOS/build/kernel/c/memory-manager/PMM.o
                0x000368a0                g_MemoryMap
                0x00036bc0                g_UsableMemoryMap
                0x00036ee0                g_BitmapWedges
                0x00036f00                g_Bitmap
 .bss           0x00056edc        0x0 /home/zack/Programming/NanobyteOS/XOS/build/kernel/c/memory-manager/VMM.o
 .bss           0x00056edc        0x0 /home/zack/Programming/NanobyteOS/XOS/build/kernel/c/arch/x86/gdt.o
 *fill*         0x00056edc        0x4 
 .bss           0x00056ee0      0x800 /home/zack/Programming/NanobyteOS/XOS/build/kernel/c/arch/x86/idt.o
                0x00056ee0                g_IDT
 .bss           0x000576e0       0x40 /home/zack/Programming/NanobyteOS/XOS/build/kernel/c/arch/x86/irq.o
                0x000576e0                g_IRQHandlers
 .bss           0x00057720      0x400 /home/zack/Programming/NanobyteOS/XOS/build/kernel/c/arch/x86/isr.o
                0x00057720                g_ISRHandlers
 .bss           0x00057b20        0xc /home/zack/Programming/NanobyteOS/XOS/build/kernel/c/arch/x86/PIC8259.o
                0x00057b20                PIC_ICW1
                0x00057b24                PIC_ICW4
                0x00057b28                PIC_CMD
 .bss           0x00057b2c        0x0 /home/zack/opt/cross/lib/gcc/i686-elf/12.1.0//libgcc.a(_udivdi3.o)
 .bss           0x00057b2c        0x0 /home/zack/opt/cross/lib/gcc/i686-elf/12.1.0//libgcc.a(_umoddi3.o)
LOAD /home/zack/Programming/NanobyteOS/XOS/build/kernel/s/main.o
LOAD /home/zack/Programming/NanobyteOS/XOS/build/kernel/s/hardware-io/io.o
LOAD /home/zack/Programming/NanobyteOS/XOS/build/kernel/s/memory-manager/VMM.o
LOAD /home/zack/Programming/NanobyteOS/XOS/build/kernel/s/arch/x86/gdt.o
LOAD /home/zack/Programming/NanobyteOS/XOS/build/kernel/s/arch/x86/idt.o
LOAD /home/zack/Programming/NanobyteOS/XOS/build/kernel/s/arch/x86/isr.o
LOAD /home/zack/Programming/NanobyteOS/XOS/build/kernel/s/arch/x86/PIT8254.o
LOAD /home/zack/Programming/NanobyteOS/XOS/build/kernel/c/kernel.o
LOAD /home/zack/Programming/NanobyteOS/XOS/build/kernel/c/memory.o
LOAD /home/zack/Programming/NanobyteOS/XOS/build/kernel/c/stdio.o
LOAD /home/zack/Programming/NanobyteOS/XOS/build/kernel/c/display/kinter.o
LOAD /home/zack/Programming/NanobyteOS/XOS/build/kernel/c/display/VGA.o
LOAD /home/zack/Programming/NanobyteOS/XOS/build/kernel/c/HAL/hal.o
LOAD /home/zack/Programming/NanobyteOS/XOS/build/kernel/c/hardware-io/io.o
LOAD /home/zack/Programming/NanobyteOS/XOS/build/kernel/c/keyboard/keyboard.o
LOAD /home/zack/Programming/NanobyteOS/XOS/build/kernel/c/memory-manager/FMM.o
LOAD /home/zack/Programming/NanobyteOS/XOS/build/kernel/c/memory-manager/PMM.o
LOAD /home/zack/Programming/NanobyteOS/XOS/build/kernel/c/memory-manager/VMM.o
LOAD /home/zack/Programming/NanobyteOS/XOS/build/kernel/c/arch/x86/gdt.o
LOAD /home/zack/Programming/NanobyteOS/XOS/build/kernel/c/arch/x86/idt.o
LOAD /home/zack/Programming/NanobyteOS/XOS/build/kernel/c/arch/x86/irq.o
LOAD /home/zack/Programming/NanobyteOS/XOS/build/kernel/c/arch/x86/isr.o
LOAD /home/zack/Programming/NanobyteOS/XOS/build/kernel/c/arch/x86/PIC8259.o
LOAD /home/zack/opt/cross/lib/gcc/i686-elf/12.1.0//libgcc.a
OUTPUT(/home/zack/Programming/NanobyteOS/XOS/build/kernel.bin binary)

.comment        0x00000000      0x156
 .comment       0x00000000       0x13 /home/zack/Programming/NanobyteOS/XOS/build/kernel/c/kernel.o
 .comment       0x00000013       0x13 /home/zack/Programming/NanobyteOS/XOS/build/kernel/c/memory.o
 .comment       0x00000026       0x13 /home/zack/Programming/NanobyteOS/XOS/build/kernel/c/stdio.o
 .comment       0x00000039       0x13 /home/zack/Programming/NanobyteOS/XOS/build/kernel/c/display/kinter.o
 .comment       0x0000004c       0x13 /home/zack/Programming/NanobyteOS/XOS/build/kernel/c/display/VGA.o
 .comment       0x0000005f       0x13 /home/zack/Programming/NanobyteOS/XOS/build/kernel/c/HAL/hal.o
 .comment       0x00000072       0x13 /home/zack/Programming/NanobyteOS/XOS/build/kernel/c/hardware-io/io.o
 .comment       0x00000085       0x13 /home/zack/Programming/NanobyteOS/XOS/build/kernel/c/keyboard/keyboard.o
 .comment       0x00000098       0x13 /home/zack/Programming/NanobyteOS/XOS/build/kernel/c/memory-manager/FMM.o
 .comment       0x000000ab       0x13 /home/zack/Programming/NanobyteOS/XOS/build/kernel/c/memory-manager/PMM.o
 .comment       0x000000be       0x13 /home/zack/Programming/NanobyteOS/XOS/build/kernel/c/memory-manager/VMM.o
 .comment       0x000000d1       0x13 /home/zack/Programming/NanobyteOS/XOS/build/kernel/c/arch/x86/gdt.o
 .comment       0x000000e4       0x13 /home/zack/Programming/NanobyteOS/XOS/build/kernel/c/arch/x86/idt.o
 .comment       0x000000f7       0x13 /home/zack/Programming/NanobyteOS/XOS/build/kernel/c/arch/x86/irq.o
 .comment       0x0000010a       0x13 /home/zack/Programming/NanobyteOS/XOS/build/kernel/c/arch/x86/isr.o
 .comment       0x0000011d       0x13 /home/zack/Programming/NanobyteOS/XOS/build/kernel/c/arch/x86/PIC8259.o
 .comment       0x00000130       0x13 /home/zack/opt/cross/lib/gcc/i686-elf/12.1.0//libgcc.a(_udivdi3.o)
 .comment       0x00000143       0x13 /home/zack/opt/cross/lib/gcc/i686-elf/12.1.0//libgcc.a(_umoddi3.o)

.debug_info     0x00000000      0x66b
 .debug_info    0x00000000      0x326 /home/zack/opt/cross/lib/gcc/i686-elf/12.1.0//libgcc.a(_udivdi3.o)
 .debug_info    0x00000326      0x345 /home/zack/opt/cross/lib/gcc/i686-elf/12.1.0//libgcc.a(_umoddi3.o)

.debug_abbrev   0x00000000      0x2e0
 .debug_abbrev  0x00000000      0x165 /home/zack/opt/cross/lib/gcc/i686-elf/12.1.0//libgcc.a(_udivdi3.o)
 .debug_abbrev  0x00000165      0x17b /home/zack/opt/cross/lib/gcc/i686-elf/12.1.0//libgcc.a(_umoddi3.o)

.debug_loclists
                0x00000000      0x7be
 .debug_loclists
                0x00000000      0x40a /home/zack/opt/cross/lib/gcc/i686-elf/12.1.0//libgcc.a(_udivdi3.o)
 .debug_loclists
                0x0000040a      0x3b4 /home/zack/opt/cross/lib/gcc/i686-elf/12.1.0//libgcc.a(_umoddi3.o)

.debug_aranges  0x00000000       0x40
 .debug_aranges
                0x00000000       0x20 /home/zack/opt/cross/lib/gcc/i686-elf/12.1.0//libgcc.a(_udivdi3.o)
 .debug_aranges
                0x00000020       0x20 /home/zack/opt/cross/lib/gcc/i686-elf/12.1.0//libgcc.a(_umoddi3.o)

.debug_rnglists
                0x00000000       0x49
 .debug_rnglists
                0x00000000       0x2a /home/zack/opt/cross/lib/gcc/i686-elf/12.1.0//libgcc.a(_udivdi3.o)
 .debug_rnglists
                0x0000002a       0x1f /home/zack/opt/cross/lib/gcc/i686-elf/12.1.0//libgcc.a(_umoddi3.o)

.debug_line     0x00000000      0x347
 .debug_line    0x00000000      0x179 /home/zack/opt/cross/lib/gcc/i686-elf/12.1.0//libgcc.a(_udivdi3.o)
 .debug_line    0x00000179      0x1ce /home/zack/opt/cross/lib/gcc/i686-elf/12.1.0//libgcc.a(_umoddi3.o)

.debug_str      0x00000000      0x3c6
 .debug_str     0x00000000      0x1e3 /home/zack/opt/cross/lib/gcc/i686-elf/12.1.0//libgcc.a(_udivdi3.o)
 .debug_str     0x000001e3      0x1e3 /home/zack/opt/cross/lib/gcc/i686-elf/12.1.0//libgcc.a(_umoddi3.o)

.debug_line_str
                0x00000000      0x170
 .debug_line_str
                0x00000000       0xb8 /home/zack/opt/cross/lib/gcc/i686-elf/12.1.0//libgcc.a(_udivdi3.o)
 .debug_line_str
                0x000000b8       0xb8 /home/zack/opt/cross/lib/gcc/i686-elf/12.1.0//libgcc.a(_umoddi3.o)
