Archive member included to satisfy reference by file (symbol)

/home/zack/opt/cross/lib/gcc/i686-elf/12.1.0//libgcc.a(_udivdi3.o)
                              /home/zack/Programming/NanobyteOS/SolOS/build/kernel/c/stdio.o (__udivdi3)
/home/zack/opt/cross/lib/gcc/i686-elf/12.1.0//libgcc.a(_umoddi3.o)
                              /home/zack/Programming/NanobyteOS/SolOS/build/kernel/c/stdio.o (__umoddi3)

There are no discarded input sections

Memory Configuration

Name             Origin             Length             Attributes
RAM              0x00030000         0x00050000         xrw
*default*        0x00000000         0xffffffff

Linker script and memory map

                0x00030000                        . = 0x30000

.text           0x00030000     0xc4d6
 *(.text)
 .text          0x00030000       0x28 /home/zack/Programming/NanobyteOS/SolOS/build/kernel/s/main.o
                0x00030000                kernel_start
 .text          0x00030028        0x7 /home/zack/Programming/NanobyteOS/SolOS/build/kernel/s/syscall.o
                0x00030028                syscall
 .text          0x0003002f       0x25 /home/zack/Programming/NanobyteOS/SolOS/build/kernel/s/hardware-io/io.o
                0x0003002f                i686_outb
                0x0003003a                i686_outw
                0x00030047                i686_inb
                0x00030050                i686_EnableInterrupts
                0x00030052                i686_DisableInterrupts
 .text          0x00030054       0x2d /home/zack/Programming/NanobyteOS/SolOS/build/kernel/s/memory-manager/VMM.o
                0x00030054                VMM_EnablePaging
                0x00030072                VMM_InvalidatePage
                0x0003007a                VMM_InvalidateTLB
 *fill*         0x00030081        0x3 
 .text          0x00030084        0x6 /home/zack/Programming/NanobyteOS/SolOS/build/kernel/s/proc/proc.o
                0x00030084                i686_call
 *fill*         0x0003008a        0x2 
 .text          0x0003008c       0x47 /home/zack/Programming/NanobyteOS/SolOS/build/kernel/s/arch/x86/gdt.o
                0x0003008c                i686_GDT_Load
                0x000300a1                i686_TSS_Load
 *fill*         0x000300d3        0x1 
 .text          0x000300d4        0xd /home/zack/Programming/NanobyteOS/SolOS/build/kernel/s/arch/x86/idt.o
                0x000300d4                i686_IDT_Load
 *fill*         0x000300e1        0x3 
 .text          0x000300e4      0xa75 /home/zack/Programming/NanobyteOS/SolOS/build/kernel/s/arch/x86/isr.o
                0x000300e4                i686_ISR0
                0x000300ed                i686_ISR1
                0x000300f6                i686_ISR2
                0x000300ff                i686_ISR3
                0x00030108                i686_ISR4
                0x00030111                i686_ISR5
                0x0003011a                i686_ISR6
                0x00030123                i686_ISR7
                0x0003012c                i686_ISR8
                0x00030133                i686_ISR9
                0x0003013c                i686_ISR10
                0x00030143                i686_ISR11
                0x0003014a                i686_ISR12
                0x00030151                i686_ISR13
                0x00030158                i686_ISR14
                0x0003015f                i686_ISR15
                0x00030168                i686_ISR16
                0x00030171                i686_ISR17
                0x00030178                i686_ISR18
                0x00030181                i686_ISR19
                0x0003018a                i686_ISR20
                0x00030193                i686_ISR21
                0x0003019a                i686_ISR22
                0x000301a3                i686_ISR23
                0x000301ac                i686_ISR24
                0x000301b5                i686_ISR25
                0x000301be                i686_ISR26
                0x000301c7                i686_ISR27
                0x000301d0                i686_ISR28
                0x000301d9                i686_ISR29
                0x000301e0                i686_ISR30
                0x000301e7                i686_ISR31
                0x000301f0                i686_ISR32
                0x000301f9                i686_ISR33
                0x00030202                i686_ISR34
                0x0003020b                i686_ISR35
                0x00030214                i686_ISR36
                0x0003021d                i686_ISR37
                0x00030226                i686_ISR38
                0x0003022f                i686_ISR39
                0x00030238                i686_ISR40
                0x00030241                i686_ISR41
                0x0003024a                i686_ISR42
                0x00030253                i686_ISR43
                0x0003025c                i686_ISR44
                0x00030265                i686_ISR45
                0x0003026e                i686_ISR46
                0x00030277                i686_ISR47
                0x00030280                i686_ISR48
                0x00030289                i686_ISR49
                0x00030292                i686_ISR50
                0x0003029b                i686_ISR51
                0x000302a4                i686_ISR52
                0x000302ad                i686_ISR53
                0x000302b6                i686_ISR54
                0x000302bf                i686_ISR55
                0x000302c8                i686_ISR56
                0x000302d1                i686_ISR57
                0x000302da                i686_ISR58
                0x000302e3                i686_ISR59
                0x000302ec                i686_ISR60
                0x000302f5                i686_ISR61
                0x000302fe                i686_ISR62
                0x00030307                i686_ISR63
                0x00030310                i686_ISR64
                0x00030319                i686_ISR65
                0x00030322                i686_ISR66
                0x0003032b                i686_ISR67
                0x00030334                i686_ISR68
                0x0003033d                i686_ISR69
                0x00030346                i686_ISR70
                0x0003034f                i686_ISR71
                0x00030358                i686_ISR72
                0x00030361                i686_ISR73
                0x0003036a                i686_ISR74
                0x00030373                i686_ISR75
                0x0003037c                i686_ISR76
                0x00030385                i686_ISR77
                0x0003038e                i686_ISR78
                0x00030397                i686_ISR79
                0x000303a0                i686_ISR80
                0x000303a9                i686_ISR81
                0x000303b2                i686_ISR82
                0x000303bb                i686_ISR83
                0x000303c4                i686_ISR84
                0x000303cd                i686_ISR85
                0x000303d6                i686_ISR86
                0x000303df                i686_ISR87
                0x000303e8                i686_ISR88
                0x000303f1                i686_ISR89
                0x000303fa                i686_ISR90
                0x00030403                i686_ISR91
                0x0003040c                i686_ISR92
                0x00030415                i686_ISR93
                0x0003041e                i686_ISR94
                0x00030427                i686_ISR95
                0x00030430                i686_ISR96
                0x00030439                i686_ISR97
                0x00030442                i686_ISR98
                0x0003044b                i686_ISR99
                0x00030454                i686_ISR100
                0x0003045d                i686_ISR101
                0x00030466                i686_ISR102
                0x0003046f                i686_ISR103
                0x00030478                i686_ISR104
                0x00030481                i686_ISR105
                0x0003048a                i686_ISR106
                0x00030493                i686_ISR107
                0x0003049c                i686_ISR108
                0x000304a5                i686_ISR109
                0x000304ae                i686_ISR110
                0x000304b7                i686_ISR111
                0x000304c0                i686_ISR112
                0x000304c9                i686_ISR113
                0x000304d2                i686_ISR114
                0x000304db                i686_ISR115
                0x000304e4                i686_ISR116
                0x000304ed                i686_ISR117
                0x000304f6                i686_ISR118
                0x000304ff                i686_ISR119
                0x00030508                i686_ISR120
                0x00030511                i686_ISR121
                0x0003051a                i686_ISR122
                0x00030523                i686_ISR123
                0x0003052c                i686_ISR124
                0x00030535                i686_ISR125
                0x0003053e                i686_ISR126
                0x00030547                i686_ISR127
                0x00030550                i686_ISR128
                0x0003055c                i686_ISR129
                0x00030568                i686_ISR130
                0x00030574                i686_ISR131
                0x00030580                i686_ISR132
                0x0003058c                i686_ISR133
                0x00030598                i686_ISR134
                0x000305a4                i686_ISR135
                0x000305b0                i686_ISR136
                0x000305bc                i686_ISR137
                0x000305c8                i686_ISR138
                0x000305d4                i686_ISR139
                0x000305e0                i686_ISR140
                0x000305ec                i686_ISR141
                0x000305f8                i686_ISR142
                0x00030604                i686_ISR143
                0x00030610                i686_ISR144
                0x0003061c                i686_ISR145
                0x00030628                i686_ISR146
                0x00030634                i686_ISR147
                0x00030640                i686_ISR148
                0x0003064c                i686_ISR149
                0x00030658                i686_ISR150
                0x00030664                i686_ISR151
                0x00030670                i686_ISR152
                0x0003067c                i686_ISR153
                0x00030688                i686_ISR154
                0x00030694                i686_ISR155
                0x000306a0                i686_ISR156
                0x000306ac                i686_ISR157
                0x000306b8                i686_ISR158
                0x000306c4                i686_ISR159
                0x000306d0                i686_ISR160
                0x000306dc                i686_ISR161
                0x000306e8                i686_ISR162
                0x000306f4                i686_ISR163
                0x00030700                i686_ISR164
                0x0003070c                i686_ISR165
                0x00030718                i686_ISR166
                0x00030724                i686_ISR167
                0x00030730                i686_ISR168
                0x0003073c                i686_ISR169
                0x00030748                i686_ISR170
                0x00030754                i686_ISR171
                0x00030760                i686_ISR172
                0x0003076c                i686_ISR173
                0x00030778                i686_ISR174
                0x00030784                i686_ISR175
                0x00030790                i686_ISR176
                0x0003079c                i686_ISR177
                0x000307a8                i686_ISR178
                0x000307b4                i686_ISR179
                0x000307c0                i686_ISR180
                0x000307cc                i686_ISR181
                0x000307d8                i686_ISR182
                0x000307e4                i686_ISR183
                0x000307f0                i686_ISR184
                0x000307fc                i686_ISR185
                0x00030808                i686_ISR186
                0x00030814                i686_ISR187
                0x00030820                i686_ISR188
                0x0003082c                i686_ISR189
                0x00030838                i686_ISR190
                0x00030844                i686_ISR191
                0x00030850                i686_ISR192
                0x0003085c                i686_ISR193
                0x00030868                i686_ISR194
                0x00030874                i686_ISR195
                0x00030880                i686_ISR196
                0x0003088c                i686_ISR197
                0x00030898                i686_ISR198
                0x000308a4                i686_ISR199
                0x000308b0                i686_ISR200
                0x000308bc                i686_ISR201
                0x000308c8                i686_ISR202
                0x000308d4                i686_ISR203
                0x000308e0                i686_ISR204
                0x000308ec                i686_ISR205
                0x000308f8                i686_ISR206
                0x00030904                i686_ISR207
                0x00030910                i686_ISR208
                0x0003091c                i686_ISR209
                0x00030928                i686_ISR210
                0x00030934                i686_ISR211
                0x00030940                i686_ISR212
                0x0003094c                i686_ISR213
                0x00030958                i686_ISR214
                0x00030964                i686_ISR215
                0x00030970                i686_ISR216
                0x0003097c                i686_ISR217
                0x00030988                i686_ISR218
                0x00030994                i686_ISR219
                0x000309a0                i686_ISR220
                0x000309ac                i686_ISR221
                0x000309b8                i686_ISR222
                0x000309c4                i686_ISR223
                0x000309d0                i686_ISR224
                0x000309dc                i686_ISR225
                0x000309e8                i686_ISR226
                0x000309f4                i686_ISR227
                0x00030a00                i686_ISR228
                0x00030a0c                i686_ISR229
                0x00030a18                i686_ISR230
                0x00030a24                i686_ISR231
                0x00030a30                i686_ISR232
                0x00030a3c                i686_ISR233
                0x00030a48                i686_ISR234
                0x00030a54                i686_ISR235
                0x00030a60                i686_ISR236
                0x00030a6c                i686_ISR237
                0x00030a78                i686_ISR238
                0x00030a84                i686_ISR239
                0x00030a90                i686_ISR240
                0x00030a9c                i686_ISR241
                0x00030aa5                i686_ISR242
                0x00030aae                i686_ISR243
                0x00030ab7                i686_ISR244
                0x00030ac0                i686_ISR245
                0x00030ac9                i686_ISR246
                0x00030ad2                i686_ISR247
                0x00030adb                i686_ISR248
                0x00030ae4                i686_ISR249
                0x00030aed                i686_ISR250
                0x00030af6                i686_ISR251
                0x00030aff                i686_ISR252
                0x00030b08                i686_ISR253
                0x00030b11                i686_ISR254
                0x00030b1a                i686_ISR255
                0x00030b4d                i686_DisablePaging
 *fill*         0x00030b59        0x3 
 .text          0x00030b5c       0x14 /home/zack/Programming/NanobyteOS/SolOS/build/kernel/s/arch/x86/PIT8254.o
                0x00030b5c                i686_PIT_Initialize
 .text          0x00030b70     0x1192 /home/zack/Programming/NanobyteOS/SolOS/build/kernel/c/CLI.o
                0x00030b70                GetAbsolutePath
                0x00030bec                GetCMD
                0x00030dd5                RegisterCMDHandler
                0x00030de8                EXEC
                0x00030ff0                LS
                0x0003111c                CD
                0x0003135b                CAT
                0x000314be                PS
                0x0003152d                MEM
                0x0003155f                TSTW
                0x00031591                ECHO
                0x000317db                MKDIR
                0x00031886                RM
                0x00031940                RMDIR
                0x000319fd                CLI_Mainloop
 .text          0x00031d02       0xd8 /home/zack/Programming/NanobyteOS/SolOS/build/kernel/c/ctype.o
                0x00031d02                islower
                0x00031d2b                isalpha
                0x00031d60                toupper
                0x00031d9d                tolower
 .text          0x00031dda       0x93 /home/zack/Programming/NanobyteOS/SolOS/build/kernel/c/delay.o
                0x00031dda                ActiveContextTimerSleepHook
                0x00031e06                sleep
                0x00031e41                MaskTimerInterrupt
                0x00031e57                UnmaskTimerInterrupt
 .text          0x00031e6d      0x389 /home/zack/Programming/NanobyteOS/SolOS/build/kernel/c/file.o
                0x00031e6d                File_Initialize
                0x00031ecf                SetActiveFileDescriptors
                0x00031edd                open
                0x00032063                read
                0x000320f3                write
                0x0003216a                close
 .text          0x000321f6      0x1b1 /home/zack/Programming/NanobyteOS/SolOS/build/kernel/c/kernel.o
                0x000321f6                setup_timer
                0x000321fc                timer
                0x00032238                kernel_main
 .text          0x000323a7       0xe4 /home/zack/Programming/NanobyteOS/SolOS/build/kernel/c/memory.o
                0x000323a7                memcpy
                0x000323e8                memset
                0x0003242b                memcmp
 .text          0x0003248b     0x1429 /home/zack/Programming/NanobyteOS/SolOS/build/kernel/c/stdio.o
                0x0003248b                initialize_stdio
                0x000324dd                GetActiveContext
                0x000324e7                GetSTDOUT
                0x000324f1                GetSTDIN
                0x000324fb                GetSTDERR
                0x00032505                STD_PutBuffer
                0x0003253a                STD_GetBuffer
                0x0003257b                STD_FlushSTDOUT
                0x000325c4                STD_FlushSTDIN
                0x000325f7                STD_FlushSTDERR
                0x0003262a                ActiveContextTimerCursorHook
                0x00032647                ActiveContextKeyboardHook
                0x00032710                CFG_EnableCursorBlinking
                0x0003271f                CFG_DisableCursorBlinking
                0x0003272e                CFG_SetCursorChar
                0x00032749                __STD_Putc
                0x0003277c                __STD_Puts
                0x000327a5                PutsK
                0x000327de                printf_unsigned
                0x00032891                printf_signed
                0x000328eb                printf
                0x00032c0e                hex_to_dec
                0x00032ca6                scanf
                0x00033292                getline
                0x0003334a                sscanf
 .text          0x000338b4       0xb6 /home/zack/Programming/NanobyteOS/SolOS/build/kernel/c/string.o
                0x000338b4                strchr
                0x000338f2                strcpy
                0x00033944                strlen
 .text          0x0003396a      0x232 /home/zack/Programming/NanobyteOS/SolOS/build/kernel/c/syscall.o
                0x0003396a                SyscallEntrypoint
 .text          0x00033b9c      0xbda /home/zack/Programming/NanobyteOS/SolOS/build/kernel/c/disk/floppy.o
                0x00033b9c                GetCommandParamCount
                0x00033bf5                GetCommandAwaitIRQ6
                0x00033c4e                GetCommandReturnCount
                0x00033ca7                DISK_Floppy_GetSectorAddr
                0x00033cc3                DISK_Floppy_IRQ6Handler
                0x00033cd0                lba2chs
                0x00033d44                WaitForIRQ6
                0x00033d6e                WaitForFIFO
                0x00033daa                PrepareDMAForTransfer
                0x00033e74                PrepareDMAForWrite
                0x00033ec4                PrepareDMAForRead
                0x00033f9d                FDC_SetBit
                0x00034010                DISK_Floppy_Reset
                0x0003409d                DISK_Floppy_Initialize
                0x00034170                DISK_Floppy_IssueCommand
                0x0003435b                DISK_Floppy_ReadSector
                0x0003443c                DISK_Floppy_ReadSectors
                0x00034539                DISK_Floppy_ReadSectorsTo
                0x00034657                DISK_Floppy_WriteSectorFrom
 .text          0x00034776      0xbd3 /home/zack/Programming/NanobyteOS/SolOS/build/kernel/c/display/kinter.o
                0x00034776                KI_VGACoordTransform
                0x000347f7                KI_DisableBlinking
                0x00034804                KI_EnableBlinking
                0x00034811                KI_DrawCursor
                0x000348dc                KI_CursorHook
                0x00034917                KI_Initialize
                0x00034a55                KI_Clear
                0x00034aeb                KI_DrawBorder
                0x00034e93                KI_UpdateLineScrolling
                0x00034ff1                KI_Putc
                0x000352c9                KI_Puts
                0x000352fb                KI_BadSizeError
                0x00035332                KI_TextOverflowError
 .text          0x00035349      0x276 /home/zack/Programming/NanobyteOS/SolOS/build/kernel/c/display/VGA.o
                0x00035349                VGA_ColorData
                0x0003535b                VGA_Initialize
                0x000353a1                VGA_ClearScreen
                0x00035422                VGA_SetChar
                0x00035482                VGA_SetCursorPos
                0x000354b7                VGA_Print
                0x0003553b                VGA_Write
 .text          0x000355bf       0xe7 /home/zack/Programming/NanobyteOS/SolOS/build/kernel/c/filesys/drive.o
                0x000355bf                Drive_Initialize
                0x000355f5                DefineDrive
                0x0003564e                GetDrive
 .text          0x000356a6     0x1954 /home/zack/Programming/NanobyteOS/SolOS/build/kernel/c/filesys/fat12.o
                0x000356a6                FAT12_PathName2FATName
                0x0003574f                FAT12_ReadSector
                0x00035787                FAT12_LoadFATSector
                0x000357c5                FAT12_WriteActiveFATSector
                0x000357e7                FAT12_Initialize
                0x00035912                FAT12_OpenEntry
                0x000359f7                FAT12_Cluster2Sector
                0x00035a0a                FAT12_NextCluster
                0x00035a82                FAT12_FindFreeCluster
                0x00035b11                FAT12_FreeCluster
                0x00035bb5                FAT12_FreeClusterChain
                0x00035c8e                FAT12_WriteGetAnotherCluster
                0x00035d98                FAT12_WriteFinalCluster
                0x00035e73                FAT12_Read
                0x00035fec                FAT12_Write
                0x00036184                FAT12_ReadEntry
                0x000361a5                FAT12_Close
                0x000361f5                FAT12_FindFile
                0x000363a5                FAT12_Open
                0x000364e8                FAT12_Write_New
                0x0003679d                FAT12_MKDIR
                0x00036b01                FAT12_RM
                0x00036dd7                FAT12_RM_REC
 .text          0x00036ffa       0x39 /home/zack/Programming/NanobyteOS/SolOS/build/kernel/c/HAL/hal.o
                0x00036ffa                HAL_Initialize
                0x0003701c                HAL_SetInterruptStack
 .text          0x00037033       0x1b /home/zack/Programming/NanobyteOS/SolOS/build/kernel/c/hardware-io/io.o
                0x00037033                i686_iowait
 .text          0x0003704e      0x1a2 /home/zack/Programming/NanobyteOS/SolOS/build/kernel/c/keyboard/keyboard.o
                0x0003704e                GetQWERTYCTRLMakeKeyCode
                0x000370ab                GetQWERTYCTRLClearKeyCode
                0x00037118                Keyboard_Handler
 .text          0x000371f0      0x926 /home/zack/Programming/NanobyteOS/SolOS/build/kernel/c/memory-manager/FMM.o
                0x000371f0                FMM_GetUsedMemory
                0x000371fd                FMM_GetDMAAddress
                0x00037207                FMM_GetDMAPhysAddress
                0x00037211                FMM_Initialize
                0x000372b8                PageFaultHandler
                0x00037560                GeneralProtectionFaultHandler
                0x000376d5                FMM_FreeBlocksAt
                0x0003776e                FMM_ClearMapping
                0x00037801                FMM_FreeBlocks
                0x0003781b                FMM_AllocateBlocks
                0x00037831                FMM_CreateUserCodeMapping
                0x00037928                FMM_CreateUserDataMapping
                0x00037a1f                FMM_CreateMapping
 .text          0x00037b16      0xb03 /home/zack/Programming/NanobyteOS/SolOS/build/kernel/c/memory-manager/PMM.o
                0x00037b16                PMM_Initialize
                0x00037e8a                PMM_GetBitmapData
                0x00037eae                PMM_SetBitmapData
                0x00037f0b                PMM_PrintUsableRegionInfo
                0x00037f8f                PMM_BlockIndex2PhysicalAddress
                0x00038076                PMM_PhysicalAddress2BlockIndex
                0x00038153                PMM_DEBUG_PrintWedges
                0x000381d9                PMM_FirstFitSearch
                0x000382b3                PMM_AllocateBlocks
                0x000383fb                PMM_FreeBlocks
                0x00038514                PMM_ForceFreeBlocks
                0x000385de                PMM_GetBusyMemory
 .text          0x00038619      0xa62 /home/zack/Programming/NanobyteOS/SolOS/build/kernel/c/memory-manager/VMM.o
                0x00038619                VMM_GetDMAAddress
                0x00038623                VMM_GetWorkingPageTableAddr
                0x0003862d                VMM_VirtualAddress2PageIndices
                0x00038652                VMM_PageIndices2VirtualAddress
                0x00038667                VMM_VirtualAddress2PhysicalAddress
                0x000386b6                VMM_CreatePageDirectoryEntry
                0x00038701                VMM_GetPageDirectoryEntryAVL
                0x0003870b                VMM_SetPageDirectoryEntryAVL
                0x0003871a                VMM_CreatePageTableEntry
                0x00038789                VMM_GetPageTableEntryAVL
                0x00038793                VMM_SetPageTableEntryAVL
                0x000387a2                VMM_GetActivePageTableEntryCount
                0x00038818                VMM_SetActivePageTableEntryCount
                0x000388b1                VMM_Initialize
                0x00038ade                VMM_SetWorkingPageTable
                0x00038b3e                VMM_LoadTableForAddress
                0x00038b95                VMM_GetTableForAddress
                0x00038be7                VMM_FetchTableForAddress
                0x00038c32                VMM_CreateTableForAddress
                0x00038ca4                VMM_CreateUserTableForAddress
                0x00038d16                VMM_GetPageForAddress
                0x00038d9d                VMM_CreatePageForAddress
                0x00038e47                VMM_CreateUserDataPageForAddress
                0x00038ef1                VMM_CreateUserCodePageForAddress
                0x00038f9b                VMM_ClearMappingForAddress
 .text          0x0003907b      0x4c8 /home/zack/Programming/NanobyteOS/SolOS/build/kernel/c/proc/load.o
                0x0003907b                LoadProc
 .text          0x00039543     0x11cc /home/zack/Programming/NanobyteOS/SolOS/build/kernel/c/proc/proc.o
                0x00039543                PrintMemoryRegion
                0x00039572                PrintProc
                0x00039682                InitializeProcs
                0x0003975a                AddToQueue
                0x000397be                AddToSchedulerQueue
                0x000397e1                AddToSleeping
                0x000397fe                GetFromQueue
                0x0003983e                GetAvailablePID
                0x000398a8                GetPCB
                0x000398bb                HandleExit
                0x000398db                PutToSleep
                0x00039917                GetRunningPID
                0x00039938                CreateCodeMappingForRegion
                0x00039985                CreateDataMappingForRegion
                0x000399d2                RemoveMappingForRegion
                0x000399fe                FreeRegion
                0x00039a43                AllocateMemoryRegion
                0x00039a7f                CreateMappingsForProcess
                0x00039ae7                RemoveMappingsForProcess
                0x00039b4f                CopyMemoryRegion
                0x00039c44                CopyProcessMemory
                0x00039d06                TerminateProcess
                0x00039d84                TerminateRunningProcess
                0x00039da4                KillRunningProcess
                0x00039dd8                SaveContextToStack
                0x00039e3a                SaveExplicitContext
                0x00039e7c                SetContext
                0x00039e98                ExecProc
                0x0003a1a3                DisableScheduling
                0x0003a1b3                EnableScheduling
                0x0003a1c3                SchedulerHook
                0x0003a6a2                exec
 .text          0x0003a70f       0x9a /home/zack/Programming/NanobyteOS/SolOS/build/kernel/c/arch/x86/gdt.o
                0x0003a70f                GDT_GetTSS
                0x0003a719                i686_GDT_Initialize
                0x0003a79b                i686_SetInterruptStack
 .text          0x0003a7a9       0xda /home/zack/Programming/NanobyteOS/SolOS/build/kernel/c/arch/x86/idt.o
                0x0003a7a9                i686_IDT_SetGate
                0x0003a80a                i686_IDT_EnableGate
                0x0003a82a                i686_IDT_EnableUserGate
                0x0003a84a                i686_IDT_DisableGate
                0x0003a86a                i686_IDT_Initialize
 .text          0x0003a883       0xcc /home/zack/Programming/NanobyteOS/SolOS/build/kernel/c/arch/x86/irq.o
                0x0003a883                i686_IRQ_Handler
                0x0003a8f5                i686_IRQ_Initialize
                0x0003a93c                i686_IRQ_RegisterHandler
 .text          0x0003a94f     0x1678 /home/zack/Programming/NanobyteOS/SolOS/build/kernel/c/arch/x86/isr.o
                0x0003a94f                i686_ISR_Initialize
                0x0003be0c                i686_ISR_RegisterHandler
                0x0003be30                i686_ISR_RegisterUserHandler
                0x0003be54                i686_ISR_Handler
 .text          0x0003bfc7      0x2b6 /home/zack/Programming/NanobyteOS/SolOS/build/kernel/c/arch/x86/PIC8259.o
                0x0003bfc7                i686_PIC_Configure
                0x0003c0b9                i686_PIC_SendEndOfInterrupt
                0x0003c0e9                i686_PIC_Disable
                0x0003c123                i686_PIC_Mask
                0x0003c177                i686_PIC_Unmask
                0x0003c1cd                i686_PIC_ReadIrqRequestRegister
                0x0003c225                i686_PIC_ReadInServiceRegister
 *fill*         0x0003c27d        0x3 
 .text          0x0003c280      0x11a /home/zack/opt/cross/lib/gcc/i686-elf/12.1.0//libgcc.a(_udivdi3.o)
                0x0003c280                __udivdi3
 *fill*         0x0003c39a        0x6 
 .text          0x0003c3a0      0x136 /home/zack/opt/cross/lib/gcc/i686-elf/12.1.0//libgcc.a(_umoddi3.o)
                0x0003c3a0                __umoddi3

.rodata         0x0003c4e0     0x1408
 *(.rodata)
 .rodata        0x0003c4e0      0x254 /home/zack/Programming/NanobyteOS/SolOS/build/kernel/c/CLI.o
 .rodata        0x0003c734        0x3 /home/zack/Programming/NanobyteOS/SolOS/build/kernel/c/file.o
 *fill*         0x0003c737        0x1 
 .rodata        0x0003c738      0x115 /home/zack/Programming/NanobyteOS/SolOS/build/kernel/c/kernel.o
 *fill*         0x0003c84d        0x3 
 .rodata        0x0003c850      0x438 /home/zack/Programming/NanobyteOS/SolOS/build/kernel/c/stdio.o
                0x0003c860                g_HexChars
 .rodata        0x0003cc88       0x70 /home/zack/Programming/NanobyteOS/SolOS/build/kernel/c/syscall.o
 .rodata        0x0003ccf8      0x21b /home/zack/Programming/NanobyteOS/SolOS/build/kernel/c/disk/floppy.o
 *fill*         0x0003cf13        0x1 
 .rodata        0x0003cf14       0x37 /home/zack/Programming/NanobyteOS/SolOS/build/kernel/c/display/kinter.o
 *fill*         0x0003cf4b        0x1 
 .rodata        0x0003cf4c       0xbd /home/zack/Programming/NanobyteOS/SolOS/build/kernel/c/filesys/fat12.o
 *fill*         0x0003d009        0x3 
 .rodata        0x0003d00c      0x29e /home/zack/Programming/NanobyteOS/SolOS/build/kernel/c/memory-manager/FMM.o
 *fill*         0x0003d2aa        0x2 
 .rodata        0x0003d2ac       0x5e /home/zack/Programming/NanobyteOS/SolOS/build/kernel/c/memory-manager/PMM.o
 *fill*         0x0003d30a        0x2 
 .rodata        0x0003d30c       0x40 /home/zack/Programming/NanobyteOS/SolOS/build/kernel/c/memory-manager/VMM.o
 .rodata        0x0003d34c       0x30 /home/zack/Programming/NanobyteOS/SolOS/build/kernel/c/proc/load.o
 .rodata        0x0003d37c      0x1ad /home/zack/Programming/NanobyteOS/SolOS/build/kernel/c/proc/proc.o
 *fill*         0x0003d529        0x3 
 .rodata        0x0003d52c       0x25 /home/zack/Programming/NanobyteOS/SolOS/build/kernel/c/arch/x86/irq.o
 *fill*         0x0003d551        0xf 
 .rodata        0x0003d560      0x388 /home/zack/Programming/NanobyteOS/SolOS/build/kernel/c/arch/x86/isr.o

.eh_frame       0x0003d8e8       0xd8
 .eh_frame      0x0003d8e8       0x64 /home/zack/opt/cross/lib/gcc/i686-elf/12.1.0//libgcc.a(_udivdi3.o)
 .eh_frame      0x0003d94c       0x74 /home/zack/opt/cross/lib/gcc/i686-elf/12.1.0//libgcc.a(_umoddi3.o)

.data           0x0003d9c0      0x11e
 *(.data)
 .data          0x0003d9c0       0x4b /home/zack/Programming/NanobyteOS/SolOS/build/kernel/s/main.o
 .data          0x0003da0b        0x0 /home/zack/Programming/NanobyteOS/SolOS/build/kernel/s/syscall.o
 .data          0x0003da0b        0x0 /home/zack/Programming/NanobyteOS/SolOS/build/kernel/s/hardware-io/io.o
 .data          0x0003da0b        0x0 /home/zack/Programming/NanobyteOS/SolOS/build/kernel/s/memory-manager/VMM.o
 .data          0x0003da0b        0x0 /home/zack/Programming/NanobyteOS/SolOS/build/kernel/s/proc/proc.o
 .data          0x0003da0b        0x0 /home/zack/Programming/NanobyteOS/SolOS/build/kernel/s/arch/x86/gdt.o
 .data          0x0003da0b        0x0 /home/zack/Programming/NanobyteOS/SolOS/build/kernel/s/arch/x86/idt.o
 .data          0x0003da0b        0x0 /home/zack/Programming/NanobyteOS/SolOS/build/kernel/s/arch/x86/isr.o
 .data          0x0003da0b        0x0 /home/zack/Programming/NanobyteOS/SolOS/build/kernel/s/arch/x86/PIT8254.o
 .data          0x0003da0b        0x0 /home/zack/Programming/NanobyteOS/SolOS/build/kernel/c/CLI.o
 .data          0x0003da0b        0x0 /home/zack/Programming/NanobyteOS/SolOS/build/kernel/c/ctype.o
 .data          0x0003da0b        0x0 /home/zack/Programming/NanobyteOS/SolOS/build/kernel/c/delay.o
 .data          0x0003da0b        0x0 /home/zack/Programming/NanobyteOS/SolOS/build/kernel/c/file.o
 .data          0x0003da0b        0x0 /home/zack/Programming/NanobyteOS/SolOS/build/kernel/c/kernel.o
 .data          0x0003da0b        0x0 /home/zack/Programming/NanobyteOS/SolOS/build/kernel/c/memory.o
 .data          0x0003da0b        0x0 /home/zack/Programming/NanobyteOS/SolOS/build/kernel/c/stdio.o
 .data          0x0003da0b        0x0 /home/zack/Programming/NanobyteOS/SolOS/build/kernel/c/string.o
 .data          0x0003da0b        0x0 /home/zack/Programming/NanobyteOS/SolOS/build/kernel/c/syscall.o
 .data          0x0003da0b        0x0 /home/zack/Programming/NanobyteOS/SolOS/build/kernel/c/disk/floppy.o
 .data          0x0003da0b        0x0 /home/zack/Programming/NanobyteOS/SolOS/build/kernel/c/display/kinter.o
 .data          0x0003da0b        0x0 /home/zack/Programming/NanobyteOS/SolOS/build/kernel/c/display/VGA.o
 .data          0x0003da0b        0x0 /home/zack/Programming/NanobyteOS/SolOS/build/kernel/c/filesys/drive.o
 *fill*         0x0003da0b        0x1 
 .data          0x0003da0c        0x4 /home/zack/Programming/NanobyteOS/SolOS/build/kernel/c/filesys/fat12.o
                0x0003da0c                g_FATLoaded
 .data          0x0003da10        0x0 /home/zack/Programming/NanobyteOS/SolOS/build/kernel/c/HAL/hal.o
 .data          0x0003da10        0x0 /home/zack/Programming/NanobyteOS/SolOS/build/kernel/c/hardware-io/io.o
 *fill*         0x0003da10       0x10 
 .data          0x0003da20       0x7a /home/zack/Programming/NanobyteOS/SolOS/build/kernel/c/keyboard/keyboard.o
                0x0003da20                g_QWERTY_make_scancodes_shifted
                0x0003da60                g_QWERTY_make_scancodes_unshifted
 .data          0x0003da9a        0x0 /home/zack/Programming/NanobyteOS/SolOS/build/kernel/c/memory-manager/FMM.o
 .data          0x0003da9a        0x0 /home/zack/Programming/NanobyteOS/SolOS/build/kernel/c/memory-manager/PMM.o
 .data          0x0003da9a        0x0 /home/zack/Programming/NanobyteOS/SolOS/build/kernel/c/memory-manager/VMM.o
 .data          0x0003da9a        0x0 /home/zack/Programming/NanobyteOS/SolOS/build/kernel/c/proc/load.o
 *fill*         0x0003da9a        0x2 
 .data          0x0003da9c        0x4 /home/zack/Programming/NanobyteOS/SolOS/build/kernel/c/proc/proc.o
                0x0003da9c                g_schedulingEnabled
 .data          0x0003daa0       0x36 /home/zack/Programming/NanobyteOS/SolOS/build/kernel/c/arch/x86/gdt.o
                0x0003daa0                g_GDT
                0x0003dad0                g_GDT_Descriptor
 *fill*         0x0003dad6        0x2 
 .data          0x0003dad8        0x6 /home/zack/Programming/NanobyteOS/SolOS/build/kernel/c/arch/x86/idt.o
                0x0003dad8                g_IDTDescriptor
 .data          0x0003dade        0x0 /home/zack/Programming/NanobyteOS/SolOS/build/kernel/c/arch/x86/irq.o
 .data          0x0003dade        0x0 /home/zack/Programming/NanobyteOS/SolOS/build/kernel/c/arch/x86/isr.o
 .data          0x0003dade        0x0 /home/zack/Programming/NanobyteOS/SolOS/build/kernel/c/arch/x86/PIC8259.o
 .data          0x0003dade        0x0 /home/zack/opt/cross/lib/gcc/i686-elf/12.1.0//libgcc.a(_udivdi3.o)
 .data          0x0003dade        0x0 /home/zack/opt/cross/lib/gcc/i686-elf/12.1.0//libgcc.a(_umoddi3.o)

.bss            0x0003dae0    0x293cc
 *(COMMON)
 *(.bss)
 .bss           0x0003dae0        0x0 /home/zack/Programming/NanobyteOS/SolOS/build/kernel/s/main.o
 .bss           0x0003dae0        0x0 /home/zack/Programming/NanobyteOS/SolOS/build/kernel/s/syscall.o
 .bss           0x0003dae0        0x0 /home/zack/Programming/NanobyteOS/SolOS/build/kernel/s/hardware-io/io.o
 .bss           0x0003dae0        0x0 /home/zack/Programming/NanobyteOS/SolOS/build/kernel/s/memory-manager/VMM.o
 .bss           0x0003dae0        0x0 /home/zack/Programming/NanobyteOS/SolOS/build/kernel/s/proc/proc.o
 .bss           0x0003dae0        0x0 /home/zack/Programming/NanobyteOS/SolOS/build/kernel/s/arch/x86/gdt.o
 .bss           0x0003dae0        0x0 /home/zack/Programming/NanobyteOS/SolOS/build/kernel/s/arch/x86/idt.o
 .bss           0x0003dae0        0x0 /home/zack/Programming/NanobyteOS/SolOS/build/kernel/s/arch/x86/isr.o
 .bss           0x0003dae0        0x0 /home/zack/Programming/NanobyteOS/SolOS/build/kernel/s/arch/x86/PIT8254.o
 .bss           0x0003dae0      0x500 /home/zack/Programming/NanobyteOS/SolOS/build/kernel/c/CLI.o
                0x0003dae0                g_CMDHandlers
                0x0003dee0                g_CurrentPath
 .bss           0x0003dfe0        0x0 /home/zack/Programming/NanobyteOS/SolOS/build/kernel/c/ctype.o
 .bss           0x0003dfe0        0x8 /home/zack/Programming/NanobyteOS/SolOS/build/kernel/c/delay.o
                0x0003dfe0                g_Timer
 *fill*         0x0003dfe8       0x18 
 .bss           0x0003e000       0x7c /home/zack/Programming/NanobyteOS/SolOS/build/kernel/c/file.o
                0x0003e000                g_Files
                0x0003e078                g_ActiveFileDescriptors
 .bss           0x0003e07c        0x0 /home/zack/Programming/NanobyteOS/SolOS/build/kernel/c/kernel.o
 .bss           0x0003e07c        0x0 /home/zack/Programming/NanobyteOS/SolOS/build/kernel/c/memory.o
 *fill*         0x0003e07c        0x4 
 .bss           0x0003e080      0x586 /home/zack/Programming/NanobyteOS/SolOS/build/kernel/c/stdio.o
                0x0003e080                g_VGA_Display
                0x0003e0a0                g_Root_Terminal
                0x0003e1c8                g_ActiveContext
                0x0003e1e0                g_STDOUT
                0x0003e3e0                g_STDIN
                0x0003e400                g_STDERR
                0x0003e600                g_STDOUT_TAIL
                0x0003e602                g_STDIN_TAIL
                0x0003e604                g_STDERR_TAIL
 .bss           0x0003e606        0x0 /home/zack/Programming/NanobyteOS/SolOS/build/kernel/c/string.o
 .bss           0x0003e606        0x0 /home/zack/Programming/NanobyteOS/SolOS/build/kernel/c/syscall.o
 .bss           0x0003e606        0x2 /home/zack/Programming/NanobyteOS/SolOS/build/kernel/c/disk/floppy.o
                0x0003e606                g_WaitingForIRQ6
                0x0003e607                g_FloppyNum
 .bss           0x0003e608        0x1 /home/zack/Programming/NanobyteOS/SolOS/build/kernel/c/display/kinter.o
                0x0003e608                g_BlinkDisable
 .bss           0x0003e609        0x0 /home/zack/Programming/NanobyteOS/SolOS/build/kernel/c/display/VGA.o
 *fill*         0x0003e609       0x17 
 .bss           0x0003e620       0x40 /home/zack/Programming/NanobyteOS/SolOS/build/kernel/c/filesys/drive.o
                0x0003e620                g_Drives
 .bss           0x0003e660      0x580 /home/zack/Programming/NanobyteOS/SolOS/build/kernel/c/filesys/fat12.o
                0x0003e660                g_FatData
                0x0003e9c0                g_FirstFATSector
                0x0003e9c4                g_FirstRootDirSector
                0x0003e9c8                g_RootDirSize
                0x0003e9cc                g_FirstDataSector
                0x0003e9d0                g_FAT
                0x0003e9e0                g_RootDirectoryBuffer
 .bss           0x0003ebe0        0x0 /home/zack/Programming/NanobyteOS/SolOS/build/kernel/c/HAL/hal.o
 .bss           0x0003ebe0        0x0 /home/zack/Programming/NanobyteOS/SolOS/build/kernel/c/hardware-io/io.o
 .bss           0x0003ebe0        0x5 /home/zack/Programming/NanobyteOS/SolOS/build/kernel/c/keyboard/keyboard.o
                0x0003ebe0                g_ControlKeyStates
                0x0003ebe4                g_E0_Received
 *fill*         0x0003ebe5        0x3 
 .bss           0x0003ebe8        0x8 /home/zack/Programming/NanobyteOS/SolOS/build/kernel/c/memory-manager/FMM.o
                0x0003ebe8                g_KernelDMAAddress
                0x0003ebec                g_KernelDMAPhysicalAddress
 *fill*         0x0003ebf0       0x10 
 .bss           0x0003ec00    0x2063c /home/zack/Programming/NanobyteOS/SolOS/build/kernel/c/memory-manager/PMM.o
                0x0003ec00                g_MemoryMap
                0x0003ef20                g_UsableMemoryMap
                0x0003f240                g_BitmapWedges
                0x0003f260                g_Bitmap
 .bss           0x0005f23c       0x10 /home/zack/Programming/NanobyteOS/SolOS/build/kernel/c/memory-manager/VMM.o
                0x0005f23c                g_PageDirectoryAddress
                0x0005f240                g_WorkingPageTable
                0x0005f244                g_KernelPageTable
                0x0005f248                g_KernelDMAVirtualAddress
 .bss           0x0005f24c        0x0 /home/zack/Programming/NanobyteOS/SolOS/build/kernel/c/proc/load.o
 *fill*         0x0005f24c       0x14 
 .bss           0x0005f260     0x6f70 /home/zack/Programming/NanobyteOS/SolOS/build/kernel/c/proc/proc.o
                0x0005f260                g_running
                0x0005f264                g_queue
                0x0005f268                g_sleeping_list
                0x0005f26c                g_GoToKernel
                0x0005f26d                g_KillRunning
                0x0005f26e                g_SleepRunning
                0x0005f280                g_KernelContext
                0x0005f2c0                g_SavedESP
                0x0005f2c4                g_time_since_switch
                0x0005f2c8                g_PIDCounter
                0x0005f2e0                g_Processes
 *fill*         0x000661d0       0x10 
 .bss           0x000661e0       0x6c /home/zack/Programming/NanobyteOS/SolOS/build/kernel/c/arch/x86/gdt.o
                0x000661e0                g_TSS
 *fill*         0x0006624c       0x14 
 .bss           0x00066260      0x800 /home/zack/Programming/NanobyteOS/SolOS/build/kernel/c/arch/x86/idt.o
                0x00066260                g_IDT
 .bss           0x00066a60       0x40 /home/zack/Programming/NanobyteOS/SolOS/build/kernel/c/arch/x86/irq.o
                0x00066a60                g_IRQHandlers
 .bss           0x00066aa0      0x400 /home/zack/Programming/NanobyteOS/SolOS/build/kernel/c/arch/x86/isr.o
                0x00066aa0                g_ISRHandlers
 .bss           0x00066ea0        0xc /home/zack/Programming/NanobyteOS/SolOS/build/kernel/c/arch/x86/PIC8259.o
                0x00066ea0                PIC_ICW1
                0x00066ea4                PIC_ICW4
                0x00066ea8                PIC_CMD
 .bss           0x00066eac        0x0 /home/zack/opt/cross/lib/gcc/i686-elf/12.1.0//libgcc.a(_udivdi3.o)
 .bss           0x00066eac        0x0 /home/zack/opt/cross/lib/gcc/i686-elf/12.1.0//libgcc.a(_umoddi3.o)
LOAD /home/zack/Programming/NanobyteOS/SolOS/build/kernel/s/main.o
LOAD /home/zack/Programming/NanobyteOS/SolOS/build/kernel/s/syscall.o
LOAD /home/zack/Programming/NanobyteOS/SolOS/build/kernel/s/hardware-io/io.o
LOAD /home/zack/Programming/NanobyteOS/SolOS/build/kernel/s/memory-manager/VMM.o
LOAD /home/zack/Programming/NanobyteOS/SolOS/build/kernel/s/proc/proc.o
LOAD /home/zack/Programming/NanobyteOS/SolOS/build/kernel/s/arch/x86/gdt.o
LOAD /home/zack/Programming/NanobyteOS/SolOS/build/kernel/s/arch/x86/idt.o
LOAD /home/zack/Programming/NanobyteOS/SolOS/build/kernel/s/arch/x86/isr.o
LOAD /home/zack/Programming/NanobyteOS/SolOS/build/kernel/s/arch/x86/PIT8254.o
LOAD /home/zack/Programming/NanobyteOS/SolOS/build/kernel/c/CLI.o
LOAD /home/zack/Programming/NanobyteOS/SolOS/build/kernel/c/ctype.o
LOAD /home/zack/Programming/NanobyteOS/SolOS/build/kernel/c/delay.o
LOAD /home/zack/Programming/NanobyteOS/SolOS/build/kernel/c/file.o
LOAD /home/zack/Programming/NanobyteOS/SolOS/build/kernel/c/kernel.o
LOAD /home/zack/Programming/NanobyteOS/SolOS/build/kernel/c/memory.o
LOAD /home/zack/Programming/NanobyteOS/SolOS/build/kernel/c/stdio.o
LOAD /home/zack/Programming/NanobyteOS/SolOS/build/kernel/c/string.o
LOAD /home/zack/Programming/NanobyteOS/SolOS/build/kernel/c/syscall.o
LOAD /home/zack/Programming/NanobyteOS/SolOS/build/kernel/c/disk/floppy.o
LOAD /home/zack/Programming/NanobyteOS/SolOS/build/kernel/c/display/kinter.o
LOAD /home/zack/Programming/NanobyteOS/SolOS/build/kernel/c/display/VGA.o
LOAD /home/zack/Programming/NanobyteOS/SolOS/build/kernel/c/filesys/drive.o
LOAD /home/zack/Programming/NanobyteOS/SolOS/build/kernel/c/filesys/fat12.o
LOAD /home/zack/Programming/NanobyteOS/SolOS/build/kernel/c/HAL/hal.o
LOAD /home/zack/Programming/NanobyteOS/SolOS/build/kernel/c/hardware-io/io.o
LOAD /home/zack/Programming/NanobyteOS/SolOS/build/kernel/c/keyboard/keyboard.o
LOAD /home/zack/Programming/NanobyteOS/SolOS/build/kernel/c/memory-manager/FMM.o
LOAD /home/zack/Programming/NanobyteOS/SolOS/build/kernel/c/memory-manager/PMM.o
LOAD /home/zack/Programming/NanobyteOS/SolOS/build/kernel/c/memory-manager/VMM.o
LOAD /home/zack/Programming/NanobyteOS/SolOS/build/kernel/c/proc/load.o
LOAD /home/zack/Programming/NanobyteOS/SolOS/build/kernel/c/proc/proc.o
LOAD /home/zack/Programming/NanobyteOS/SolOS/build/kernel/c/arch/x86/gdt.o
LOAD /home/zack/Programming/NanobyteOS/SolOS/build/kernel/c/arch/x86/idt.o
LOAD /home/zack/Programming/NanobyteOS/SolOS/build/kernel/c/arch/x86/irq.o
LOAD /home/zack/Programming/NanobyteOS/SolOS/build/kernel/c/arch/x86/isr.o
LOAD /home/zack/Programming/NanobyteOS/SolOS/build/kernel/c/arch/x86/PIC8259.o
LOAD /home/zack/opt/cross/lib/gcc/i686-elf/12.1.0//libgcc.a
OUTPUT(/home/zack/Programming/NanobyteOS/SolOS/build/kernel.bin binary)

.comment        0x00000000      0x227
 .comment       0x00000000       0x13 /home/zack/Programming/NanobyteOS/SolOS/build/kernel/c/CLI.o
 .comment       0x00000013       0x13 /home/zack/Programming/NanobyteOS/SolOS/build/kernel/c/ctype.o
 .comment       0x00000026       0x13 /home/zack/Programming/NanobyteOS/SolOS/build/kernel/c/delay.o
 .comment       0x00000039       0x13 /home/zack/Programming/NanobyteOS/SolOS/build/kernel/c/file.o
 .comment       0x0000004c       0x13 /home/zack/Programming/NanobyteOS/SolOS/build/kernel/c/kernel.o
 .comment       0x0000005f       0x13 /home/zack/Programming/NanobyteOS/SolOS/build/kernel/c/memory.o
 .comment       0x00000072       0x13 /home/zack/Programming/NanobyteOS/SolOS/build/kernel/c/stdio.o
 .comment       0x00000085       0x13 /home/zack/Programming/NanobyteOS/SolOS/build/kernel/c/string.o
 .comment       0x00000098       0x13 /home/zack/Programming/NanobyteOS/SolOS/build/kernel/c/syscall.o
 .comment       0x000000ab       0x13 /home/zack/Programming/NanobyteOS/SolOS/build/kernel/c/disk/floppy.o
 .comment       0x000000be       0x13 /home/zack/Programming/NanobyteOS/SolOS/build/kernel/c/display/kinter.o
 .comment       0x000000d1       0x13 /home/zack/Programming/NanobyteOS/SolOS/build/kernel/c/display/VGA.o
 .comment       0x000000e4       0x13 /home/zack/Programming/NanobyteOS/SolOS/build/kernel/c/filesys/drive.o
 .comment       0x000000f7       0x13 /home/zack/Programming/NanobyteOS/SolOS/build/kernel/c/filesys/fat12.o
 .comment       0x0000010a       0x13 /home/zack/Programming/NanobyteOS/SolOS/build/kernel/c/HAL/hal.o
 .comment       0x0000011d       0x13 /home/zack/Programming/NanobyteOS/SolOS/build/kernel/c/hardware-io/io.o
 .comment       0x00000130       0x13 /home/zack/Programming/NanobyteOS/SolOS/build/kernel/c/keyboard/keyboard.o
 .comment       0x00000143       0x13 /home/zack/Programming/NanobyteOS/SolOS/build/kernel/c/memory-manager/FMM.o
 .comment       0x00000156       0x13 /home/zack/Programming/NanobyteOS/SolOS/build/kernel/c/memory-manager/PMM.o
 .comment       0x00000169       0x13 /home/zack/Programming/NanobyteOS/SolOS/build/kernel/c/memory-manager/VMM.o
 .comment       0x0000017c       0x13 /home/zack/Programming/NanobyteOS/SolOS/build/kernel/c/proc/load.o
 .comment       0x0000018f       0x13 /home/zack/Programming/NanobyteOS/SolOS/build/kernel/c/proc/proc.o
 .comment       0x000001a2       0x13 /home/zack/Programming/NanobyteOS/SolOS/build/kernel/c/arch/x86/gdt.o
 .comment       0x000001b5       0x13 /home/zack/Programming/NanobyteOS/SolOS/build/kernel/c/arch/x86/idt.o
 .comment       0x000001c8       0x13 /home/zack/Programming/NanobyteOS/SolOS/build/kernel/c/arch/x86/irq.o
 .comment       0x000001db       0x13 /home/zack/Programming/NanobyteOS/SolOS/build/kernel/c/arch/x86/isr.o
 .comment       0x000001ee       0x13 /home/zack/Programming/NanobyteOS/SolOS/build/kernel/c/arch/x86/PIC8259.o
 .comment       0x00000201       0x13 /home/zack/opt/cross/lib/gcc/i686-elf/12.1.0//libgcc.a(_udivdi3.o)
 .comment       0x00000214       0x13 /home/zack/opt/cross/lib/gcc/i686-elf/12.1.0//libgcc.a(_umoddi3.o)

.debug_info     0x00000000      0x66b
 .debug_info    0x00000000      0x326 /home/zack/opt/cross/lib/gcc/i686-elf/12.1.0//libgcc.a(_udivdi3.o)
 .debug_info    0x00000326      0x345 /home/zack/opt/cross/lib/gcc/i686-elf/12.1.0//libgcc.a(_umoddi3.o)

.debug_abbrev   0x00000000      0x2e0
 .debug_abbrev  0x00000000      0x165 /home/zack/opt/cross/lib/gcc/i686-elf/12.1.0//libgcc.a(_udivdi3.o)
 .debug_abbrev  0x00000165      0x17b /home/zack/opt/cross/lib/gcc/i686-elf/12.1.0//libgcc.a(_umoddi3.o)

.debug_loclists
                0x00000000      0x7be
 .debug_loclists
                0x00000000      0x40a /home/zack/opt/cross/lib/gcc/i686-elf/12.1.0//libgcc.a(_udivdi3.o)
 .debug_loclists
                0x0000040a      0x3b4 /home/zack/opt/cross/lib/gcc/i686-elf/12.1.0//libgcc.a(_umoddi3.o)

.debug_aranges  0x00000000       0x40
 .debug_aranges
                0x00000000       0x20 /home/zack/opt/cross/lib/gcc/i686-elf/12.1.0//libgcc.a(_udivdi3.o)
 .debug_aranges
                0x00000020       0x20 /home/zack/opt/cross/lib/gcc/i686-elf/12.1.0//libgcc.a(_umoddi3.o)

.debug_rnglists
                0x00000000       0x49
 .debug_rnglists
                0x00000000       0x2a /home/zack/opt/cross/lib/gcc/i686-elf/12.1.0//libgcc.a(_udivdi3.o)
 .debug_rnglists
                0x0000002a       0x1f /home/zack/opt/cross/lib/gcc/i686-elf/12.1.0//libgcc.a(_umoddi3.o)

.debug_line     0x00000000      0x347
 .debug_line    0x00000000      0x179 /home/zack/opt/cross/lib/gcc/i686-elf/12.1.0//libgcc.a(_udivdi3.o)
 .debug_line    0x00000179      0x1ce /home/zack/opt/cross/lib/gcc/i686-elf/12.1.0//libgcc.a(_umoddi3.o)

.debug_str      0x00000000      0x3c6
 .debug_str     0x00000000      0x1e3 /home/zack/opt/cross/lib/gcc/i686-elf/12.1.0//libgcc.a(_udivdi3.o)
 .debug_str     0x000001e3      0x1e3 /home/zack/opt/cross/lib/gcc/i686-elf/12.1.0//libgcc.a(_umoddi3.o)

.debug_line_str
                0x00000000      0x170
 .debug_line_str
                0x00000000       0xb8 /home/zack/opt/cross/lib/gcc/i686-elf/12.1.0//libgcc.a(_udivdi3.o)
 .debug_line_str
                0x000000b8       0xb8 /home/zack/opt/cross/lib/gcc/i686-elf/12.1.0//libgcc.a(_umoddi3.o)
