Archive member included to satisfy reference by file (symbol)

/home/zack/opt/cross/lib/gcc/i686-elf/12.1.0//libgcc.a(_udivdi3.o)
                              /home/zack/Programming/NanobyteOS/SolOS/build/kernel/c/stdio.o (__udivdi3)
/home/zack/opt/cross/lib/gcc/i686-elf/12.1.0//libgcc.a(_umoddi3.o)
                              /home/zack/Programming/NanobyteOS/SolOS/build/kernel/c/stdio.o (__umoddi3)

There are no discarded input sections

Memory Configuration

Name             Origin             Length             Attributes
RAM              0x00030000         0x00050000         xrw
*default*        0x00000000         0xffffffff

Linker script and memory map

                0x00030000                        . = 0x30000

.text           0x00030000     0x7b16
 *(.text)
 .text          0x00030000       0x28 /home/zack/Programming/NanobyteOS/SolOS/build/kernel/s/main.o
                0x00030000                kernel_start
 .text          0x00030028       0x25 /home/zack/Programming/NanobyteOS/SolOS/build/kernel/s/hardware-io/io.o
                0x00030028                i686_outb
                0x00030033                i686_outw
                0x00030040                i686_inb
                0x00030049                i686_EnableInterrupts
                0x0003004b                i686_DisableInterrupts
 *fill*         0x0003004d        0x3 
 .text          0x00030050       0x22 /home/zack/Programming/NanobyteOS/SolOS/build/kernel/s/memory-manager/VMM.o
                0x00030050                VMM_EnablePaging
                0x00030063                VMM_InvalidatePage
                0x0003006b                VMM_InvalidateTLB
 *fill*         0x00030072        0x2 
 .text          0x00030074       0x3f /home/zack/Programming/NanobyteOS/SolOS/build/kernel/s/arch/x86/gdt.o
                0x00030074                i686_GDT_Load
 *fill*         0x000300b3        0x1 
 .text          0x000300b4        0xd /home/zack/Programming/NanobyteOS/SolOS/build/kernel/s/arch/x86/idt.o
                0x000300b4                i686_IDT_Load
 *fill*         0x000300c1        0x3 
 .text          0x000300c4      0xa75 /home/zack/Programming/NanobyteOS/SolOS/build/kernel/s/arch/x86/isr.o
                0x000300c4                i686_ISR0
                0x000300cd                i686_ISR1
                0x000300d6                i686_ISR2
                0x000300df                i686_ISR3
                0x000300e8                i686_ISR4
                0x000300f1                i686_ISR5
                0x000300fa                i686_ISR6
                0x00030103                i686_ISR7
                0x0003010c                i686_ISR8
                0x00030113                i686_ISR9
                0x0003011c                i686_ISR10
                0x00030123                i686_ISR11
                0x0003012a                i686_ISR12
                0x00030131                i686_ISR13
                0x00030138                i686_ISR14
                0x0003013f                i686_ISR15
                0x00030148                i686_ISR16
                0x00030151                i686_ISR17
                0x00030158                i686_ISR18
                0x00030161                i686_ISR19
                0x0003016a                i686_ISR20
                0x00030173                i686_ISR21
                0x0003017a                i686_ISR22
                0x00030183                i686_ISR23
                0x0003018c                i686_ISR24
                0x00030195                i686_ISR25
                0x0003019e                i686_ISR26
                0x000301a7                i686_ISR27
                0x000301b0                i686_ISR28
                0x000301b9                i686_ISR29
                0x000301c0                i686_ISR30
                0x000301c7                i686_ISR31
                0x000301d0                i686_ISR32
                0x000301d9                i686_ISR33
                0x000301e2                i686_ISR34
                0x000301eb                i686_ISR35
                0x000301f4                i686_ISR36
                0x000301fd                i686_ISR37
                0x00030206                i686_ISR38
                0x0003020f                i686_ISR39
                0x00030218                i686_ISR40
                0x00030221                i686_ISR41
                0x0003022a                i686_ISR42
                0x00030233                i686_ISR43
                0x0003023c                i686_ISR44
                0x00030245                i686_ISR45
                0x0003024e                i686_ISR46
                0x00030257                i686_ISR47
                0x00030260                i686_ISR48
                0x00030269                i686_ISR49
                0x00030272                i686_ISR50
                0x0003027b                i686_ISR51
                0x00030284                i686_ISR52
                0x0003028d                i686_ISR53
                0x00030296                i686_ISR54
                0x0003029f                i686_ISR55
                0x000302a8                i686_ISR56
                0x000302b1                i686_ISR57
                0x000302ba                i686_ISR58
                0x000302c3                i686_ISR59
                0x000302cc                i686_ISR60
                0x000302d5                i686_ISR61
                0x000302de                i686_ISR62
                0x000302e7                i686_ISR63
                0x000302f0                i686_ISR64
                0x000302f9                i686_ISR65
                0x00030302                i686_ISR66
                0x0003030b                i686_ISR67
                0x00030314                i686_ISR68
                0x0003031d                i686_ISR69
                0x00030326                i686_ISR70
                0x0003032f                i686_ISR71
                0x00030338                i686_ISR72
                0x00030341                i686_ISR73
                0x0003034a                i686_ISR74
                0x00030353                i686_ISR75
                0x0003035c                i686_ISR76
                0x00030365                i686_ISR77
                0x0003036e                i686_ISR78
                0x00030377                i686_ISR79
                0x00030380                i686_ISR80
                0x00030389                i686_ISR81
                0x00030392                i686_ISR82
                0x0003039b                i686_ISR83
                0x000303a4                i686_ISR84
                0x000303ad                i686_ISR85
                0x000303b6                i686_ISR86
                0x000303bf                i686_ISR87
                0x000303c8                i686_ISR88
                0x000303d1                i686_ISR89
                0x000303da                i686_ISR90
                0x000303e3                i686_ISR91
                0x000303ec                i686_ISR92
                0x000303f5                i686_ISR93
                0x000303fe                i686_ISR94
                0x00030407                i686_ISR95
                0x00030410                i686_ISR96
                0x00030419                i686_ISR97
                0x00030422                i686_ISR98
                0x0003042b                i686_ISR99
                0x00030434                i686_ISR100
                0x0003043d                i686_ISR101
                0x00030446                i686_ISR102
                0x0003044f                i686_ISR103
                0x00030458                i686_ISR104
                0x00030461                i686_ISR105
                0x0003046a                i686_ISR106
                0x00030473                i686_ISR107
                0x0003047c                i686_ISR108
                0x00030485                i686_ISR109
                0x0003048e                i686_ISR110
                0x00030497                i686_ISR111
                0x000304a0                i686_ISR112
                0x000304a9                i686_ISR113
                0x000304b2                i686_ISR114
                0x000304bb                i686_ISR115
                0x000304c4                i686_ISR116
                0x000304cd                i686_ISR117
                0x000304d6                i686_ISR118
                0x000304df                i686_ISR119
                0x000304e8                i686_ISR120
                0x000304f1                i686_ISR121
                0x000304fa                i686_ISR122
                0x00030503                i686_ISR123
                0x0003050c                i686_ISR124
                0x00030515                i686_ISR125
                0x0003051e                i686_ISR126
                0x00030527                i686_ISR127
                0x00030530                i686_ISR128
                0x0003053c                i686_ISR129
                0x00030548                i686_ISR130
                0x00030554                i686_ISR131
                0x00030560                i686_ISR132
                0x0003056c                i686_ISR133
                0x00030578                i686_ISR134
                0x00030584                i686_ISR135
                0x00030590                i686_ISR136
                0x0003059c                i686_ISR137
                0x000305a8                i686_ISR138
                0x000305b4                i686_ISR139
                0x000305c0                i686_ISR140
                0x000305cc                i686_ISR141
                0x000305d8                i686_ISR142
                0x000305e4                i686_ISR143
                0x000305f0                i686_ISR144
                0x000305fc                i686_ISR145
                0x00030608                i686_ISR146
                0x00030614                i686_ISR147
                0x00030620                i686_ISR148
                0x0003062c                i686_ISR149
                0x00030638                i686_ISR150
                0x00030644                i686_ISR151
                0x00030650                i686_ISR152
                0x0003065c                i686_ISR153
                0x00030668                i686_ISR154
                0x00030674                i686_ISR155
                0x00030680                i686_ISR156
                0x0003068c                i686_ISR157
                0x00030698                i686_ISR158
                0x000306a4                i686_ISR159
                0x000306b0                i686_ISR160
                0x000306bc                i686_ISR161
                0x000306c8                i686_ISR162
                0x000306d4                i686_ISR163
                0x000306e0                i686_ISR164
                0x000306ec                i686_ISR165
                0x000306f8                i686_ISR166
                0x00030704                i686_ISR167
                0x00030710                i686_ISR168
                0x0003071c                i686_ISR169
                0x00030728                i686_ISR170
                0x00030734                i686_ISR171
                0x00030740                i686_ISR172
                0x0003074c                i686_ISR173
                0x00030758                i686_ISR174
                0x00030764                i686_ISR175
                0x00030770                i686_ISR176
                0x0003077c                i686_ISR177
                0x00030788                i686_ISR178
                0x00030794                i686_ISR179
                0x000307a0                i686_ISR180
                0x000307ac                i686_ISR181
                0x000307b8                i686_ISR182
                0x000307c4                i686_ISR183
                0x000307d0                i686_ISR184
                0x000307dc                i686_ISR185
                0x000307e8                i686_ISR186
                0x000307f4                i686_ISR187
                0x00030800                i686_ISR188
                0x0003080c                i686_ISR189
                0x00030818                i686_ISR190
                0x00030824                i686_ISR191
                0x00030830                i686_ISR192
                0x0003083c                i686_ISR193
                0x00030848                i686_ISR194
                0x00030854                i686_ISR195
                0x00030860                i686_ISR196
                0x0003086c                i686_ISR197
                0x00030878                i686_ISR198
                0x00030884                i686_ISR199
                0x00030890                i686_ISR200
                0x0003089c                i686_ISR201
                0x000308a8                i686_ISR202
                0x000308b4                i686_ISR203
                0x000308c0                i686_ISR204
                0x000308cc                i686_ISR205
                0x000308d8                i686_ISR206
                0x000308e4                i686_ISR207
                0x000308f0                i686_ISR208
                0x000308fc                i686_ISR209
                0x00030908                i686_ISR210
                0x00030914                i686_ISR211
                0x00030920                i686_ISR212
                0x0003092c                i686_ISR213
                0x00030938                i686_ISR214
                0x00030944                i686_ISR215
                0x00030950                i686_ISR216
                0x0003095c                i686_ISR217
                0x00030968                i686_ISR218
                0x00030974                i686_ISR219
                0x00030980                i686_ISR220
                0x0003098c                i686_ISR221
                0x00030998                i686_ISR222
                0x000309a4                i686_ISR223
                0x000309b0                i686_ISR224
                0x000309bc                i686_ISR225
                0x000309c8                i686_ISR226
                0x000309d4                i686_ISR227
                0x000309e0                i686_ISR228
                0x000309ec                i686_ISR229
                0x000309f8                i686_ISR230
                0x00030a04                i686_ISR231
                0x00030a10                i686_ISR232
                0x00030a1c                i686_ISR233
                0x00030a28                i686_ISR234
                0x00030a34                i686_ISR235
                0x00030a40                i686_ISR236
                0x00030a4c                i686_ISR237
                0x00030a58                i686_ISR238
                0x00030a64                i686_ISR239
                0x00030a70                i686_ISR240
                0x00030a7c                i686_ISR241
                0x00030a85                i686_ISR242
                0x00030a8e                i686_ISR243
                0x00030a97                i686_ISR244
                0x00030aa0                i686_ISR245
                0x00030aa9                i686_ISR246
                0x00030ab2                i686_ISR247
                0x00030abb                i686_ISR248
                0x00030ac4                i686_ISR249
                0x00030acd                i686_ISR250
                0x00030ad6                i686_ISR251
                0x00030adf                i686_ISR252
                0x00030ae8                i686_ISR253
                0x00030af1                i686_ISR254
                0x00030afa                i686_ISR255
                0x00030b2d                i686_DisablePaging
 *fill*         0x00030b39        0x3 
 .text          0x00030b3c       0x14 /home/zack/Programming/NanobyteOS/SolOS/build/kernel/s/arch/x86/PIT8254.o
                0x00030b3c                i686_PIT_Initialize
 .text          0x00030b50      0x6b7 /home/zack/Programming/NanobyteOS/SolOS/build/kernel/c/CLI.o
                0x00030b50                GetCMD
                0x00030be7                RegisterCMDHandler
                0x00030bfa                LS
                0x00030c93                CD
                0x00030ea5                CAT
                0x00031008                CLI_Mainloop
 .text          0x00031207       0x55 /home/zack/Programming/NanobyteOS/SolOS/build/kernel/c/ctype.o
                0x00031207                islower
                0x00031230                toupper
 .text          0x0003125c       0x67 /home/zack/Programming/NanobyteOS/SolOS/build/kernel/c/delay.o
                0x0003125c                ActiveContextTimerSleepHook
                0x00031288                sleep
 .text          0x000312c3      0x189 /home/zack/Programming/NanobyteOS/SolOS/build/kernel/c/kernel.o
                0x000312c3                setup_timer
                0x000312c9                timer
                0x000312ec                kernel_main
 .text          0x0003144c       0xf5 /home/zack/Programming/NanobyteOS/SolOS/build/kernel/c/memory.o
                0x0003144c                memcpy
                0x0003149e                memset
                0x000314e1                memcmp
 .text          0x00031541      0xe86 /home/zack/Programming/NanobyteOS/SolOS/build/kernel/c/stdio.o
                0x00031541                initialize_stdio
                0x00031593                GetActiveContext
                0x0003159d                GetSTDOUT
                0x000315a7                GetSTDIN
                0x000315b1                GetSTDERR
                0x000315bb                STD_PutBuffer
                0x000315f0                STD_GetBuffer
                0x00031631                STD_FlushSTDOUT
                0x0003167a                STD_FlushSTDIN
                0x000316ad                STD_FlushSTDERR
                0x000316e0                ActiveContextTimerCursorHook
                0x000316fd                ActiveContextKeyboardHook
                0x000317c6                CFG_EnableCursorBlinking
                0x000317d5                CFG_DisableCursorBlinking
                0x000317e4                CFG_SetCursorChar
                0x000317ff                __STD_Putc
                0x00031832                __STD_Puts
                0x0003185b                printf_unsigned
                0x0003190e                printf_signed
                0x00031968                printf
                0x00031c8b                hex_to_dec
                0x00031d23                scanf
                0x0003230f                getline
 .text          0x000323c7       0xb6 /home/zack/Programming/NanobyteOS/SolOS/build/kernel/c/string.o
                0x000323c7                strchr
                0x00032405                strcpy
                0x00032457                strlen
 .text          0x0003247d       0x20 /home/zack/Programming/NanobyteOS/SolOS/build/kernel/c/syscall.o
                0x0003247d                SyscallEntrypoint
 .text          0x0003249d      0xabb /home/zack/Programming/NanobyteOS/SolOS/build/kernel/c/disk/floppy.o
                0x0003249d                GetCommandParamCount
                0x000324f6                GetCommandAwaitIRQ6
                0x0003254f                GetCommandReturnCount
                0x000325a8                DISK_Floppy_GetSectorAddr
                0x000325c4                DISK_Floppy_IRQ6Handler
                0x000325d1                lba2chs
                0x00032645                WaitForIRQ6
                0x0003266f                WaitForFIFO
                0x000326ab                PrepareDMAForTransfer
                0x00032775                PrepareDMAForWrite
                0x000327c5                PrepareDMAForRead
                0x0003289e                FDC_SetBit
                0x00032911                DISK_Floppy_Reset
                0x0003299e                DISK_Floppy_Initialize
                0x00032a71                DISK_Floppy_IssueCommand
                0x00032c5c                DISK_Floppy_ReadSector
                0x00032d3d                DISK_Floppy_ReadSectors
                0x00032e3a                DISK_Floppy_ReadSectorsTo
 .text          0x00032f58      0xbd3 /home/zack/Programming/NanobyteOS/SolOS/build/kernel/c/display/kinter.o
                0x00032f58                KI_VGACoordTransform
                0x00032fd9                KI_DisableBlinking
                0x00032fe6                KI_EnableBlinking
                0x00032ff3                KI_DrawCursor
                0x000330be                KI_CursorHook
                0x000330f9                KI_Initialize
                0x00033237                KI_Clear
                0x000332cd                KI_DrawBorder
                0x00033675                KI_UpdateLineScrolling
                0x000337d3                KI_Putc
                0x00033aab                KI_Puts
                0x00033add                KI_BadSizeError
                0x00033b14                KI_TextOverflowError
 .text          0x00033b2b      0x276 /home/zack/Programming/NanobyteOS/SolOS/build/kernel/c/display/VGA.o
                0x00033b2b                VGA_ColorData
                0x00033b3d                VGA_Initialize
                0x00033b83                VGA_ClearScreen
                0x00033c04                VGA_SetChar
                0x00033c64                VGA_SetCursorPos
                0x00033c99                VGA_Print
                0x00033d1d                VGA_Write
 .text          0x00033da1      0x7dd /home/zack/Programming/NanobyteOS/SolOS/build/kernel/c/filesys/fat12.o
                0x00033da1                FAT12_ReadSector
                0x00033dd9                FAT12_LoadFATSector
                0x00033e19                FAT12_Initialize
                0x00033f44                FAT12_OpenEntry
                0x00034029                FAT12_Cluster2Sector
                0x0003403c                FAT12_NextCluster
                0x000340b0                FAT12_Read
                0x00034231                FAT12_ReadEntry
                0x00034252                FAT12_Close
                0x00034288                FAT12_FindFile
                0x00034438                FAT12_Open
 .text          0x0003457e       0x22 /home/zack/Programming/NanobyteOS/SolOS/build/kernel/c/HAL/hal.o
                0x0003457e                HAL_Initialize
 .text          0x000345a0       0x1b /home/zack/Programming/NanobyteOS/SolOS/build/kernel/c/hardware-io/io.o
                0x000345a0                i686_iowait
 .text          0x000345bb      0x1a2 /home/zack/Programming/NanobyteOS/SolOS/build/kernel/c/keyboard/keyboard.o
                0x000345bb                GetQWERTYCTRLMakeKeyCode
                0x00034618                GetQWERTYCTRLClearKeyCode
                0x00034685                Keyboard_Handler
 .text          0x0003475d      0x3b6 /home/zack/Programming/NanobyteOS/SolOS/build/kernel/c/memory-manager/FMM.o
                0x0003475d                FMM_GetDMAAddress
                0x00034767                FMM_GetDMAPhysAddress
                0x00034771                FMM_Initialize
                0x00034806                PageFaultHandler
                0x000348e7                FMM_FreeBlocksAt
                0x00034980                FMM_ClearMapping
                0x00034a12                FMM_FreeBlocks
                0x00034a2c                FMM_AllocateBlocks
                0x00034a42                FMM_CreateMapping
 .text          0x00034b13      0xac8 /home/zack/Programming/NanobyteOS/SolOS/build/kernel/c/memory-manager/PMM.o
                0x00034b13                PMM_Initialize
                0x00034e87                PMM_GetBitmapData
                0x00034eab                PMM_SetBitmapData
                0x00034f08                PMM_PrintUsableRegionInfo
                0x00034f8c                PMM_BlockIndex2PhysicalAddress
                0x00035073                PMM_PhysicalAddress2BlockIndex
                0x00035150                PMM_DEBUG_PrintWedges
                0x000351d6                PMM_FirstFitSearch
                0x000352b0                PMM_AllocateBlocks
                0x000353f8                PMM_FreeBlocks
                0x00035511                PMM_ForceFreeBlocks
 .text          0x000355db      0x858 /home/zack/Programming/NanobyteOS/SolOS/build/kernel/c/memory-manager/VMM.o
                0x000355db                VMM_GetDMAAddress
                0x000355e5                VMM_GetPageTableHandler
                0x000355ef                VMM_VirtualAddress2PageIndices
                0x00035614                VMM_PageIndices2VirtualAddress
                0x00035629                VMM_CreatePageDirectoryEntry
                0x00035674                VMM_GetPageDirectoryEntryAVL
                0x00035684                VMM_SetPageDirectoryEntryAVL
                0x000356b0                VMM_CreatePageTableEntry
                0x00035715                VMM_GetPageTableEntryAVL
                0x00035725                VMM_SetPageTableEntryAVL
                0x00035751                VMM_GetActivePageTableEntryCount
                0x000357c7                VMM_SetActivePageTableEntryCount
                0x00035860                VMM_Initialize
                0x00035a79                VMM_SetWorkingPageTable
                0x00035afd                VMM_LoadTableForAddress
                0x00035b54                VMM_GetTableForAddress
                0x00035ba6                VMM_CreateTableForAddress
                0x00035c13                VMM_GetPageForAddress
                0x00035c9a                VMM_CreatePageForAddress
                0x00035d4b                VMM_ClearMappingForAddress
 .text          0x00035e33       0x1d /home/zack/Programming/NanobyteOS/SolOS/build/kernel/c/arch/x86/gdt.o
                0x00035e33                i686_GDT_Initialize
 .text          0x00035e50       0xba /home/zack/Programming/NanobyteOS/SolOS/build/kernel/c/arch/x86/idt.o
                0x00035e50                i686_IDT_SetGate
                0x00035eb1                i686_IDT_EnableGate
                0x00035ed1                i686_IDT_DisableGate
                0x00035ef1                i686_IDT_Initialize
 .text          0x00035f0a       0xcc /home/zack/Programming/NanobyteOS/SolOS/build/kernel/c/arch/x86/irq.o
                0x00035f0a                i686_IRQ_Handler
                0x00035f7c                i686_IRQ_Initialize
                0x00035fc3                i686_IRQ_RegisterHandler
 .text          0x00035fd6     0x1630 /home/zack/Programming/NanobyteOS/SolOS/build/kernel/c/arch/x86/isr.o
                0x00035fd6                i686_ISR_Initialize
                0x00037493                i686_ISR_RegisterHandler
                0x000374b7                i686_ISR_Handler
 .text          0x00037606      0x2b6 /home/zack/Programming/NanobyteOS/SolOS/build/kernel/c/arch/x86/PIC8259.o
                0x00037606                i686_PIC_Configure
                0x000376f8                i686_PIC_SendEndOfInterrupt
                0x00037728                i686_PIC_Disable
                0x00037762                i686_PIC_Mask
                0x000377b6                i686_PIC_Unmask
                0x0003780c                i686_PIC_ReadIrqRequestRegister
                0x00037864                i686_PIC_ReadInServiceRegister
 *fill*         0x000378bc        0x4 
 .text          0x000378c0      0x11a /home/zack/opt/cross/lib/gcc/i686-elf/12.1.0//libgcc.a(_udivdi3.o)
                0x000378c0                __udivdi3
 *fill*         0x000379da        0x6 
 .text          0x000379e0      0x136 /home/zack/opt/cross/lib/gcc/i686-elf/12.1.0//libgcc.a(_umoddi3.o)
                0x000379e0                __umoddi3

.rodata         0x00037b20      0xc68
 *(.rodata)
 .rodata        0x00037b20       0xcd /home/zack/Programming/NanobyteOS/SolOS/build/kernel/c/CLI.o
 *fill*         0x00037bed        0x3 
 .rodata        0x00037bf0      0x115 /home/zack/Programming/NanobyteOS/SolOS/build/kernel/c/kernel.o
 *fill*         0x00037d05        0x3 
 .rodata        0x00037d08      0x2e8 /home/zack/Programming/NanobyteOS/SolOS/build/kernel/c/stdio.o
                0x00037d18                g_HexChars
 .rodata        0x00037ff0       0x17 /home/zack/Programming/NanobyteOS/SolOS/build/kernel/c/syscall.o
 *fill*         0x00038007        0x1 
 .rodata        0x00038008      0x1f7 /home/zack/Programming/NanobyteOS/SolOS/build/kernel/c/disk/floppy.o
 *fill*         0x000381ff        0x1 
 .rodata        0x00038200       0x37 /home/zack/Programming/NanobyteOS/SolOS/build/kernel/c/display/kinter.o
 .rodata        0x00038237       0x22 /home/zack/Programming/NanobyteOS/SolOS/build/kernel/c/filesys/fat12.o
 *fill*         0x00038259        0x3 
 .rodata        0x0003825c      0x116 /home/zack/Programming/NanobyteOS/SolOS/build/kernel/c/memory-manager/FMM.o
 *fill*         0x00038372        0x2 
 .rodata        0x00038374       0x5e /home/zack/Programming/NanobyteOS/SolOS/build/kernel/c/memory-manager/PMM.o
 *fill*         0x000383d2        0x2 
 .rodata        0x000383d4       0x25 /home/zack/Programming/NanobyteOS/SolOS/build/kernel/c/arch/x86/irq.o
 *fill*         0x000383f9        0x7 
 .rodata        0x00038400      0x388 /home/zack/Programming/NanobyteOS/SolOS/build/kernel/c/arch/x86/isr.o

.eh_frame       0x00038788       0xd8
 .eh_frame      0x00038788       0x64 /home/zack/opt/cross/lib/gcc/i686-elf/12.1.0//libgcc.a(_udivdi3.o)
 .eh_frame      0x000387ec       0x74 /home/zack/opt/cross/lib/gcc/i686-elf/12.1.0//libgcc.a(_umoddi3.o)

.data           0x00038860      0x116
 *(.data)
 .data          0x00038860       0x4b /home/zack/Programming/NanobyteOS/SolOS/build/kernel/s/main.o
 .data          0x000388ab        0x0 /home/zack/Programming/NanobyteOS/SolOS/build/kernel/s/hardware-io/io.o
 .data          0x000388ab        0x0 /home/zack/Programming/NanobyteOS/SolOS/build/kernel/s/memory-manager/VMM.o
 .data          0x000388ab        0x0 /home/zack/Programming/NanobyteOS/SolOS/build/kernel/s/arch/x86/gdt.o
 .data          0x000388ab        0x0 /home/zack/Programming/NanobyteOS/SolOS/build/kernel/s/arch/x86/idt.o
 .data          0x000388ab        0x0 /home/zack/Programming/NanobyteOS/SolOS/build/kernel/s/arch/x86/isr.o
 .data          0x000388ab        0x0 /home/zack/Programming/NanobyteOS/SolOS/build/kernel/s/arch/x86/PIT8254.o
 .data          0x000388ab        0x0 /home/zack/Programming/NanobyteOS/SolOS/build/kernel/c/CLI.o
 .data          0x000388ab        0x0 /home/zack/Programming/NanobyteOS/SolOS/build/kernel/c/ctype.o
 .data          0x000388ab        0x0 /home/zack/Programming/NanobyteOS/SolOS/build/kernel/c/delay.o
 .data          0x000388ab        0x0 /home/zack/Programming/NanobyteOS/SolOS/build/kernel/c/kernel.o
 .data          0x000388ab        0x0 /home/zack/Programming/NanobyteOS/SolOS/build/kernel/c/memory.o
 .data          0x000388ab        0x0 /home/zack/Programming/NanobyteOS/SolOS/build/kernel/c/stdio.o
 .data          0x000388ab        0x0 /home/zack/Programming/NanobyteOS/SolOS/build/kernel/c/string.o
 .data          0x000388ab        0x0 /home/zack/Programming/NanobyteOS/SolOS/build/kernel/c/syscall.o
 .data          0x000388ab        0x0 /home/zack/Programming/NanobyteOS/SolOS/build/kernel/c/disk/floppy.o
 .data          0x000388ab        0x0 /home/zack/Programming/NanobyteOS/SolOS/build/kernel/c/display/kinter.o
 .data          0x000388ab        0x0 /home/zack/Programming/NanobyteOS/SolOS/build/kernel/c/display/VGA.o
 *fill*         0x000388ab        0x1 
 .data          0x000388ac        0x4 /home/zack/Programming/NanobyteOS/SolOS/build/kernel/c/filesys/fat12.o
                0x000388ac                g_FATLoaded
 .data          0x000388b0        0x0 /home/zack/Programming/NanobyteOS/SolOS/build/kernel/c/HAL/hal.o
 .data          0x000388b0        0x0 /home/zack/Programming/NanobyteOS/SolOS/build/kernel/c/hardware-io/io.o
 *fill*         0x000388b0       0x10 
 .data          0x000388c0       0x7a /home/zack/Programming/NanobyteOS/SolOS/build/kernel/c/keyboard/keyboard.o
                0x000388c0                g_QWERTY_make_scancodes_shifted
                0x00038900                g_QWERTY_make_scancodes_unshifted
 .data          0x0003893a        0x0 /home/zack/Programming/NanobyteOS/SolOS/build/kernel/c/memory-manager/FMM.o
 .data          0x0003893a        0x0 /home/zack/Programming/NanobyteOS/SolOS/build/kernel/c/memory-manager/PMM.o
 .data          0x0003893a        0x0 /home/zack/Programming/NanobyteOS/SolOS/build/kernel/c/memory-manager/VMM.o
 *fill*         0x0003893a        0x6 
 .data          0x00038940       0x2e /home/zack/Programming/NanobyteOS/SolOS/build/kernel/c/arch/x86/gdt.o
                0x00038940                g_GDT
                0x00038968                g_GDT_Descriptor
 *fill*         0x0003896e        0x2 
 .data          0x00038970        0x6 /home/zack/Programming/NanobyteOS/SolOS/build/kernel/c/arch/x86/idt.o
                0x00038970                g_IDTDescriptor
 .data          0x00038976        0x0 /home/zack/Programming/NanobyteOS/SolOS/build/kernel/c/arch/x86/irq.o
 .data          0x00038976        0x0 /home/zack/Programming/NanobyteOS/SolOS/build/kernel/c/arch/x86/isr.o
 .data          0x00038976        0x0 /home/zack/Programming/NanobyteOS/SolOS/build/kernel/c/arch/x86/PIC8259.o
 .data          0x00038976        0x0 /home/zack/opt/cross/lib/gcc/i686-elf/12.1.0//libgcc.a(_udivdi3.o)
 .data          0x00038976        0x0 /home/zack/opt/cross/lib/gcc/i686-elf/12.1.0//libgcc.a(_umoddi3.o)

.bss            0x00038980    0x2230c
 *(COMMON)
 *(.bss)
 .bss           0x00038980        0x0 /home/zack/Programming/NanobyteOS/SolOS/build/kernel/s/main.o
 .bss           0x00038980        0x0 /home/zack/Programming/NanobyteOS/SolOS/build/kernel/s/hardware-io/io.o
 .bss           0x00038980        0x0 /home/zack/Programming/NanobyteOS/SolOS/build/kernel/s/memory-manager/VMM.o
 .bss           0x00038980        0x0 /home/zack/Programming/NanobyteOS/SolOS/build/kernel/s/arch/x86/gdt.o
 .bss           0x00038980        0x0 /home/zack/Programming/NanobyteOS/SolOS/build/kernel/s/arch/x86/idt.o
 .bss           0x00038980        0x0 /home/zack/Programming/NanobyteOS/SolOS/build/kernel/s/arch/x86/isr.o
 .bss           0x00038980        0x0 /home/zack/Programming/NanobyteOS/SolOS/build/kernel/s/arch/x86/PIT8254.o
 .bss           0x00038980      0x500 /home/zack/Programming/NanobyteOS/SolOS/build/kernel/c/CLI.o
                0x00038980                g_CMDHandlers
                0x00038d80                CurrentPath
 .bss           0x00038e80        0x0 /home/zack/Programming/NanobyteOS/SolOS/build/kernel/c/ctype.o
 .bss           0x00038e80        0x8 /home/zack/Programming/NanobyteOS/SolOS/build/kernel/c/delay.o
                0x00038e80                g_Timer
 .bss           0x00038e88        0x0 /home/zack/Programming/NanobyteOS/SolOS/build/kernel/c/kernel.o
 .bss           0x00038e88        0x0 /home/zack/Programming/NanobyteOS/SolOS/build/kernel/c/memory.o
 *fill*         0x00038e88       0x18 
 .bss           0x00038ea0      0x586 /home/zack/Programming/NanobyteOS/SolOS/build/kernel/c/stdio.o
                0x00038ea0                g_VGA_Display
                0x00038ec0                g_Root_Terminal
                0x00038fe8                g_ActiveContext
                0x00039000                g_STDOUT
                0x00039200                g_STDIN
                0x00039220                g_STDERR
                0x00039420                g_STDOUT_TAIL
                0x00039422                g_STDIN_TAIL
                0x00039424                g_STDERR_TAIL
 .bss           0x00039426        0x0 /home/zack/Programming/NanobyteOS/SolOS/build/kernel/c/string.o
 .bss           0x00039426        0x0 /home/zack/Programming/NanobyteOS/SolOS/build/kernel/c/syscall.o
 .bss           0x00039426        0x2 /home/zack/Programming/NanobyteOS/SolOS/build/kernel/c/disk/floppy.o
                0x00039426                g_WaitingForIRQ6
                0x00039427                g_FloppyNum
 .bss           0x00039428        0x1 /home/zack/Programming/NanobyteOS/SolOS/build/kernel/c/display/kinter.o
                0x00039428                g_BlinkDisable
 .bss           0x00039429        0x0 /home/zack/Programming/NanobyteOS/SolOS/build/kernel/c/display/VGA.o
 *fill*         0x00039429       0x17 
 .bss           0x00039440      0x580 /home/zack/Programming/NanobyteOS/SolOS/build/kernel/c/filesys/fat12.o
                0x00039440                g_FatData
                0x000397a0                g_FirstFATSector
                0x000397a4                g_FirstRootDirSector
                0x000397a8                g_RootDirSize
                0x000397ac                g_FirstDataSector
                0x000397b0                g_FAT
                0x000397c0                g_RootDirectoryBuffer
 .bss           0x000399c0        0x0 /home/zack/Programming/NanobyteOS/SolOS/build/kernel/c/HAL/hal.o
 .bss           0x000399c0        0x0 /home/zack/Programming/NanobyteOS/SolOS/build/kernel/c/hardware-io/io.o
 .bss           0x000399c0        0x5 /home/zack/Programming/NanobyteOS/SolOS/build/kernel/c/keyboard/keyboard.o
                0x000399c0                g_ControlKeyStates
                0x000399c4                g_E0_Received
 *fill*         0x000399c5        0x3 
 .bss           0x000399c8        0x8 /home/zack/Programming/NanobyteOS/SolOS/build/kernel/c/memory-manager/FMM.o
                0x000399c8                g_KernelDMAAddress
                0x000399cc                g_KernelDMAPhysicalAddress
 *fill*         0x000399d0       0x10 
 .bss           0x000399e0    0x2063c /home/zack/Programming/NanobyteOS/SolOS/build/kernel/c/memory-manager/PMM.o
                0x000399e0                g_MemoryMap
                0x00039d00                g_UsableMemoryMap
                0x0003a020                g_BitmapWedges
                0x0003a040                g_Bitmap
 .bss           0x0005a01c        0xc /home/zack/Programming/NanobyteOS/SolOS/build/kernel/c/memory-manager/VMM.o
                0x0005a01c                g_PageDirectoryAddress
                0x0005a020                g_PageTableAddress
                0x0005a024                g_KernelDMAVirtualAddress
 .bss           0x0005a028        0x0 /home/zack/Programming/NanobyteOS/SolOS/build/kernel/c/arch/x86/gdt.o
 *fill*         0x0005a028       0x18 
 .bss           0x0005a040      0x800 /home/zack/Programming/NanobyteOS/SolOS/build/kernel/c/arch/x86/idt.o
                0x0005a040                g_IDT
 .bss           0x0005a840       0x40 /home/zack/Programming/NanobyteOS/SolOS/build/kernel/c/arch/x86/irq.o
                0x0005a840                g_IRQHandlers
 .bss           0x0005a880      0x400 /home/zack/Programming/NanobyteOS/SolOS/build/kernel/c/arch/x86/isr.o
                0x0005a880                g_ISRHandlers
 .bss           0x0005ac80        0xc /home/zack/Programming/NanobyteOS/SolOS/build/kernel/c/arch/x86/PIC8259.o
                0x0005ac80                PIC_ICW1
                0x0005ac84                PIC_ICW4
                0x0005ac88                PIC_CMD
 .bss           0x0005ac8c        0x0 /home/zack/opt/cross/lib/gcc/i686-elf/12.1.0//libgcc.a(_udivdi3.o)
 .bss           0x0005ac8c        0x0 /home/zack/opt/cross/lib/gcc/i686-elf/12.1.0//libgcc.a(_umoddi3.o)
LOAD /home/zack/Programming/NanobyteOS/SolOS/build/kernel/s/main.o
LOAD /home/zack/Programming/NanobyteOS/SolOS/build/kernel/s/hardware-io/io.o
LOAD /home/zack/Programming/NanobyteOS/SolOS/build/kernel/s/memory-manager/VMM.o
LOAD /home/zack/Programming/NanobyteOS/SolOS/build/kernel/s/arch/x86/gdt.o
LOAD /home/zack/Programming/NanobyteOS/SolOS/build/kernel/s/arch/x86/idt.o
LOAD /home/zack/Programming/NanobyteOS/SolOS/build/kernel/s/arch/x86/isr.o
LOAD /home/zack/Programming/NanobyteOS/SolOS/build/kernel/s/arch/x86/PIT8254.o
LOAD /home/zack/Programming/NanobyteOS/SolOS/build/kernel/c/CLI.o
LOAD /home/zack/Programming/NanobyteOS/SolOS/build/kernel/c/ctype.o
LOAD /home/zack/Programming/NanobyteOS/SolOS/build/kernel/c/delay.o
LOAD /home/zack/Programming/NanobyteOS/SolOS/build/kernel/c/kernel.o
LOAD /home/zack/Programming/NanobyteOS/SolOS/build/kernel/c/memory.o
LOAD /home/zack/Programming/NanobyteOS/SolOS/build/kernel/c/stdio.o
LOAD /home/zack/Programming/NanobyteOS/SolOS/build/kernel/c/string.o
LOAD /home/zack/Programming/NanobyteOS/SolOS/build/kernel/c/syscall.o
LOAD /home/zack/Programming/NanobyteOS/SolOS/build/kernel/c/disk/floppy.o
LOAD /home/zack/Programming/NanobyteOS/SolOS/build/kernel/c/display/kinter.o
LOAD /home/zack/Programming/NanobyteOS/SolOS/build/kernel/c/display/VGA.o
LOAD /home/zack/Programming/NanobyteOS/SolOS/build/kernel/c/filesys/fat12.o
LOAD /home/zack/Programming/NanobyteOS/SolOS/build/kernel/c/HAL/hal.o
LOAD /home/zack/Programming/NanobyteOS/SolOS/build/kernel/c/hardware-io/io.o
LOAD /home/zack/Programming/NanobyteOS/SolOS/build/kernel/c/keyboard/keyboard.o
LOAD /home/zack/Programming/NanobyteOS/SolOS/build/kernel/c/memory-manager/FMM.o
LOAD /home/zack/Programming/NanobyteOS/SolOS/build/kernel/c/memory-manager/PMM.o
LOAD /home/zack/Programming/NanobyteOS/SolOS/build/kernel/c/memory-manager/VMM.o
LOAD /home/zack/Programming/NanobyteOS/SolOS/build/kernel/c/arch/x86/gdt.o
LOAD /home/zack/Programming/NanobyteOS/SolOS/build/kernel/c/arch/x86/idt.o
LOAD /home/zack/Programming/NanobyteOS/SolOS/build/kernel/c/arch/x86/irq.o
LOAD /home/zack/Programming/NanobyteOS/SolOS/build/kernel/c/arch/x86/isr.o
LOAD /home/zack/Programming/NanobyteOS/SolOS/build/kernel/c/arch/x86/PIC8259.o
LOAD /home/zack/opt/cross/lib/gcc/i686-elf/12.1.0//libgcc.a
OUTPUT(/home/zack/Programming/NanobyteOS/SolOS/build/kernel.bin binary)

.comment        0x00000000      0x1db
 .comment       0x00000000       0x13 /home/zack/Programming/NanobyteOS/SolOS/build/kernel/c/CLI.o
 .comment       0x00000013       0x13 /home/zack/Programming/NanobyteOS/SolOS/build/kernel/c/ctype.o
 .comment       0x00000026       0x13 /home/zack/Programming/NanobyteOS/SolOS/build/kernel/c/delay.o
 .comment       0x00000039       0x13 /home/zack/Programming/NanobyteOS/SolOS/build/kernel/c/kernel.o
 .comment       0x0000004c       0x13 /home/zack/Programming/NanobyteOS/SolOS/build/kernel/c/memory.o
 .comment       0x0000005f       0x13 /home/zack/Programming/NanobyteOS/SolOS/build/kernel/c/stdio.o
 .comment       0x00000072       0x13 /home/zack/Programming/NanobyteOS/SolOS/build/kernel/c/string.o
 .comment       0x00000085       0x13 /home/zack/Programming/NanobyteOS/SolOS/build/kernel/c/syscall.o
 .comment       0x00000098       0x13 /home/zack/Programming/NanobyteOS/SolOS/build/kernel/c/disk/floppy.o
 .comment       0x000000ab       0x13 /home/zack/Programming/NanobyteOS/SolOS/build/kernel/c/display/kinter.o
 .comment       0x000000be       0x13 /home/zack/Programming/NanobyteOS/SolOS/build/kernel/c/display/VGA.o
 .comment       0x000000d1       0x13 /home/zack/Programming/NanobyteOS/SolOS/build/kernel/c/filesys/fat12.o
 .comment       0x000000e4       0x13 /home/zack/Programming/NanobyteOS/SolOS/build/kernel/c/HAL/hal.o
 .comment       0x000000f7       0x13 /home/zack/Programming/NanobyteOS/SolOS/build/kernel/c/hardware-io/io.o
 .comment       0x0000010a       0x13 /home/zack/Programming/NanobyteOS/SolOS/build/kernel/c/keyboard/keyboard.o
 .comment       0x0000011d       0x13 /home/zack/Programming/NanobyteOS/SolOS/build/kernel/c/memory-manager/FMM.o
 .comment       0x00000130       0x13 /home/zack/Programming/NanobyteOS/SolOS/build/kernel/c/memory-manager/PMM.o
 .comment       0x00000143       0x13 /home/zack/Programming/NanobyteOS/SolOS/build/kernel/c/memory-manager/VMM.o
 .comment       0x00000156       0x13 /home/zack/Programming/NanobyteOS/SolOS/build/kernel/c/arch/x86/gdt.o
 .comment       0x00000169       0x13 /home/zack/Programming/NanobyteOS/SolOS/build/kernel/c/arch/x86/idt.o
 .comment       0x0000017c       0x13 /home/zack/Programming/NanobyteOS/SolOS/build/kernel/c/arch/x86/irq.o
 .comment       0x0000018f       0x13 /home/zack/Programming/NanobyteOS/SolOS/build/kernel/c/arch/x86/isr.o
 .comment       0x000001a2       0x13 /home/zack/Programming/NanobyteOS/SolOS/build/kernel/c/arch/x86/PIC8259.o
 .comment       0x000001b5       0x13 /home/zack/opt/cross/lib/gcc/i686-elf/12.1.0//libgcc.a(_udivdi3.o)
 .comment       0x000001c8       0x13 /home/zack/opt/cross/lib/gcc/i686-elf/12.1.0//libgcc.a(_umoddi3.o)

.debug_info     0x00000000      0x66b
 .debug_info    0x00000000      0x326 /home/zack/opt/cross/lib/gcc/i686-elf/12.1.0//libgcc.a(_udivdi3.o)
 .debug_info    0x00000326      0x345 /home/zack/opt/cross/lib/gcc/i686-elf/12.1.0//libgcc.a(_umoddi3.o)

.debug_abbrev   0x00000000      0x2e0
 .debug_abbrev  0x00000000      0x165 /home/zack/opt/cross/lib/gcc/i686-elf/12.1.0//libgcc.a(_udivdi3.o)
 .debug_abbrev  0x00000165      0x17b /home/zack/opt/cross/lib/gcc/i686-elf/12.1.0//libgcc.a(_umoddi3.o)

.debug_loclists
                0x00000000      0x7be
 .debug_loclists
                0x00000000      0x40a /home/zack/opt/cross/lib/gcc/i686-elf/12.1.0//libgcc.a(_udivdi3.o)
 .debug_loclists
                0x0000040a      0x3b4 /home/zack/opt/cross/lib/gcc/i686-elf/12.1.0//libgcc.a(_umoddi3.o)

.debug_aranges  0x00000000       0x40
 .debug_aranges
                0x00000000       0x20 /home/zack/opt/cross/lib/gcc/i686-elf/12.1.0//libgcc.a(_udivdi3.o)
 .debug_aranges
                0x00000020       0x20 /home/zack/opt/cross/lib/gcc/i686-elf/12.1.0//libgcc.a(_umoddi3.o)

.debug_rnglists
                0x00000000       0x49
 .debug_rnglists
                0x00000000       0x2a /home/zack/opt/cross/lib/gcc/i686-elf/12.1.0//libgcc.a(_udivdi3.o)
 .debug_rnglists
                0x0000002a       0x1f /home/zack/opt/cross/lib/gcc/i686-elf/12.1.0//libgcc.a(_umoddi3.o)

.debug_line     0x00000000      0x347
 .debug_line    0x00000000      0x179 /home/zack/opt/cross/lib/gcc/i686-elf/12.1.0//libgcc.a(_udivdi3.o)
 .debug_line    0x00000179      0x1ce /home/zack/opt/cross/lib/gcc/i686-elf/12.1.0//libgcc.a(_umoddi3.o)

.debug_str      0x00000000      0x3c6
 .debug_str     0x00000000      0x1e3 /home/zack/opt/cross/lib/gcc/i686-elf/12.1.0//libgcc.a(_udivdi3.o)
 .debug_str     0x000001e3      0x1e3 /home/zack/opt/cross/lib/gcc/i686-elf/12.1.0//libgcc.a(_umoddi3.o)

.debug_line_str
                0x00000000      0x170
 .debug_line_str
                0x00000000       0xb8 /home/zack/opt/cross/lib/gcc/i686-elf/12.1.0//libgcc.a(_udivdi3.o)
 .debug_line_str
                0x000000b8       0xb8 /home/zack/opt/cross/lib/gcc/i686-elf/12.1.0//libgcc.a(_umoddi3.o)
