Archive member included to satisfy reference by file (symbol)

/home/zack/opt/cross/lib/gcc/i686-elf/12.1.0//libgcc.a(_udivdi3.o)
                              /home/zack/Programming/NanobyteOS/SolOS/build/kernel/c/stdio.o (__udivdi3)
/home/zack/opt/cross/lib/gcc/i686-elf/12.1.0//libgcc.a(_umoddi3.o)
                              /home/zack/Programming/NanobyteOS/SolOS/build/kernel/c/stdio.o (__umoddi3)

There are no discarded input sections

Memory Configuration

Name             Origin             Length             Attributes
RAM              0x00030000         0x00050000         xrw
*default*        0x00000000         0xffffffff

Linker script and memory map

                0x00030000                        . = 0x30000

.text           0x00030000     0xa1a6
 *(.text)
 .text          0x00030000       0x28 /home/zack/Programming/NanobyteOS/SolOS/build/kernel/s/main.o
                0x00030000                kernel_start
 .text          0x00030028        0x7 /home/zack/Programming/NanobyteOS/SolOS/build/kernel/s/syscall.o
                0x00030028                syscall
 .text          0x0003002f       0x25 /home/zack/Programming/NanobyteOS/SolOS/build/kernel/s/hardware-io/io.o
                0x0003002f                i686_outb
                0x0003003a                i686_outw
                0x00030047                i686_inb
                0x00030050                i686_EnableInterrupts
                0x00030052                i686_DisableInterrupts
 .text          0x00030054       0x2d /home/zack/Programming/NanobyteOS/SolOS/build/kernel/s/memory-manager/VMM.o
                0x00030054                VMM_EnablePaging
                0x00030072                VMM_InvalidatePage
                0x0003007a                VMM_InvalidateTLB
 *fill*         0x00030081        0x3 
 .text          0x00030084        0x6 /home/zack/Programming/NanobyteOS/SolOS/build/kernel/s/proc/proc.o
                0x00030084                i686_call
 *fill*         0x0003008a        0x2 
 .text          0x0003008c       0x47 /home/zack/Programming/NanobyteOS/SolOS/build/kernel/s/arch/x86/gdt.o
                0x0003008c                i686_GDT_Load
                0x000300a1                i686_TSS_Load
 *fill*         0x000300d3        0x1 
 .text          0x000300d4        0xd /home/zack/Programming/NanobyteOS/SolOS/build/kernel/s/arch/x86/idt.o
                0x000300d4                i686_IDT_Load
 *fill*         0x000300e1        0x3 
 .text          0x000300e4      0xa75 /home/zack/Programming/NanobyteOS/SolOS/build/kernel/s/arch/x86/isr.o
                0x000300e4                i686_ISR0
                0x000300ed                i686_ISR1
                0x000300f6                i686_ISR2
                0x000300ff                i686_ISR3
                0x00030108                i686_ISR4
                0x00030111                i686_ISR5
                0x0003011a                i686_ISR6
                0x00030123                i686_ISR7
                0x0003012c                i686_ISR8
                0x00030133                i686_ISR9
                0x0003013c                i686_ISR10
                0x00030143                i686_ISR11
                0x0003014a                i686_ISR12
                0x00030151                i686_ISR13
                0x00030158                i686_ISR14
                0x0003015f                i686_ISR15
                0x00030168                i686_ISR16
                0x00030171                i686_ISR17
                0x00030178                i686_ISR18
                0x00030181                i686_ISR19
                0x0003018a                i686_ISR20
                0x00030193                i686_ISR21
                0x0003019a                i686_ISR22
                0x000301a3                i686_ISR23
                0x000301ac                i686_ISR24
                0x000301b5                i686_ISR25
                0x000301be                i686_ISR26
                0x000301c7                i686_ISR27
                0x000301d0                i686_ISR28
                0x000301d9                i686_ISR29
                0x000301e0                i686_ISR30
                0x000301e7                i686_ISR31
                0x000301f0                i686_ISR32
                0x000301f9                i686_ISR33
                0x00030202                i686_ISR34
                0x0003020b                i686_ISR35
                0x00030214                i686_ISR36
                0x0003021d                i686_ISR37
                0x00030226                i686_ISR38
                0x0003022f                i686_ISR39
                0x00030238                i686_ISR40
                0x00030241                i686_ISR41
                0x0003024a                i686_ISR42
                0x00030253                i686_ISR43
                0x0003025c                i686_ISR44
                0x00030265                i686_ISR45
                0x0003026e                i686_ISR46
                0x00030277                i686_ISR47
                0x00030280                i686_ISR48
                0x00030289                i686_ISR49
                0x00030292                i686_ISR50
                0x0003029b                i686_ISR51
                0x000302a4                i686_ISR52
                0x000302ad                i686_ISR53
                0x000302b6                i686_ISR54
                0x000302bf                i686_ISR55
                0x000302c8                i686_ISR56
                0x000302d1                i686_ISR57
                0x000302da                i686_ISR58
                0x000302e3                i686_ISR59
                0x000302ec                i686_ISR60
                0x000302f5                i686_ISR61
                0x000302fe                i686_ISR62
                0x00030307                i686_ISR63
                0x00030310                i686_ISR64
                0x00030319                i686_ISR65
                0x00030322                i686_ISR66
                0x0003032b                i686_ISR67
                0x00030334                i686_ISR68
                0x0003033d                i686_ISR69
                0x00030346                i686_ISR70
                0x0003034f                i686_ISR71
                0x00030358                i686_ISR72
                0x00030361                i686_ISR73
                0x0003036a                i686_ISR74
                0x00030373                i686_ISR75
                0x0003037c                i686_ISR76
                0x00030385                i686_ISR77
                0x0003038e                i686_ISR78
                0x00030397                i686_ISR79
                0x000303a0                i686_ISR80
                0x000303a9                i686_ISR81
                0x000303b2                i686_ISR82
                0x000303bb                i686_ISR83
                0x000303c4                i686_ISR84
                0x000303cd                i686_ISR85
                0x000303d6                i686_ISR86
                0x000303df                i686_ISR87
                0x000303e8                i686_ISR88
                0x000303f1                i686_ISR89
                0x000303fa                i686_ISR90
                0x00030403                i686_ISR91
                0x0003040c                i686_ISR92
                0x00030415                i686_ISR93
                0x0003041e                i686_ISR94
                0x00030427                i686_ISR95
                0x00030430                i686_ISR96
                0x00030439                i686_ISR97
                0x00030442                i686_ISR98
                0x0003044b                i686_ISR99
                0x00030454                i686_ISR100
                0x0003045d                i686_ISR101
                0x00030466                i686_ISR102
                0x0003046f                i686_ISR103
                0x00030478                i686_ISR104
                0x00030481                i686_ISR105
                0x0003048a                i686_ISR106
                0x00030493                i686_ISR107
                0x0003049c                i686_ISR108
                0x000304a5                i686_ISR109
                0x000304ae                i686_ISR110
                0x000304b7                i686_ISR111
                0x000304c0                i686_ISR112
                0x000304c9                i686_ISR113
                0x000304d2                i686_ISR114
                0x000304db                i686_ISR115
                0x000304e4                i686_ISR116
                0x000304ed                i686_ISR117
                0x000304f6                i686_ISR118
                0x000304ff                i686_ISR119
                0x00030508                i686_ISR120
                0x00030511                i686_ISR121
                0x0003051a                i686_ISR122
                0x00030523                i686_ISR123
                0x0003052c                i686_ISR124
                0x00030535                i686_ISR125
                0x0003053e                i686_ISR126
                0x00030547                i686_ISR127
                0x00030550                i686_ISR128
                0x0003055c                i686_ISR129
                0x00030568                i686_ISR130
                0x00030574                i686_ISR131
                0x00030580                i686_ISR132
                0x0003058c                i686_ISR133
                0x00030598                i686_ISR134
                0x000305a4                i686_ISR135
                0x000305b0                i686_ISR136
                0x000305bc                i686_ISR137
                0x000305c8                i686_ISR138
                0x000305d4                i686_ISR139
                0x000305e0                i686_ISR140
                0x000305ec                i686_ISR141
                0x000305f8                i686_ISR142
                0x00030604                i686_ISR143
                0x00030610                i686_ISR144
                0x0003061c                i686_ISR145
                0x00030628                i686_ISR146
                0x00030634                i686_ISR147
                0x00030640                i686_ISR148
                0x0003064c                i686_ISR149
                0x00030658                i686_ISR150
                0x00030664                i686_ISR151
                0x00030670                i686_ISR152
                0x0003067c                i686_ISR153
                0x00030688                i686_ISR154
                0x00030694                i686_ISR155
                0x000306a0                i686_ISR156
                0x000306ac                i686_ISR157
                0x000306b8                i686_ISR158
                0x000306c4                i686_ISR159
                0x000306d0                i686_ISR160
                0x000306dc                i686_ISR161
                0x000306e8                i686_ISR162
                0x000306f4                i686_ISR163
                0x00030700                i686_ISR164
                0x0003070c                i686_ISR165
                0x00030718                i686_ISR166
                0x00030724                i686_ISR167
                0x00030730                i686_ISR168
                0x0003073c                i686_ISR169
                0x00030748                i686_ISR170
                0x00030754                i686_ISR171
                0x00030760                i686_ISR172
                0x0003076c                i686_ISR173
                0x00030778                i686_ISR174
                0x00030784                i686_ISR175
                0x00030790                i686_ISR176
                0x0003079c                i686_ISR177
                0x000307a8                i686_ISR178
                0x000307b4                i686_ISR179
                0x000307c0                i686_ISR180
                0x000307cc                i686_ISR181
                0x000307d8                i686_ISR182
                0x000307e4                i686_ISR183
                0x000307f0                i686_ISR184
                0x000307fc                i686_ISR185
                0x00030808                i686_ISR186
                0x00030814                i686_ISR187
                0x00030820                i686_ISR188
                0x0003082c                i686_ISR189
                0x00030838                i686_ISR190
                0x00030844                i686_ISR191
                0x00030850                i686_ISR192
                0x0003085c                i686_ISR193
                0x00030868                i686_ISR194
                0x00030874                i686_ISR195
                0x00030880                i686_ISR196
                0x0003088c                i686_ISR197
                0x00030898                i686_ISR198
                0x000308a4                i686_ISR199
                0x000308b0                i686_ISR200
                0x000308bc                i686_ISR201
                0x000308c8                i686_ISR202
                0x000308d4                i686_ISR203
                0x000308e0                i686_ISR204
                0x000308ec                i686_ISR205
                0x000308f8                i686_ISR206
                0x00030904                i686_ISR207
                0x00030910                i686_ISR208
                0x0003091c                i686_ISR209
                0x00030928                i686_ISR210
                0x00030934                i686_ISR211
                0x00030940                i686_ISR212
                0x0003094c                i686_ISR213
                0x00030958                i686_ISR214
                0x00030964                i686_ISR215
                0x00030970                i686_ISR216
                0x0003097c                i686_ISR217
                0x00030988                i686_ISR218
                0x00030994                i686_ISR219
                0x000309a0                i686_ISR220
                0x000309ac                i686_ISR221
                0x000309b8                i686_ISR222
                0x000309c4                i686_ISR223
                0x000309d0                i686_ISR224
                0x000309dc                i686_ISR225
                0x000309e8                i686_ISR226
                0x000309f4                i686_ISR227
                0x00030a00                i686_ISR228
                0x00030a0c                i686_ISR229
                0x00030a18                i686_ISR230
                0x00030a24                i686_ISR231
                0x00030a30                i686_ISR232
                0x00030a3c                i686_ISR233
                0x00030a48                i686_ISR234
                0x00030a54                i686_ISR235
                0x00030a60                i686_ISR236
                0x00030a6c                i686_ISR237
                0x00030a78                i686_ISR238
                0x00030a84                i686_ISR239
                0x00030a90                i686_ISR240
                0x00030a9c                i686_ISR241
                0x00030aa5                i686_ISR242
                0x00030aae                i686_ISR243
                0x00030ab7                i686_ISR244
                0x00030ac0                i686_ISR245
                0x00030ac9                i686_ISR246
                0x00030ad2                i686_ISR247
                0x00030adb                i686_ISR248
                0x00030ae4                i686_ISR249
                0x00030aed                i686_ISR250
                0x00030af6                i686_ISR251
                0x00030aff                i686_ISR252
                0x00030b08                i686_ISR253
                0x00030b11                i686_ISR254
                0x00030b1a                i686_ISR255
                0x00030b4d                i686_DisablePaging
 *fill*         0x00030b59        0x3 
 .text          0x00030b5c       0x14 /home/zack/Programming/NanobyteOS/SolOS/build/kernel/s/arch/x86/PIT8254.o
                0x00030b5c                i686_PIT_Initialize
 .text          0x00030b70      0x9fe /home/zack/Programming/NanobyteOS/SolOS/build/kernel/c/CLI.o
                0x00030b70                GetCMD
                0x00030c87                RegisterCMDHandler
                0x00030c9a                EXEC
                0x00030e86                LS
                0x00030f1f                CD
                0x0003112e                CAT
                0x00031291                PS
                0x00031300                MEM
                0x00031332                CLI_Mainloop
 .text          0x0003156e       0x55 /home/zack/Programming/NanobyteOS/SolOS/build/kernel/c/ctype.o
                0x0003156e                islower
                0x00031597                toupper
 .text          0x000315c3       0x93 /home/zack/Programming/NanobyteOS/SolOS/build/kernel/c/delay.o
                0x000315c3                ActiveContextTimerSleepHook
                0x000315ef                sleep
                0x0003162a                MaskTimerInterrupt
                0x00031640                UnmaskTimerInterrupt
 .text          0x00031656      0x1a7 /home/zack/Programming/NanobyteOS/SolOS/build/kernel/c/kernel.o
                0x00031656                setup_timer
                0x0003165c                timer
                0x00031698                kernel_main
 .text          0x000317fd       0xe4 /home/zack/Programming/NanobyteOS/SolOS/build/kernel/c/memory.o
                0x000317fd                memcpy
                0x0003183e                memset
                0x00031881                memcmp
 .text          0x000318e1     0x13f0 /home/zack/Programming/NanobyteOS/SolOS/build/kernel/c/stdio.o
                0x000318e1                initialize_stdio
                0x00031933                GetActiveContext
                0x0003193d                GetSTDOUT
                0x00031947                GetSTDIN
                0x00031951                GetSTDERR
                0x0003195b                STD_PutBuffer
                0x00031990                STD_GetBuffer
                0x000319d1                STD_FlushSTDOUT
                0x00031a1a                STD_FlushSTDIN
                0x00031a4d                STD_FlushSTDERR
                0x00031a80                ActiveContextTimerCursorHook
                0x00031a9d                ActiveContextKeyboardHook
                0x00031b66                CFG_EnableCursorBlinking
                0x00031b75                CFG_DisableCursorBlinking
                0x00031b84                CFG_SetCursorChar
                0x00031b9f                __STD_Putc
                0x00031bd2                __STD_Puts
                0x00031bfb                printf_unsigned
                0x00031cae                printf_signed
                0x00031d08                printf
                0x0003202b                hex_to_dec
                0x000320c3                scanf
                0x000326af                getline
                0x00032767                sscanf
 .text          0x00032cd1       0xb6 /home/zack/Programming/NanobyteOS/SolOS/build/kernel/c/string.o
                0x00032cd1                strchr
                0x00032d0f                strcpy
                0x00032d61                strlen
 .text          0x00032d87      0x194 /home/zack/Programming/NanobyteOS/SolOS/build/kernel/c/syscall.o
                0x00032d87                SyscallEntrypoint
 .text          0x00032f1b      0xb9c /home/zack/Programming/NanobyteOS/SolOS/build/kernel/c/disk/floppy.o
                0x00032f1b                GetCommandParamCount
                0x00032f74                GetCommandAwaitIRQ6
                0x00032fcd                GetCommandReturnCount
                0x00033026                DISK_Floppy_GetSectorAddr
                0x00033042                DISK_Floppy_IRQ6Handler
                0x0003304f                lba2chs
                0x000330c3                WaitForIRQ6
                0x000330ed                WaitForFIFO
                0x00033129                PrepareDMAForTransfer
                0x000331f3                PrepareDMAForWrite
                0x00033243                PrepareDMAForRead
                0x0003331c                FDC_SetBit
                0x0003338f                DISK_Floppy_Reset
                0x0003341c                DISK_Floppy_Initialize
                0x000334ef                DISK_Floppy_IssueCommand
                0x000336da                DISK_Floppy_ReadSector
                0x000337bb                DISK_Floppy_ReadSectors
                0x000338b8                DISK_Floppy_ReadSectorsTo
                0x000339d6                DISK_Floppy_WriteSector
 .text          0x00033ab7      0xbd3 /home/zack/Programming/NanobyteOS/SolOS/build/kernel/c/display/kinter.o
                0x00033ab7                KI_VGACoordTransform
                0x00033b38                KI_DisableBlinking
                0x00033b45                KI_EnableBlinking
                0x00033b52                KI_DrawCursor
                0x00033c1d                KI_CursorHook
                0x00033c58                KI_Initialize
                0x00033d96                KI_Clear
                0x00033e2c                KI_DrawBorder
                0x000341d4                KI_UpdateLineScrolling
                0x00034332                KI_Putc
                0x0003460a                KI_Puts
                0x0003463c                KI_BadSizeError
                0x00034673                KI_TextOverflowError
 .text          0x0003468a      0x276 /home/zack/Programming/NanobyteOS/SolOS/build/kernel/c/display/VGA.o
                0x0003468a                VGA_ColorData
                0x0003469c                VGA_Initialize
                0x000346e2                VGA_ClearScreen
                0x00034763                VGA_SetChar
                0x000347c3                VGA_SetCursorPos
                0x000347f8                VGA_Print
                0x0003487c                VGA_Write
 .text          0x00034900      0x7d2 /home/zack/Programming/NanobyteOS/SolOS/build/kernel/c/filesys/fat12.o
                0x00034900                FAT12_ReadSector
                0x00034938                FAT12_LoadFATSector
                0x00034978                FAT12_Initialize
                0x00034aa3                FAT12_OpenEntry
                0x00034b88                FAT12_Cluster2Sector
                0x00034b9b                FAT12_NextCluster
                0x00034c0f                FAT12_Read
                0x00034d88                FAT12_ReadEntry
                0x00034da9                FAT12_Close
                0x00034ddf                FAT12_FindFile
                0x00034f8f                FAT12_Open
 .text          0x000350d2       0x39 /home/zack/Programming/NanobyteOS/SolOS/build/kernel/c/HAL/hal.o
                0x000350d2                HAL_Initialize
                0x000350f4                HAL_SetInterruptStack
 .text          0x0003510b       0x1b /home/zack/Programming/NanobyteOS/SolOS/build/kernel/c/hardware-io/io.o
                0x0003510b                i686_iowait
 .text          0x00035126      0x1a2 /home/zack/Programming/NanobyteOS/SolOS/build/kernel/c/keyboard/keyboard.o
                0x00035126                GetQWERTYCTRLMakeKeyCode
                0x00035183                GetQWERTYCTRLClearKeyCode
                0x000351f0                Keyboard_Handler
 .text          0x000352c8      0x852 /home/zack/Programming/NanobyteOS/SolOS/build/kernel/c/memory-manager/FMM.o
                0x000352c8                FMM_GetUsedMemory
                0x000352d5                FMM_GetDMAAddress
                0x000352df                FMM_GetDMAPhysAddress
                0x000352e9                FMM_Initialize
                0x00035390                PageFaultHandler
                0x00035564                GeneralProtectionFaultHandler
                0x000356d9                FMM_FreeBlocksAt
                0x00035772                FMM_ClearMapping
                0x00035805                FMM_FreeBlocks
                0x0003581f                FMM_AllocateBlocks
                0x00035835                FMM_CreateUserCodeMapping
                0x0003592c                FMM_CreateUserDataMapping
                0x00035a23                FMM_CreateMapping
 .text          0x00035b1a      0xb03 /home/zack/Programming/NanobyteOS/SolOS/build/kernel/c/memory-manager/PMM.o
                0x00035b1a                PMM_Initialize
                0x00035e8e                PMM_GetBitmapData
                0x00035eb2                PMM_SetBitmapData
                0x00035f0f                PMM_PrintUsableRegionInfo
                0x00035f93                PMM_BlockIndex2PhysicalAddress
                0x0003607a                PMM_PhysicalAddress2BlockIndex
                0x00036157                PMM_DEBUG_PrintWedges
                0x000361dd                PMM_FirstFitSearch
                0x000362b7                PMM_AllocateBlocks
                0x000363ff                PMM_FreeBlocks
                0x00036518                PMM_ForceFreeBlocks
                0x000365e2                PMM_GetBusyMemory
 .text          0x0003661d      0xa62 /home/zack/Programming/NanobyteOS/SolOS/build/kernel/c/memory-manager/VMM.o
                0x0003661d                VMM_GetDMAAddress
                0x00036627                VMM_GetWorkingPageTableAddr
                0x00036631                VMM_VirtualAddress2PageIndices
                0x00036656                VMM_PageIndices2VirtualAddress
                0x0003666b                VMM_VirtualAddress2PhysicalAddress
                0x000366ba                VMM_CreatePageDirectoryEntry
                0x00036705                VMM_GetPageDirectoryEntryAVL
                0x0003670f                VMM_SetPageDirectoryEntryAVL
                0x0003671e                VMM_CreatePageTableEntry
                0x0003678d                VMM_GetPageTableEntryAVL
                0x00036797                VMM_SetPageTableEntryAVL
                0x000367a6                VMM_GetActivePageTableEntryCount
                0x0003681c                VMM_SetActivePageTableEntryCount
                0x000368b5                VMM_Initialize
                0x00036ae2                VMM_SetWorkingPageTable
                0x00036b42                VMM_LoadTableForAddress
                0x00036b99                VMM_GetTableForAddress
                0x00036beb                VMM_FetchTableForAddress
                0x00036c36                VMM_CreateTableForAddress
                0x00036ca8                VMM_CreateUserTableForAddress
                0x00036d1a                VMM_GetPageForAddress
                0x00036da1                VMM_CreatePageForAddress
                0x00036e4b                VMM_CreateUserDataPageForAddress
                0x00036ef5                VMM_CreateUserCodePageForAddress
                0x00036f9f                VMM_ClearMappingForAddress
 .text          0x0003707f      0x4a8 /home/zack/Programming/NanobyteOS/SolOS/build/kernel/c/proc/load.o
                0x0003707f                LoadProc
 .text          0x00037527      0xeb1 /home/zack/Programming/NanobyteOS/SolOS/build/kernel/c/proc/proc.o
                0x00037527                PrintMemoryRegion
                0x00037556                PrintProc
                0x00037666                InitializeProcs
                0x000376aa                AddToQueue
                0x0003770e                AddToSchedulerQueue
                0x00037731                AddToSleeping
                0x0003774e                GetFromQueue
                0x0003778e                GetAvailablePID
                0x000377f8                GetPCB
                0x0003780b                HandleExit
                0x0003782b                PutToSleep
                0x00037867                GetRunningPID
                0x00037888                CreateCodeMappingForRegion
                0x000378d5                CreateDataMappingForRegion
                0x00037922                RemoveMappingForRegion
                0x0003794e                FreeRegion
                0x00037993                AllocateMemoryRegion
                0x000379cf                CreateMappingsForProcess
                0x00037a37                RemoveMappingsForProcess
                0x00037a9f                CopyMemoryRegion
                0x00037b94                CopyProcessMemory
                0x00037c56                TerminateProcess
                0x00037cd4                TerminateRunningProcess
                0x00037cf4                KillRunningProcess
                0x00037d28                SaveContextToStack
                0x00037d8a                SaveExplicitContext
                0x00037dcc                SetContext
                0x00037de8                ExecProc
                0x00037f42                DisableScheduling
                0x00037f52                EnableScheduling
                0x00037f62                SchedulerHook
 .text          0x000383d8       0x9a /home/zack/Programming/NanobyteOS/SolOS/build/kernel/c/arch/x86/gdt.o
                0x000383d8                GDT_GetTSS
                0x000383e2                i686_GDT_Initialize
                0x00038464                i686_SetInterruptStack
 .text          0x00038472       0xda /home/zack/Programming/NanobyteOS/SolOS/build/kernel/c/arch/x86/idt.o
                0x00038472                i686_IDT_SetGate
                0x000384d3                i686_IDT_EnableGate
                0x000384f3                i686_IDT_EnableUserGate
                0x00038513                i686_IDT_DisableGate
                0x00038533                i686_IDT_Initialize
 .text          0x0003854c       0xcc /home/zack/Programming/NanobyteOS/SolOS/build/kernel/c/arch/x86/irq.o
                0x0003854c                i686_IRQ_Handler
                0x000385be                i686_IRQ_Initialize
                0x00038605                i686_IRQ_RegisterHandler
 .text          0x00038618     0x1678 /home/zack/Programming/NanobyteOS/SolOS/build/kernel/c/arch/x86/isr.o
                0x00038618                i686_ISR_Initialize
                0x00039ad5                i686_ISR_RegisterHandler
                0x00039af9                i686_ISR_RegisterUserHandler
                0x00039b1d                i686_ISR_Handler
 .text          0x00039c90      0x2b6 /home/zack/Programming/NanobyteOS/SolOS/build/kernel/c/arch/x86/PIC8259.o
                0x00039c90                i686_PIC_Configure
                0x00039d82                i686_PIC_SendEndOfInterrupt
                0x00039db2                i686_PIC_Disable
                0x00039dec                i686_PIC_Mask
                0x00039e40                i686_PIC_Unmask
                0x00039e96                i686_PIC_ReadIrqRequestRegister
                0x00039eee                i686_PIC_ReadInServiceRegister
 *fill*         0x00039f46        0xa 
 .text          0x00039f50      0x11a /home/zack/opt/cross/lib/gcc/i686-elf/12.1.0//libgcc.a(_udivdi3.o)
                0x00039f50                __udivdi3
 *fill*         0x0003a06a        0x6 
 .text          0x0003a070      0x136 /home/zack/opt/cross/lib/gcc/i686-elf/12.1.0//libgcc.a(_umoddi3.o)
                0x0003a070                __umoddi3

.rodata         0x0003a1c0     0x1128
 *(.rodata)
 .rodata        0x0003a1c0      0x152 /home/zack/Programming/NanobyteOS/SolOS/build/kernel/c/CLI.o
 *fill*         0x0003a312        0x2 
 .rodata        0x0003a314      0x115 /home/zack/Programming/NanobyteOS/SolOS/build/kernel/c/kernel.o
 *fill*         0x0003a429        0x3 
 .rodata        0x0003a42c      0x438 /home/zack/Programming/NanobyteOS/SolOS/build/kernel/c/stdio.o
                0x0003a43c                g_HexChars
 .rodata        0x0003a864       0x1d /home/zack/Programming/NanobyteOS/SolOS/build/kernel/c/syscall.o
 *fill*         0x0003a881        0x3 
 .rodata        0x0003a884      0x1f7 /home/zack/Programming/NanobyteOS/SolOS/build/kernel/c/disk/floppy.o
 *fill*         0x0003aa7b        0x1 
 .rodata        0x0003aa7c       0x37 /home/zack/Programming/NanobyteOS/SolOS/build/kernel/c/display/kinter.o
 .rodata        0x0003aab3       0x22 /home/zack/Programming/NanobyteOS/SolOS/build/kernel/c/filesys/fat12.o
 *fill*         0x0003aad5        0x3 
 .rodata        0x0003aad8      0x1fa /home/zack/Programming/NanobyteOS/SolOS/build/kernel/c/memory-manager/FMM.o
 *fill*         0x0003acd2        0x2 
 .rodata        0x0003acd4       0x5e /home/zack/Programming/NanobyteOS/SolOS/build/kernel/c/memory-manager/PMM.o
 *fill*         0x0003ad32        0x2 
 .rodata        0x0003ad34       0x40 /home/zack/Programming/NanobyteOS/SolOS/build/kernel/c/memory-manager/VMM.o
 .rodata        0x0003ad74      0x1ad /home/zack/Programming/NanobyteOS/SolOS/build/kernel/c/proc/proc.o
 *fill*         0x0003af21        0x3 
 .rodata        0x0003af24       0x25 /home/zack/Programming/NanobyteOS/SolOS/build/kernel/c/arch/x86/irq.o
 *fill*         0x0003af49       0x17 
 .rodata        0x0003af60      0x388 /home/zack/Programming/NanobyteOS/SolOS/build/kernel/c/arch/x86/isr.o

.eh_frame       0x0003b2e8       0xd8
 .eh_frame      0x0003b2e8       0x64 /home/zack/opt/cross/lib/gcc/i686-elf/12.1.0//libgcc.a(_udivdi3.o)
 .eh_frame      0x0003b34c       0x74 /home/zack/opt/cross/lib/gcc/i686-elf/12.1.0//libgcc.a(_umoddi3.o)

.data           0x0003b3c0      0x11e
 *(.data)
 .data          0x0003b3c0       0x4b /home/zack/Programming/NanobyteOS/SolOS/build/kernel/s/main.o
 .data          0x0003b40b        0x0 /home/zack/Programming/NanobyteOS/SolOS/build/kernel/s/syscall.o
 .data          0x0003b40b        0x0 /home/zack/Programming/NanobyteOS/SolOS/build/kernel/s/hardware-io/io.o
 .data          0x0003b40b        0x0 /home/zack/Programming/NanobyteOS/SolOS/build/kernel/s/memory-manager/VMM.o
 .data          0x0003b40b        0x0 /home/zack/Programming/NanobyteOS/SolOS/build/kernel/s/proc/proc.o
 .data          0x0003b40b        0x0 /home/zack/Programming/NanobyteOS/SolOS/build/kernel/s/arch/x86/gdt.o
 .data          0x0003b40b        0x0 /home/zack/Programming/NanobyteOS/SolOS/build/kernel/s/arch/x86/idt.o
 .data          0x0003b40b        0x0 /home/zack/Programming/NanobyteOS/SolOS/build/kernel/s/arch/x86/isr.o
 .data          0x0003b40b        0x0 /home/zack/Programming/NanobyteOS/SolOS/build/kernel/s/arch/x86/PIT8254.o
 .data          0x0003b40b        0x0 /home/zack/Programming/NanobyteOS/SolOS/build/kernel/c/CLI.o
 .data          0x0003b40b        0x0 /home/zack/Programming/NanobyteOS/SolOS/build/kernel/c/ctype.o
 .data          0x0003b40b        0x0 /home/zack/Programming/NanobyteOS/SolOS/build/kernel/c/delay.o
 .data          0x0003b40b        0x0 /home/zack/Programming/NanobyteOS/SolOS/build/kernel/c/kernel.o
 .data          0x0003b40b        0x0 /home/zack/Programming/NanobyteOS/SolOS/build/kernel/c/memory.o
 .data          0x0003b40b        0x0 /home/zack/Programming/NanobyteOS/SolOS/build/kernel/c/stdio.o
 .data          0x0003b40b        0x0 /home/zack/Programming/NanobyteOS/SolOS/build/kernel/c/string.o
 .data          0x0003b40b        0x0 /home/zack/Programming/NanobyteOS/SolOS/build/kernel/c/syscall.o
 .data          0x0003b40b        0x0 /home/zack/Programming/NanobyteOS/SolOS/build/kernel/c/disk/floppy.o
 .data          0x0003b40b        0x0 /home/zack/Programming/NanobyteOS/SolOS/build/kernel/c/display/kinter.o
 .data          0x0003b40b        0x0 /home/zack/Programming/NanobyteOS/SolOS/build/kernel/c/display/VGA.o
 *fill*         0x0003b40b        0x1 
 .data          0x0003b40c        0x4 /home/zack/Programming/NanobyteOS/SolOS/build/kernel/c/filesys/fat12.o
                0x0003b40c                g_FATLoaded
 .data          0x0003b410        0x0 /home/zack/Programming/NanobyteOS/SolOS/build/kernel/c/HAL/hal.o
 .data          0x0003b410        0x0 /home/zack/Programming/NanobyteOS/SolOS/build/kernel/c/hardware-io/io.o
 *fill*         0x0003b410       0x10 
 .data          0x0003b420       0x7a /home/zack/Programming/NanobyteOS/SolOS/build/kernel/c/keyboard/keyboard.o
                0x0003b420                g_QWERTY_make_scancodes_shifted
                0x0003b460                g_QWERTY_make_scancodes_unshifted
 .data          0x0003b49a        0x0 /home/zack/Programming/NanobyteOS/SolOS/build/kernel/c/memory-manager/FMM.o
 .data          0x0003b49a        0x0 /home/zack/Programming/NanobyteOS/SolOS/build/kernel/c/memory-manager/PMM.o
 .data          0x0003b49a        0x0 /home/zack/Programming/NanobyteOS/SolOS/build/kernel/c/memory-manager/VMM.o
 .data          0x0003b49a        0x0 /home/zack/Programming/NanobyteOS/SolOS/build/kernel/c/proc/load.o
 *fill*         0x0003b49a        0x2 
 .data          0x0003b49c        0x4 /home/zack/Programming/NanobyteOS/SolOS/build/kernel/c/proc/proc.o
                0x0003b49c                g_schedulingEnabled
 .data          0x0003b4a0       0x36 /home/zack/Programming/NanobyteOS/SolOS/build/kernel/c/arch/x86/gdt.o
                0x0003b4a0                g_GDT
                0x0003b4d0                g_GDT_Descriptor
 *fill*         0x0003b4d6        0x2 
 .data          0x0003b4d8        0x6 /home/zack/Programming/NanobyteOS/SolOS/build/kernel/c/arch/x86/idt.o
                0x0003b4d8                g_IDTDescriptor
 .data          0x0003b4de        0x0 /home/zack/Programming/NanobyteOS/SolOS/build/kernel/c/arch/x86/irq.o
 .data          0x0003b4de        0x0 /home/zack/Programming/NanobyteOS/SolOS/build/kernel/c/arch/x86/isr.o
 .data          0x0003b4de        0x0 /home/zack/Programming/NanobyteOS/SolOS/build/kernel/c/arch/x86/PIC8259.o
 .data          0x0003b4de        0x0 /home/zack/opt/cross/lib/gcc/i686-elf/12.1.0//libgcc.a(_udivdi3.o)
 .data          0x0003b4de        0x0 /home/zack/opt/cross/lib/gcc/i686-elf/12.1.0//libgcc.a(_umoddi3.o)

.bss            0x0003b4e0    0x273cc
 *(COMMON)
 *(.bss)
 .bss           0x0003b4e0        0x0 /home/zack/Programming/NanobyteOS/SolOS/build/kernel/s/main.o
 .bss           0x0003b4e0        0x0 /home/zack/Programming/NanobyteOS/SolOS/build/kernel/s/syscall.o
 .bss           0x0003b4e0        0x0 /home/zack/Programming/NanobyteOS/SolOS/build/kernel/s/hardware-io/io.o
 .bss           0x0003b4e0        0x0 /home/zack/Programming/NanobyteOS/SolOS/build/kernel/s/memory-manager/VMM.o
 .bss           0x0003b4e0        0x0 /home/zack/Programming/NanobyteOS/SolOS/build/kernel/s/proc/proc.o
 .bss           0x0003b4e0        0x0 /home/zack/Programming/NanobyteOS/SolOS/build/kernel/s/arch/x86/gdt.o
 .bss           0x0003b4e0        0x0 /home/zack/Programming/NanobyteOS/SolOS/build/kernel/s/arch/x86/idt.o
 .bss           0x0003b4e0        0x0 /home/zack/Programming/NanobyteOS/SolOS/build/kernel/s/arch/x86/isr.o
 .bss           0x0003b4e0        0x0 /home/zack/Programming/NanobyteOS/SolOS/build/kernel/s/arch/x86/PIT8254.o
 .bss           0x0003b4e0      0x500 /home/zack/Programming/NanobyteOS/SolOS/build/kernel/c/CLI.o
                0x0003b4e0                g_CMDHandlers
                0x0003b8e0                CurrentPath
 .bss           0x0003b9e0        0x0 /home/zack/Programming/NanobyteOS/SolOS/build/kernel/c/ctype.o
 .bss           0x0003b9e0        0x8 /home/zack/Programming/NanobyteOS/SolOS/build/kernel/c/delay.o
                0x0003b9e0                g_Timer
 .bss           0x0003b9e8        0x4 /home/zack/Programming/NanobyteOS/SolOS/build/kernel/c/kernel.o
                0x0003b9e8                CurrentAvailablePID
 .bss           0x0003b9ec        0x0 /home/zack/Programming/NanobyteOS/SolOS/build/kernel/c/memory.o
 *fill*         0x0003b9ec       0x14 
 .bss           0x0003ba00      0x586 /home/zack/Programming/NanobyteOS/SolOS/build/kernel/c/stdio.o
                0x0003ba00                g_VGA_Display
                0x0003ba20                g_Root_Terminal
                0x0003bb48                g_ActiveContext
                0x0003bb60                g_STDOUT
                0x0003bd60                g_STDIN
                0x0003bd80                g_STDERR
                0x0003bf80                g_STDOUT_TAIL
                0x0003bf82                g_STDIN_TAIL
                0x0003bf84                g_STDERR_TAIL
 .bss           0x0003bf86        0x0 /home/zack/Programming/NanobyteOS/SolOS/build/kernel/c/string.o
 .bss           0x0003bf86        0x0 /home/zack/Programming/NanobyteOS/SolOS/build/kernel/c/syscall.o
 .bss           0x0003bf86        0x2 /home/zack/Programming/NanobyteOS/SolOS/build/kernel/c/disk/floppy.o
                0x0003bf86                g_WaitingForIRQ6
                0x0003bf87                g_FloppyNum
 .bss           0x0003bf88        0x1 /home/zack/Programming/NanobyteOS/SolOS/build/kernel/c/display/kinter.o
                0x0003bf88                g_BlinkDisable
 .bss           0x0003bf89        0x0 /home/zack/Programming/NanobyteOS/SolOS/build/kernel/c/display/VGA.o
 *fill*         0x0003bf89       0x17 
 .bss           0x0003bfa0      0x580 /home/zack/Programming/NanobyteOS/SolOS/build/kernel/c/filesys/fat12.o
                0x0003bfa0                g_FatData
                0x0003c300                g_FirstFATSector
                0x0003c304                g_FirstRootDirSector
                0x0003c308                g_RootDirSize
                0x0003c30c                g_FirstDataSector
                0x0003c310                g_FAT
                0x0003c320                g_RootDirectoryBuffer
 .bss           0x0003c520        0x0 /home/zack/Programming/NanobyteOS/SolOS/build/kernel/c/HAL/hal.o
 .bss           0x0003c520        0x0 /home/zack/Programming/NanobyteOS/SolOS/build/kernel/c/hardware-io/io.o
 .bss           0x0003c520        0x5 /home/zack/Programming/NanobyteOS/SolOS/build/kernel/c/keyboard/keyboard.o
                0x0003c520                g_ControlKeyStates
                0x0003c524                g_E0_Received
 *fill*         0x0003c525        0x3 
 .bss           0x0003c528        0x8 /home/zack/Programming/NanobyteOS/SolOS/build/kernel/c/memory-manager/FMM.o
                0x0003c528                g_KernelDMAAddress
                0x0003c52c                g_KernelDMAPhysicalAddress
 *fill*         0x0003c530       0x10 
 .bss           0x0003c540    0x2063c /home/zack/Programming/NanobyteOS/SolOS/build/kernel/c/memory-manager/PMM.o
                0x0003c540                g_MemoryMap
                0x0003c860                g_UsableMemoryMap
                0x0003cb80                g_BitmapWedges
                0x0003cba0                g_Bitmap
 .bss           0x0005cb7c       0x10 /home/zack/Programming/NanobyteOS/SolOS/build/kernel/c/memory-manager/VMM.o
                0x0005cb7c                g_PageDirectoryAddress
                0x0005cb80                g_WorkingPageTable
                0x0005cb84                g_KernelPageTable
                0x0005cb88                g_KernelDMAVirtualAddress
 .bss           0x0005cb8c        0x0 /home/zack/Programming/NanobyteOS/SolOS/build/kernel/c/proc/load.o
 *fill*         0x0005cb8c       0x14 
 .bss           0x0005cba0     0x5030 /home/zack/Programming/NanobyteOS/SolOS/build/kernel/c/proc/proc.o
                0x0005cba0                g_running
                0x0005cba4                g_queue
                0x0005cba8                g_sleeping_list
                0x0005cbac                g_GoToKernel
                0x0005cbad                g_KillRunning
                0x0005cbae                g_SleepRunning
                0x0005cbc0                g_KernelContext
                0x0005cc00                g_SavedESP
                0x0005cc04                g_time_since_switch
                0x0005cc08                g_PIDCounter
                0x0005cc20                g_Processes
 *fill*         0x00061bd0       0x10 
 .bss           0x00061be0       0x6c /home/zack/Programming/NanobyteOS/SolOS/build/kernel/c/arch/x86/gdt.o
                0x00061be0                g_TSS
 *fill*         0x00061c4c       0x14 
 .bss           0x00061c60      0x800 /home/zack/Programming/NanobyteOS/SolOS/build/kernel/c/arch/x86/idt.o
                0x00061c60                g_IDT
 .bss           0x00062460       0x40 /home/zack/Programming/NanobyteOS/SolOS/build/kernel/c/arch/x86/irq.o
                0x00062460                g_IRQHandlers
 .bss           0x000624a0      0x400 /home/zack/Programming/NanobyteOS/SolOS/build/kernel/c/arch/x86/isr.o
                0x000624a0                g_ISRHandlers
 .bss           0x000628a0        0xc /home/zack/Programming/NanobyteOS/SolOS/build/kernel/c/arch/x86/PIC8259.o
                0x000628a0                PIC_ICW1
                0x000628a4                PIC_ICW4
                0x000628a8                PIC_CMD
 .bss           0x000628ac        0x0 /home/zack/opt/cross/lib/gcc/i686-elf/12.1.0//libgcc.a(_udivdi3.o)
 .bss           0x000628ac        0x0 /home/zack/opt/cross/lib/gcc/i686-elf/12.1.0//libgcc.a(_umoddi3.o)
LOAD /home/zack/Programming/NanobyteOS/SolOS/build/kernel/s/main.o
LOAD /home/zack/Programming/NanobyteOS/SolOS/build/kernel/s/syscall.o
LOAD /home/zack/Programming/NanobyteOS/SolOS/build/kernel/s/hardware-io/io.o
LOAD /home/zack/Programming/NanobyteOS/SolOS/build/kernel/s/memory-manager/VMM.o
LOAD /home/zack/Programming/NanobyteOS/SolOS/build/kernel/s/proc/proc.o
LOAD /home/zack/Programming/NanobyteOS/SolOS/build/kernel/s/arch/x86/gdt.o
LOAD /home/zack/Programming/NanobyteOS/SolOS/build/kernel/s/arch/x86/idt.o
LOAD /home/zack/Programming/NanobyteOS/SolOS/build/kernel/s/arch/x86/isr.o
LOAD /home/zack/Programming/NanobyteOS/SolOS/build/kernel/s/arch/x86/PIT8254.o
LOAD /home/zack/Programming/NanobyteOS/SolOS/build/kernel/c/CLI.o
LOAD /home/zack/Programming/NanobyteOS/SolOS/build/kernel/c/ctype.o
LOAD /home/zack/Programming/NanobyteOS/SolOS/build/kernel/c/delay.o
LOAD /home/zack/Programming/NanobyteOS/SolOS/build/kernel/c/kernel.o
LOAD /home/zack/Programming/NanobyteOS/SolOS/build/kernel/c/memory.o
LOAD /home/zack/Programming/NanobyteOS/SolOS/build/kernel/c/stdio.o
LOAD /home/zack/Programming/NanobyteOS/SolOS/build/kernel/c/string.o
LOAD /home/zack/Programming/NanobyteOS/SolOS/build/kernel/c/syscall.o
LOAD /home/zack/Programming/NanobyteOS/SolOS/build/kernel/c/disk/floppy.o
LOAD /home/zack/Programming/NanobyteOS/SolOS/build/kernel/c/display/kinter.o
LOAD /home/zack/Programming/NanobyteOS/SolOS/build/kernel/c/display/VGA.o
LOAD /home/zack/Programming/NanobyteOS/SolOS/build/kernel/c/filesys/fat12.o
LOAD /home/zack/Programming/NanobyteOS/SolOS/build/kernel/c/HAL/hal.o
LOAD /home/zack/Programming/NanobyteOS/SolOS/build/kernel/c/hardware-io/io.o
LOAD /home/zack/Programming/NanobyteOS/SolOS/build/kernel/c/keyboard/keyboard.o
LOAD /home/zack/Programming/NanobyteOS/SolOS/build/kernel/c/memory-manager/FMM.o
LOAD /home/zack/Programming/NanobyteOS/SolOS/build/kernel/c/memory-manager/PMM.o
LOAD /home/zack/Programming/NanobyteOS/SolOS/build/kernel/c/memory-manager/VMM.o
LOAD /home/zack/Programming/NanobyteOS/SolOS/build/kernel/c/proc/load.o
LOAD /home/zack/Programming/NanobyteOS/SolOS/build/kernel/c/proc/proc.o
LOAD /home/zack/Programming/NanobyteOS/SolOS/build/kernel/c/arch/x86/gdt.o
LOAD /home/zack/Programming/NanobyteOS/SolOS/build/kernel/c/arch/x86/idt.o
LOAD /home/zack/Programming/NanobyteOS/SolOS/build/kernel/c/arch/x86/irq.o
LOAD /home/zack/Programming/NanobyteOS/SolOS/build/kernel/c/arch/x86/isr.o
LOAD /home/zack/Programming/NanobyteOS/SolOS/build/kernel/c/arch/x86/PIC8259.o
LOAD /home/zack/opt/cross/lib/gcc/i686-elf/12.1.0//libgcc.a
OUTPUT(/home/zack/Programming/NanobyteOS/SolOS/build/kernel.bin binary)

.comment        0x00000000      0x201
 .comment       0x00000000       0x13 /home/zack/Programming/NanobyteOS/SolOS/build/kernel/c/CLI.o
 .comment       0x00000013       0x13 /home/zack/Programming/NanobyteOS/SolOS/build/kernel/c/ctype.o
 .comment       0x00000026       0x13 /home/zack/Programming/NanobyteOS/SolOS/build/kernel/c/delay.o
 .comment       0x00000039       0x13 /home/zack/Programming/NanobyteOS/SolOS/build/kernel/c/kernel.o
 .comment       0x0000004c       0x13 /home/zack/Programming/NanobyteOS/SolOS/build/kernel/c/memory.o
 .comment       0x0000005f       0x13 /home/zack/Programming/NanobyteOS/SolOS/build/kernel/c/stdio.o
 .comment       0x00000072       0x13 /home/zack/Programming/NanobyteOS/SolOS/build/kernel/c/string.o
 .comment       0x00000085       0x13 /home/zack/Programming/NanobyteOS/SolOS/build/kernel/c/syscall.o
 .comment       0x00000098       0x13 /home/zack/Programming/NanobyteOS/SolOS/build/kernel/c/disk/floppy.o
 .comment       0x000000ab       0x13 /home/zack/Programming/NanobyteOS/SolOS/build/kernel/c/display/kinter.o
 .comment       0x000000be       0x13 /home/zack/Programming/NanobyteOS/SolOS/build/kernel/c/display/VGA.o
 .comment       0x000000d1       0x13 /home/zack/Programming/NanobyteOS/SolOS/build/kernel/c/filesys/fat12.o
 .comment       0x000000e4       0x13 /home/zack/Programming/NanobyteOS/SolOS/build/kernel/c/HAL/hal.o
 .comment       0x000000f7       0x13 /home/zack/Programming/NanobyteOS/SolOS/build/kernel/c/hardware-io/io.o
 .comment       0x0000010a       0x13 /home/zack/Programming/NanobyteOS/SolOS/build/kernel/c/keyboard/keyboard.o
 .comment       0x0000011d       0x13 /home/zack/Programming/NanobyteOS/SolOS/build/kernel/c/memory-manager/FMM.o
 .comment       0x00000130       0x13 /home/zack/Programming/NanobyteOS/SolOS/build/kernel/c/memory-manager/PMM.o
 .comment       0x00000143       0x13 /home/zack/Programming/NanobyteOS/SolOS/build/kernel/c/memory-manager/VMM.o
 .comment       0x00000156       0x13 /home/zack/Programming/NanobyteOS/SolOS/build/kernel/c/proc/load.o
 .comment       0x00000169       0x13 /home/zack/Programming/NanobyteOS/SolOS/build/kernel/c/proc/proc.o
 .comment       0x0000017c       0x13 /home/zack/Programming/NanobyteOS/SolOS/build/kernel/c/arch/x86/gdt.o
 .comment       0x0000018f       0x13 /home/zack/Programming/NanobyteOS/SolOS/build/kernel/c/arch/x86/idt.o
 .comment       0x000001a2       0x13 /home/zack/Programming/NanobyteOS/SolOS/build/kernel/c/arch/x86/irq.o
 .comment       0x000001b5       0x13 /home/zack/Programming/NanobyteOS/SolOS/build/kernel/c/arch/x86/isr.o
 .comment       0x000001c8       0x13 /home/zack/Programming/NanobyteOS/SolOS/build/kernel/c/arch/x86/PIC8259.o
 .comment       0x000001db       0x13 /home/zack/opt/cross/lib/gcc/i686-elf/12.1.0//libgcc.a(_udivdi3.o)
 .comment       0x000001ee       0x13 /home/zack/opt/cross/lib/gcc/i686-elf/12.1.0//libgcc.a(_umoddi3.o)

.debug_info     0x00000000      0x66b
 .debug_info    0x00000000      0x326 /home/zack/opt/cross/lib/gcc/i686-elf/12.1.0//libgcc.a(_udivdi3.o)
 .debug_info    0x00000326      0x345 /home/zack/opt/cross/lib/gcc/i686-elf/12.1.0//libgcc.a(_umoddi3.o)

.debug_abbrev   0x00000000      0x2e0
 .debug_abbrev  0x00000000      0x165 /home/zack/opt/cross/lib/gcc/i686-elf/12.1.0//libgcc.a(_udivdi3.o)
 .debug_abbrev  0x00000165      0x17b /home/zack/opt/cross/lib/gcc/i686-elf/12.1.0//libgcc.a(_umoddi3.o)

.debug_loclists
                0x00000000      0x7be
 .debug_loclists
                0x00000000      0x40a /home/zack/opt/cross/lib/gcc/i686-elf/12.1.0//libgcc.a(_udivdi3.o)
 .debug_loclists
                0x0000040a      0x3b4 /home/zack/opt/cross/lib/gcc/i686-elf/12.1.0//libgcc.a(_umoddi3.o)

.debug_aranges  0x00000000       0x40
 .debug_aranges
                0x00000000       0x20 /home/zack/opt/cross/lib/gcc/i686-elf/12.1.0//libgcc.a(_udivdi3.o)
 .debug_aranges
                0x00000020       0x20 /home/zack/opt/cross/lib/gcc/i686-elf/12.1.0//libgcc.a(_umoddi3.o)

.debug_rnglists
                0x00000000       0x49
 .debug_rnglists
                0x00000000       0x2a /home/zack/opt/cross/lib/gcc/i686-elf/12.1.0//libgcc.a(_udivdi3.o)
 .debug_rnglists
                0x0000002a       0x1f /home/zack/opt/cross/lib/gcc/i686-elf/12.1.0//libgcc.a(_umoddi3.o)

.debug_line     0x00000000      0x347
 .debug_line    0x00000000      0x179 /home/zack/opt/cross/lib/gcc/i686-elf/12.1.0//libgcc.a(_udivdi3.o)
 .debug_line    0x00000179      0x1ce /home/zack/opt/cross/lib/gcc/i686-elf/12.1.0//libgcc.a(_umoddi3.o)

.debug_str      0x00000000      0x3c6
 .debug_str     0x00000000      0x1e3 /home/zack/opt/cross/lib/gcc/i686-elf/12.1.0//libgcc.a(_udivdi3.o)
 .debug_str     0x000001e3      0x1e3 /home/zack/opt/cross/lib/gcc/i686-elf/12.1.0//libgcc.a(_umoddi3.o)

.debug_line_str
                0x00000000      0x170
 .debug_line_str
                0x00000000       0xb8 /home/zack/opt/cross/lib/gcc/i686-elf/12.1.0//libgcc.a(_udivdi3.o)
 .debug_line_str
                0x000000b8       0xb8 /home/zack/opt/cross/lib/gcc/i686-elf/12.1.0//libgcc.a(_umoddi3.o)
