Archive member included to satisfy reference by file (symbol)

/home/zack/opt/cross/lib/gcc/i686-elf/12.1.0//libgcc.a(_udivdi3.o)
                              /home/zack/Programming/NanobyteOS/SolOS/build/kernel/c/stdio.o (__udivdi3)
/home/zack/opt/cross/lib/gcc/i686-elf/12.1.0//libgcc.a(_umoddi3.o)
                              /home/zack/Programming/NanobyteOS/SolOS/build/kernel/c/stdio.o (__umoddi3)

There are no discarded input sections

Memory Configuration

Name             Origin             Length             Attributes
RAM              0x00030000         0x00050000         xrw
*default*        0x00000000         0xffffffff

Linker script and memory map

                0x00030000                        . = 0x30000

.text           0x00030000     0x7516
 *(.text)
 .text          0x00030000       0x28 /home/zack/Programming/NanobyteOS/SolOS/build/kernel/s/main.o
                0x00030000                kernel_start
 .text          0x00030028       0x25 /home/zack/Programming/NanobyteOS/SolOS/build/kernel/s/hardware-io/io.o
                0x00030028                i686_outb
                0x00030033                i686_outw
                0x00030040                i686_inb
                0x00030049                i686_EnableInterrupts
                0x0003004b                i686_DisableInterrupts
 *fill*         0x0003004d        0x3 
 .text          0x00030050       0x22 /home/zack/Programming/NanobyteOS/SolOS/build/kernel/s/memory-manager/VMM.o
                0x00030050                VMM_EnablePaging
                0x00030063                VMM_InvalidatePage
                0x0003006b                VMM_InvalidateTLB
 *fill*         0x00030072        0x2 
 .text          0x00030074       0x3f /home/zack/Programming/NanobyteOS/SolOS/build/kernel/s/arch/x86/gdt.o
                0x00030074                i686_GDT_Load
 *fill*         0x000300b3        0x1 
 .text          0x000300b4        0xd /home/zack/Programming/NanobyteOS/SolOS/build/kernel/s/arch/x86/idt.o
                0x000300b4                i686_IDT_Load
 *fill*         0x000300c1        0x3 
 .text          0x000300c4      0xa75 /home/zack/Programming/NanobyteOS/SolOS/build/kernel/s/arch/x86/isr.o
                0x000300c4                i686_ISR0
                0x000300cd                i686_ISR1
                0x000300d6                i686_ISR2
                0x000300df                i686_ISR3
                0x000300e8                i686_ISR4
                0x000300f1                i686_ISR5
                0x000300fa                i686_ISR6
                0x00030103                i686_ISR7
                0x0003010c                i686_ISR8
                0x00030113                i686_ISR9
                0x0003011c                i686_ISR10
                0x00030123                i686_ISR11
                0x0003012a                i686_ISR12
                0x00030131                i686_ISR13
                0x00030138                i686_ISR14
                0x0003013f                i686_ISR15
                0x00030148                i686_ISR16
                0x00030151                i686_ISR17
                0x00030158                i686_ISR18
                0x00030161                i686_ISR19
                0x0003016a                i686_ISR20
                0x00030173                i686_ISR21
                0x0003017a                i686_ISR22
                0x00030183                i686_ISR23
                0x0003018c                i686_ISR24
                0x00030195                i686_ISR25
                0x0003019e                i686_ISR26
                0x000301a7                i686_ISR27
                0x000301b0                i686_ISR28
                0x000301b9                i686_ISR29
                0x000301c0                i686_ISR30
                0x000301c7                i686_ISR31
                0x000301d0                i686_ISR32
                0x000301d9                i686_ISR33
                0x000301e2                i686_ISR34
                0x000301eb                i686_ISR35
                0x000301f4                i686_ISR36
                0x000301fd                i686_ISR37
                0x00030206                i686_ISR38
                0x0003020f                i686_ISR39
                0x00030218                i686_ISR40
                0x00030221                i686_ISR41
                0x0003022a                i686_ISR42
                0x00030233                i686_ISR43
                0x0003023c                i686_ISR44
                0x00030245                i686_ISR45
                0x0003024e                i686_ISR46
                0x00030257                i686_ISR47
                0x00030260                i686_ISR48
                0x00030269                i686_ISR49
                0x00030272                i686_ISR50
                0x0003027b                i686_ISR51
                0x00030284                i686_ISR52
                0x0003028d                i686_ISR53
                0x00030296                i686_ISR54
                0x0003029f                i686_ISR55
                0x000302a8                i686_ISR56
                0x000302b1                i686_ISR57
                0x000302ba                i686_ISR58
                0x000302c3                i686_ISR59
                0x000302cc                i686_ISR60
                0x000302d5                i686_ISR61
                0x000302de                i686_ISR62
                0x000302e7                i686_ISR63
                0x000302f0                i686_ISR64
                0x000302f9                i686_ISR65
                0x00030302                i686_ISR66
                0x0003030b                i686_ISR67
                0x00030314                i686_ISR68
                0x0003031d                i686_ISR69
                0x00030326                i686_ISR70
                0x0003032f                i686_ISR71
                0x00030338                i686_ISR72
                0x00030341                i686_ISR73
                0x0003034a                i686_ISR74
                0x00030353                i686_ISR75
                0x0003035c                i686_ISR76
                0x00030365                i686_ISR77
                0x0003036e                i686_ISR78
                0x00030377                i686_ISR79
                0x00030380                i686_ISR80
                0x00030389                i686_ISR81
                0x00030392                i686_ISR82
                0x0003039b                i686_ISR83
                0x000303a4                i686_ISR84
                0x000303ad                i686_ISR85
                0x000303b6                i686_ISR86
                0x000303bf                i686_ISR87
                0x000303c8                i686_ISR88
                0x000303d1                i686_ISR89
                0x000303da                i686_ISR90
                0x000303e3                i686_ISR91
                0x000303ec                i686_ISR92
                0x000303f5                i686_ISR93
                0x000303fe                i686_ISR94
                0x00030407                i686_ISR95
                0x00030410                i686_ISR96
                0x00030419                i686_ISR97
                0x00030422                i686_ISR98
                0x0003042b                i686_ISR99
                0x00030434                i686_ISR100
                0x0003043d                i686_ISR101
                0x00030446                i686_ISR102
                0x0003044f                i686_ISR103
                0x00030458                i686_ISR104
                0x00030461                i686_ISR105
                0x0003046a                i686_ISR106
                0x00030473                i686_ISR107
                0x0003047c                i686_ISR108
                0x00030485                i686_ISR109
                0x0003048e                i686_ISR110
                0x00030497                i686_ISR111
                0x000304a0                i686_ISR112
                0x000304a9                i686_ISR113
                0x000304b2                i686_ISR114
                0x000304bb                i686_ISR115
                0x000304c4                i686_ISR116
                0x000304cd                i686_ISR117
                0x000304d6                i686_ISR118
                0x000304df                i686_ISR119
                0x000304e8                i686_ISR120
                0x000304f1                i686_ISR121
                0x000304fa                i686_ISR122
                0x00030503                i686_ISR123
                0x0003050c                i686_ISR124
                0x00030515                i686_ISR125
                0x0003051e                i686_ISR126
                0x00030527                i686_ISR127
                0x00030530                i686_ISR128
                0x0003053c                i686_ISR129
                0x00030548                i686_ISR130
                0x00030554                i686_ISR131
                0x00030560                i686_ISR132
                0x0003056c                i686_ISR133
                0x00030578                i686_ISR134
                0x00030584                i686_ISR135
                0x00030590                i686_ISR136
                0x0003059c                i686_ISR137
                0x000305a8                i686_ISR138
                0x000305b4                i686_ISR139
                0x000305c0                i686_ISR140
                0x000305cc                i686_ISR141
                0x000305d8                i686_ISR142
                0x000305e4                i686_ISR143
                0x000305f0                i686_ISR144
                0x000305fc                i686_ISR145
                0x00030608                i686_ISR146
                0x00030614                i686_ISR147
                0x00030620                i686_ISR148
                0x0003062c                i686_ISR149
                0x00030638                i686_ISR150
                0x00030644                i686_ISR151
                0x00030650                i686_ISR152
                0x0003065c                i686_ISR153
                0x00030668                i686_ISR154
                0x00030674                i686_ISR155
                0x00030680                i686_ISR156
                0x0003068c                i686_ISR157
                0x00030698                i686_ISR158
                0x000306a4                i686_ISR159
                0x000306b0                i686_ISR160
                0x000306bc                i686_ISR161
                0x000306c8                i686_ISR162
                0x000306d4                i686_ISR163
                0x000306e0                i686_ISR164
                0x000306ec                i686_ISR165
                0x000306f8                i686_ISR166
                0x00030704                i686_ISR167
                0x00030710                i686_ISR168
                0x0003071c                i686_ISR169
                0x00030728                i686_ISR170
                0x00030734                i686_ISR171
                0x00030740                i686_ISR172
                0x0003074c                i686_ISR173
                0x00030758                i686_ISR174
                0x00030764                i686_ISR175
                0x00030770                i686_ISR176
                0x0003077c                i686_ISR177
                0x00030788                i686_ISR178
                0x00030794                i686_ISR179
                0x000307a0                i686_ISR180
                0x000307ac                i686_ISR181
                0x000307b8                i686_ISR182
                0x000307c4                i686_ISR183
                0x000307d0                i686_ISR184
                0x000307dc                i686_ISR185
                0x000307e8                i686_ISR186
                0x000307f4                i686_ISR187
                0x00030800                i686_ISR188
                0x0003080c                i686_ISR189
                0x00030818                i686_ISR190
                0x00030824                i686_ISR191
                0x00030830                i686_ISR192
                0x0003083c                i686_ISR193
                0x00030848                i686_ISR194
                0x00030854                i686_ISR195
                0x00030860                i686_ISR196
                0x0003086c                i686_ISR197
                0x00030878                i686_ISR198
                0x00030884                i686_ISR199
                0x00030890                i686_ISR200
                0x0003089c                i686_ISR201
                0x000308a8                i686_ISR202
                0x000308b4                i686_ISR203
                0x000308c0                i686_ISR204
                0x000308cc                i686_ISR205
                0x000308d8                i686_ISR206
                0x000308e4                i686_ISR207
                0x000308f0                i686_ISR208
                0x000308fc                i686_ISR209
                0x00030908                i686_ISR210
                0x00030914                i686_ISR211
                0x00030920                i686_ISR212
                0x0003092c                i686_ISR213
                0x00030938                i686_ISR214
                0x00030944                i686_ISR215
                0x00030950                i686_ISR216
                0x0003095c                i686_ISR217
                0x00030968                i686_ISR218
                0x00030974                i686_ISR219
                0x00030980                i686_ISR220
                0x0003098c                i686_ISR221
                0x00030998                i686_ISR222
                0x000309a4                i686_ISR223
                0x000309b0                i686_ISR224
                0x000309bc                i686_ISR225
                0x000309c8                i686_ISR226
                0x000309d4                i686_ISR227
                0x000309e0                i686_ISR228
                0x000309ec                i686_ISR229
                0x000309f8                i686_ISR230
                0x00030a04                i686_ISR231
                0x00030a10                i686_ISR232
                0x00030a1c                i686_ISR233
                0x00030a28                i686_ISR234
                0x00030a34                i686_ISR235
                0x00030a40                i686_ISR236
                0x00030a4c                i686_ISR237
                0x00030a58                i686_ISR238
                0x00030a64                i686_ISR239
                0x00030a70                i686_ISR240
                0x00030a7c                i686_ISR241
                0x00030a85                i686_ISR242
                0x00030a8e                i686_ISR243
                0x00030a97                i686_ISR244
                0x00030aa0                i686_ISR245
                0x00030aa9                i686_ISR246
                0x00030ab2                i686_ISR247
                0x00030abb                i686_ISR248
                0x00030ac4                i686_ISR249
                0x00030acd                i686_ISR250
                0x00030ad6                i686_ISR251
                0x00030adf                i686_ISR252
                0x00030ae8                i686_ISR253
                0x00030af1                i686_ISR254
                0x00030afa                i686_ISR255
                0x00030b2d                i686_DisablePaging
 *fill*         0x00030b39        0x3 
 .text          0x00030b3c       0x14 /home/zack/Programming/NanobyteOS/SolOS/build/kernel/s/arch/x86/PIT8254.o
                0x00030b3c                i686_PIT_Initialize
 .text          0x00030b50       0x55 /home/zack/Programming/NanobyteOS/SolOS/build/kernel/c/ctype.o
                0x00030b50                islower
                0x00030b79                toupper
 .text          0x00030ba5       0x67 /home/zack/Programming/NanobyteOS/SolOS/build/kernel/c/delay.o
                0x00030ba5                ActiveContextTimerSleepHook
                0x00030bd1                sleep
 .text          0x00030c0c      0x5dd /home/zack/Programming/NanobyteOS/SolOS/build/kernel/c/kernel.o
                0x00030c0c                setup_timer
                0x00030c12                timer
                0x00030c3b                kernel_main
 .text          0x000311e9       0xf5 /home/zack/Programming/NanobyteOS/SolOS/build/kernel/c/memory.o
                0x000311e9                memcpy
                0x0003123b                memset
                0x0003127e                memcmp
 .text          0x000312de      0xe86 /home/zack/Programming/NanobyteOS/SolOS/build/kernel/c/stdio.o
                0x000312de                initialize_stdio
                0x00031330                GetActiveContext
                0x0003133a                GetSTDOUT
                0x00031344                GetSTDIN
                0x0003134e                GetSTDERR
                0x00031358                STD_PutBuffer
                0x0003138d                STD_GetBuffer
                0x000313ce                STD_FlushSTDOUT
                0x00031417                STD_FlushSTDIN
                0x0003144a                STD_FlushSTDERR
                0x0003147d                ActiveContextTimerCursorHook
                0x0003149a                ActiveContextKeyboardHook
                0x00031563                CFG_EnableCursorBlinking
                0x00031572                CFG_DisableCursorBlinking
                0x00031581                CFG_SetCursorChar
                0x0003159c                __STD_Putc
                0x000315cf                __STD_Puts
                0x000315f8                printf_unsigned
                0x000316ab                printf_signed
                0x00031705                printf
                0x00031a28                hex_to_dec
                0x00031ac0                scanf
                0x000320ac                getline
 .text          0x00032164       0xb6 /home/zack/Programming/NanobyteOS/SolOS/build/kernel/c/string.o
                0x00032164                strchr
                0x000321a2                strcpy
                0x000321f4                strlen
 .text          0x0003221a      0xabb /home/zack/Programming/NanobyteOS/SolOS/build/kernel/c/disk/floppy.o
                0x0003221a                GetCommandParamCount
                0x00032273                GetCommandAwaitIRQ6
                0x000322cc                GetCommandReturnCount
                0x00032325                DISK_Floppy_GetSectorAddr
                0x00032341                DISK_Floppy_IRQ6Handler
                0x0003234e                lba2chs
                0x000323c2                WaitForIRQ6
                0x000323ec                WaitForFIFO
                0x00032428                PrepareDMAForTransfer
                0x000324f2                PrepareDMAForWrite
                0x00032542                PrepareDMAForRead
                0x0003261b                FDC_SetBit
                0x0003268e                DISK_Floppy_Reset
                0x0003271b                DISK_Floppy_Initialize
                0x000327ee                DISK_Floppy_IssueCommand
                0x000329d9                DISK_Floppy_ReadSector
                0x00032aba                DISK_Floppy_ReadSectors
                0x00032bb7                DISK_Floppy_ReadSectorsTo
 .text          0x00032cd5      0xbd3 /home/zack/Programming/NanobyteOS/SolOS/build/kernel/c/display/kinter.o
                0x00032cd5                KI_VGACoordTransform
                0x00032d56                KI_DisableBlinking
                0x00032d63                KI_EnableBlinking
                0x00032d70                KI_DrawCursor
                0x00032e3b                KI_CursorHook
                0x00032e76                KI_Initialize
                0x00032fb4                KI_Clear
                0x0003304a                KI_DrawBorder
                0x000333f2                KI_UpdateLineScrolling
                0x00033550                KI_Putc
                0x00033828                KI_Puts
                0x0003385a                KI_BadSizeError
                0x00033891                KI_TextOverflowError
 .text          0x000338a8      0x276 /home/zack/Programming/NanobyteOS/SolOS/build/kernel/c/display/VGA.o
                0x000338a8                VGA_ColorData
                0x000338ba                VGA_Initialize
                0x00033900                VGA_ClearScreen
                0x00033981                VGA_SetChar
                0x000339e1                VGA_SetCursorPos
                0x00033a16                VGA_Print
                0x00033a9a                VGA_Write
 .text          0x00033b1e      0x795 /home/zack/Programming/NanobyteOS/SolOS/build/kernel/c/filesys/fat12.o
                0x00033b1e                FAT12_ReadSector
                0x00033b56                FAT12_LoadFATSector
                0x00033b96                FAT12_Initialize
                0x00033cc1                FAT12_OpenEntry
                0x00033da6                FAT12_Cluster2Sector
                0x00033db9                FAT12_NextCluster
                0x00033e2d                FAT12_Read
                0x00033fae                FAT12_ReadEntry
                0x00033fcf                FAT12_Close
                0x00034005                FAT12_FindFile
                0x0003416d                FAT12_Open
 .text          0x000342b3       0x22 /home/zack/Programming/NanobyteOS/SolOS/build/kernel/c/HAL/hal.o
                0x000342b3                HAL_Initialize
 .text          0x000342d5       0x1b /home/zack/Programming/NanobyteOS/SolOS/build/kernel/c/hardware-io/io.o
                0x000342d5                i686_iowait
 .text          0x000342f0      0x1a2 /home/zack/Programming/NanobyteOS/SolOS/build/kernel/c/keyboard/keyboard.o
                0x000342f0                GetQWERTYCTRLMakeKeyCode
                0x0003434d                GetQWERTYCTRLClearKeyCode
                0x000343ba                Keyboard_Handler
 .text          0x00034492      0x2fc /home/zack/Programming/NanobyteOS/SolOS/build/kernel/c/memory-manager/FMM.o
                0x00034492                FMM_GetDMAAddress
                0x0003449c                FMM_GetDMAPhysAddress
                0x000344a6                FMM_Initialize
                0x0003453b                PageFaultHandler
                0x0003461c                FMM_FreeBlocksAt
                0x000346b5                FMM_AllocateBlocksAt
 .text          0x0003478e      0xac8 /home/zack/Programming/NanobyteOS/SolOS/build/kernel/c/memory-manager/PMM.o
                0x0003478e                PMM_Initialize
                0x00034b02                PMM_GetBitmapData
                0x00034b26                PMM_SetBitmapData
                0x00034b83                PMM_PrintUsableRegionInfo
                0x00034c07                PMM_BlockIndex2PhysicalAddress
                0x00034cee                PMM_PhysicalAddress2BlockIndex
                0x00034dcb                PMM_DEBUG_PrintWedges
                0x00034e51                PMM_FirstFitSearch
                0x00034f2b                PMM_AllocateBlocks
                0x00035073                PMM_FreeBlocks
                0x0003518c                PMM_ForceFreeBlocks
 .text          0x00035256      0x5e0 /home/zack/Programming/NanobyteOS/SolOS/build/kernel/c/memory-manager/VMM.o
                0x00035256                VMM_GetDMAAddress
                0x00035260                VMM_GetPageTableHandler
                0x0003526a                VMM_VirtualAddress2PageIndices
                0x0003528f                VMM_PageIndices2VirtualAddress
                0x000352a4                VMM_CreatePageDirectoryEntry
                0x000352ef                VMM_CreatePageTableEntry
                0x00035354                VMM_Initialize
                0x0003556d                VMM_SetWorkingPageTable
                0x000355d7                VMM_LoadTableForAddress
                0x0003562e                VMM_GetTableForAddress
                0x00035680                VMM_CreateTableForAddress
                0x000356b9                VMM_GetPageForAddress
                0x00035740                VMM_CreatePageForAddress
                0x000357b9                VMM_ClearMappingForAddress
 .text          0x00035836       0x1d /home/zack/Programming/NanobyteOS/SolOS/build/kernel/c/arch/x86/gdt.o
                0x00035836                i686_GDT_Initialize
 .text          0x00035853       0xba /home/zack/Programming/NanobyteOS/SolOS/build/kernel/c/arch/x86/idt.o
                0x00035853                i686_IDT_SetGate
                0x000358b4                i686_IDT_EnableGate
                0x000358d4                i686_IDT_DisableGate
                0x000358f4                i686_IDT_Initialize
 .text          0x0003590d       0xcc /home/zack/Programming/NanobyteOS/SolOS/build/kernel/c/arch/x86/irq.o
                0x0003590d                i686_IRQ_Handler
                0x0003597f                i686_IRQ_Initialize
                0x000359c6                i686_IRQ_RegisterHandler
 .text          0x000359d9     0x1630 /home/zack/Programming/NanobyteOS/SolOS/build/kernel/c/arch/x86/isr.o
                0x000359d9                i686_ISR_Initialize
                0x00036e96                i686_ISR_RegisterHandler
                0x00036eba                i686_ISR_Handler
 .text          0x00037009      0x2b6 /home/zack/Programming/NanobyteOS/SolOS/build/kernel/c/arch/x86/PIC8259.o
                0x00037009                i686_PIC_Configure
                0x000370fb                i686_PIC_SendEndOfInterrupt
                0x0003712b                i686_PIC_Disable
                0x00037165                i686_PIC_Mask
                0x000371b9                i686_PIC_Unmask
                0x0003720f                i686_PIC_ReadIrqRequestRegister
                0x00037267                i686_PIC_ReadInServiceRegister
 *fill*         0x000372bf        0x1 
 .text          0x000372c0      0x11a /home/zack/opt/cross/lib/gcc/i686-elf/12.1.0//libgcc.a(_udivdi3.o)
                0x000372c0                __udivdi3
 *fill*         0x000373da        0x6 
 .text          0x000373e0      0x136 /home/zack/opt/cross/lib/gcc/i686-elf/12.1.0//libgcc.a(_umoddi3.o)
                0x000373e0                __umoddi3

.rodata         0x00037520      0xc08
 *(.rodata)
 .rodata        0x00037520      0x1a8 /home/zack/Programming/NanobyteOS/SolOS/build/kernel/c/kernel.o
 .rodata        0x000376c8      0x2e8 /home/zack/Programming/NanobyteOS/SolOS/build/kernel/c/stdio.o
                0x000376d8                g_HexChars
 .rodata        0x000379b0      0x1f7 /home/zack/Programming/NanobyteOS/SolOS/build/kernel/c/disk/floppy.o
 *fill*         0x00037ba7        0x1 
 .rodata        0x00037ba8       0x37 /home/zack/Programming/NanobyteOS/SolOS/build/kernel/c/display/kinter.o
 .rodata        0x00037bdf       0x1d /home/zack/Programming/NanobyteOS/SolOS/build/kernel/c/filesys/fat12.o
 .rodata        0x00037bfc      0x116 /home/zack/Programming/NanobyteOS/SolOS/build/kernel/c/memory-manager/FMM.o
 *fill*         0x00037d12        0x2 
 .rodata        0x00037d14       0x5e /home/zack/Programming/NanobyteOS/SolOS/build/kernel/c/memory-manager/PMM.o
 *fill*         0x00037d72        0x2 
 .rodata        0x00037d74       0x25 /home/zack/Programming/NanobyteOS/SolOS/build/kernel/c/arch/x86/irq.o
 *fill*         0x00037d99        0x7 
 .rodata        0x00037da0      0x388 /home/zack/Programming/NanobyteOS/SolOS/build/kernel/c/arch/x86/isr.o

.eh_frame       0x00038128       0xd8
 .eh_frame      0x00038128       0x64 /home/zack/opt/cross/lib/gcc/i686-elf/12.1.0//libgcc.a(_udivdi3.o)
 .eh_frame      0x0003818c       0x74 /home/zack/opt/cross/lib/gcc/i686-elf/12.1.0//libgcc.a(_umoddi3.o)

.data           0x00038200      0x116
 *(.data)
 .data          0x00038200       0x4b /home/zack/Programming/NanobyteOS/SolOS/build/kernel/s/main.o
 .data          0x0003824b        0x0 /home/zack/Programming/NanobyteOS/SolOS/build/kernel/s/hardware-io/io.o
 .data          0x0003824b        0x0 /home/zack/Programming/NanobyteOS/SolOS/build/kernel/s/memory-manager/VMM.o
 .data          0x0003824b        0x0 /home/zack/Programming/NanobyteOS/SolOS/build/kernel/s/arch/x86/gdt.o
 .data          0x0003824b        0x0 /home/zack/Programming/NanobyteOS/SolOS/build/kernel/s/arch/x86/idt.o
 .data          0x0003824b        0x0 /home/zack/Programming/NanobyteOS/SolOS/build/kernel/s/arch/x86/isr.o
 .data          0x0003824b        0x0 /home/zack/Programming/NanobyteOS/SolOS/build/kernel/s/arch/x86/PIT8254.o
 .data          0x0003824b        0x0 /home/zack/Programming/NanobyteOS/SolOS/build/kernel/c/ctype.o
 .data          0x0003824b        0x0 /home/zack/Programming/NanobyteOS/SolOS/build/kernel/c/delay.o
 .data          0x0003824b        0x0 /home/zack/Programming/NanobyteOS/SolOS/build/kernel/c/kernel.o
 .data          0x0003824b        0x0 /home/zack/Programming/NanobyteOS/SolOS/build/kernel/c/memory.o
 .data          0x0003824b        0x0 /home/zack/Programming/NanobyteOS/SolOS/build/kernel/c/stdio.o
 .data          0x0003824b        0x0 /home/zack/Programming/NanobyteOS/SolOS/build/kernel/c/string.o
 .data          0x0003824b        0x0 /home/zack/Programming/NanobyteOS/SolOS/build/kernel/c/disk/floppy.o
 .data          0x0003824b        0x0 /home/zack/Programming/NanobyteOS/SolOS/build/kernel/c/display/kinter.o
 .data          0x0003824b        0x0 /home/zack/Programming/NanobyteOS/SolOS/build/kernel/c/display/VGA.o
 *fill*         0x0003824b        0x1 
 .data          0x0003824c        0x4 /home/zack/Programming/NanobyteOS/SolOS/build/kernel/c/filesys/fat12.o
                0x0003824c                g_FATLoaded
 .data          0x00038250        0x0 /home/zack/Programming/NanobyteOS/SolOS/build/kernel/c/HAL/hal.o
 .data          0x00038250        0x0 /home/zack/Programming/NanobyteOS/SolOS/build/kernel/c/hardware-io/io.o
 *fill*         0x00038250       0x10 
 .data          0x00038260       0x7a /home/zack/Programming/NanobyteOS/SolOS/build/kernel/c/keyboard/keyboard.o
                0x00038260                g_QWERTY_make_scancodes_shifted
                0x000382a0                g_QWERTY_make_scancodes_unshifted
 .data          0x000382da        0x0 /home/zack/Programming/NanobyteOS/SolOS/build/kernel/c/memory-manager/FMM.o
 .data          0x000382da        0x0 /home/zack/Programming/NanobyteOS/SolOS/build/kernel/c/memory-manager/PMM.o
 .data          0x000382da        0x0 /home/zack/Programming/NanobyteOS/SolOS/build/kernel/c/memory-manager/VMM.o
 *fill*         0x000382da        0x6 
 .data          0x000382e0       0x2e /home/zack/Programming/NanobyteOS/SolOS/build/kernel/c/arch/x86/gdt.o
                0x000382e0                g_GDT
                0x00038308                g_GDT_Descriptor
 *fill*         0x0003830e        0x2 
 .data          0x00038310        0x6 /home/zack/Programming/NanobyteOS/SolOS/build/kernel/c/arch/x86/idt.o
                0x00038310                g_IDTDescriptor
 .data          0x00038316        0x0 /home/zack/Programming/NanobyteOS/SolOS/build/kernel/c/arch/x86/irq.o
 .data          0x00038316        0x0 /home/zack/Programming/NanobyteOS/SolOS/build/kernel/c/arch/x86/isr.o
 .data          0x00038316        0x0 /home/zack/Programming/NanobyteOS/SolOS/build/kernel/c/arch/x86/PIC8259.o
 .data          0x00038316        0x0 /home/zack/opt/cross/lib/gcc/i686-elf/12.1.0//libgcc.a(_udivdi3.o)
 .data          0x00038316        0x0 /home/zack/opt/cross/lib/gcc/i686-elf/12.1.0//libgcc.a(_umoddi3.o)

.bss            0x00038320    0x21e0c
 *(COMMON)
 *(.bss)
 .bss           0x00038320        0x0 /home/zack/Programming/NanobyteOS/SolOS/build/kernel/s/main.o
 .bss           0x00038320        0x0 /home/zack/Programming/NanobyteOS/SolOS/build/kernel/s/hardware-io/io.o
 .bss           0x00038320        0x0 /home/zack/Programming/NanobyteOS/SolOS/build/kernel/s/memory-manager/VMM.o
 .bss           0x00038320        0x0 /home/zack/Programming/NanobyteOS/SolOS/build/kernel/s/arch/x86/gdt.o
 .bss           0x00038320        0x0 /home/zack/Programming/NanobyteOS/SolOS/build/kernel/s/arch/x86/idt.o
 .bss           0x00038320        0x0 /home/zack/Programming/NanobyteOS/SolOS/build/kernel/s/arch/x86/isr.o
 .bss           0x00038320        0x0 /home/zack/Programming/NanobyteOS/SolOS/build/kernel/s/arch/x86/PIT8254.o
 .bss           0x00038320        0x0 /home/zack/Programming/NanobyteOS/SolOS/build/kernel/c/ctype.o
 .bss           0x00038320        0x8 /home/zack/Programming/NanobyteOS/SolOS/build/kernel/c/delay.o
                0x00038320                g_Timer
 .bss           0x00038328        0x0 /home/zack/Programming/NanobyteOS/SolOS/build/kernel/c/kernel.o
 .bss           0x00038328        0x0 /home/zack/Programming/NanobyteOS/SolOS/build/kernel/c/memory.o
 *fill*         0x00038328       0x18 
 .bss           0x00038340      0x586 /home/zack/Programming/NanobyteOS/SolOS/build/kernel/c/stdio.o
                0x00038340                g_VGA_Display
                0x00038360                g_Root_Terminal
                0x00038488                g_ActiveContext
                0x000384a0                g_STDOUT
                0x000386a0                g_STDIN
                0x000386c0                g_STDERR
                0x000388c0                g_STDOUT_TAIL
                0x000388c2                g_STDIN_TAIL
                0x000388c4                g_STDERR_TAIL
 .bss           0x000388c6        0x0 /home/zack/Programming/NanobyteOS/SolOS/build/kernel/c/string.o
 .bss           0x000388c6        0x2 /home/zack/Programming/NanobyteOS/SolOS/build/kernel/c/disk/floppy.o
                0x000388c6                g_WaitingForIRQ6
                0x000388c7                g_FloppyNum
 .bss           0x000388c8        0x1 /home/zack/Programming/NanobyteOS/SolOS/build/kernel/c/display/kinter.o
                0x000388c8                g_BlinkDisable
 .bss           0x000388c9        0x0 /home/zack/Programming/NanobyteOS/SolOS/build/kernel/c/display/VGA.o
 *fill*         0x000388c9       0x17 
 .bss           0x000388e0      0x580 /home/zack/Programming/NanobyteOS/SolOS/build/kernel/c/filesys/fat12.o
                0x000388e0                g_FatData
                0x00038c40                g_FirstFATSector
                0x00038c44                g_FirstRootDirSector
                0x00038c48                g_RootDirSize
                0x00038c4c                g_FirstDataSector
                0x00038c50                g_FAT
                0x00038c60                g_RootDirectoryBuffer
 .bss           0x00038e60        0x0 /home/zack/Programming/NanobyteOS/SolOS/build/kernel/c/HAL/hal.o
 .bss           0x00038e60        0x0 /home/zack/Programming/NanobyteOS/SolOS/build/kernel/c/hardware-io/io.o
 .bss           0x00038e60        0x5 /home/zack/Programming/NanobyteOS/SolOS/build/kernel/c/keyboard/keyboard.o
                0x00038e60                g_ControlKeyStates
                0x00038e64                g_E0_Received
 *fill*         0x00038e65        0x3 
 .bss           0x00038e68        0x8 /home/zack/Programming/NanobyteOS/SolOS/build/kernel/c/memory-manager/FMM.o
                0x00038e68                g_KernelDMAAddress
                0x00038e6c                g_KernelDMAPhysicalAddress
 *fill*         0x00038e70       0x10 
 .bss           0x00038e80    0x2063c /home/zack/Programming/NanobyteOS/SolOS/build/kernel/c/memory-manager/PMM.o
                0x00038e80                g_MemoryMap
                0x000391a0                g_UsableMemoryMap
                0x000394c0                g_BitmapWedges
                0x000394e0                g_Bitmap
 .bss           0x000594bc        0xc /home/zack/Programming/NanobyteOS/SolOS/build/kernel/c/memory-manager/VMM.o
                0x000594bc                g_PageDirectoryAddress
                0x000594c0                g_PageTableAddress
                0x000594c4                g_KernelDMAVirtualAddress
 .bss           0x000594c8        0x0 /home/zack/Programming/NanobyteOS/SolOS/build/kernel/c/arch/x86/gdt.o
 *fill*         0x000594c8       0x18 
 .bss           0x000594e0      0x800 /home/zack/Programming/NanobyteOS/SolOS/build/kernel/c/arch/x86/idt.o
                0x000594e0                g_IDT
 .bss           0x00059ce0       0x40 /home/zack/Programming/NanobyteOS/SolOS/build/kernel/c/arch/x86/irq.o
                0x00059ce0                g_IRQHandlers
 .bss           0x00059d20      0x400 /home/zack/Programming/NanobyteOS/SolOS/build/kernel/c/arch/x86/isr.o
                0x00059d20                g_ISRHandlers
 .bss           0x0005a120        0xc /home/zack/Programming/NanobyteOS/SolOS/build/kernel/c/arch/x86/PIC8259.o
                0x0005a120                PIC_ICW1
                0x0005a124                PIC_ICW4
                0x0005a128                PIC_CMD
 .bss           0x0005a12c        0x0 /home/zack/opt/cross/lib/gcc/i686-elf/12.1.0//libgcc.a(_udivdi3.o)
 .bss           0x0005a12c        0x0 /home/zack/opt/cross/lib/gcc/i686-elf/12.1.0//libgcc.a(_umoddi3.o)
LOAD /home/zack/Programming/NanobyteOS/SolOS/build/kernel/s/main.o
LOAD /home/zack/Programming/NanobyteOS/SolOS/build/kernel/s/hardware-io/io.o
LOAD /home/zack/Programming/NanobyteOS/SolOS/build/kernel/s/memory-manager/VMM.o
LOAD /home/zack/Programming/NanobyteOS/SolOS/build/kernel/s/arch/x86/gdt.o
LOAD /home/zack/Programming/NanobyteOS/SolOS/build/kernel/s/arch/x86/idt.o
LOAD /home/zack/Programming/NanobyteOS/SolOS/build/kernel/s/arch/x86/isr.o
LOAD /home/zack/Programming/NanobyteOS/SolOS/build/kernel/s/arch/x86/PIT8254.o
LOAD /home/zack/Programming/NanobyteOS/SolOS/build/kernel/c/ctype.o
LOAD /home/zack/Programming/NanobyteOS/SolOS/build/kernel/c/delay.o
LOAD /home/zack/Programming/NanobyteOS/SolOS/build/kernel/c/kernel.o
LOAD /home/zack/Programming/NanobyteOS/SolOS/build/kernel/c/memory.o
LOAD /home/zack/Programming/NanobyteOS/SolOS/build/kernel/c/stdio.o
LOAD /home/zack/Programming/NanobyteOS/SolOS/build/kernel/c/string.o
LOAD /home/zack/Programming/NanobyteOS/SolOS/build/kernel/c/disk/floppy.o
LOAD /home/zack/Programming/NanobyteOS/SolOS/build/kernel/c/display/kinter.o
LOAD /home/zack/Programming/NanobyteOS/SolOS/build/kernel/c/display/VGA.o
LOAD /home/zack/Programming/NanobyteOS/SolOS/build/kernel/c/filesys/fat12.o
LOAD /home/zack/Programming/NanobyteOS/SolOS/build/kernel/c/HAL/hal.o
LOAD /home/zack/Programming/NanobyteOS/SolOS/build/kernel/c/hardware-io/io.o
LOAD /home/zack/Programming/NanobyteOS/SolOS/build/kernel/c/keyboard/keyboard.o
LOAD /home/zack/Programming/NanobyteOS/SolOS/build/kernel/c/memory-manager/FMM.o
LOAD /home/zack/Programming/NanobyteOS/SolOS/build/kernel/c/memory-manager/PMM.o
LOAD /home/zack/Programming/NanobyteOS/SolOS/build/kernel/c/memory-manager/VMM.o
LOAD /home/zack/Programming/NanobyteOS/SolOS/build/kernel/c/arch/x86/gdt.o
LOAD /home/zack/Programming/NanobyteOS/SolOS/build/kernel/c/arch/x86/idt.o
LOAD /home/zack/Programming/NanobyteOS/SolOS/build/kernel/c/arch/x86/irq.o
LOAD /home/zack/Programming/NanobyteOS/SolOS/build/kernel/c/arch/x86/isr.o
LOAD /home/zack/Programming/NanobyteOS/SolOS/build/kernel/c/arch/x86/PIC8259.o
LOAD /home/zack/opt/cross/lib/gcc/i686-elf/12.1.0//libgcc.a
OUTPUT(/home/zack/Programming/NanobyteOS/SolOS/build/kernel.bin binary)

.comment        0x00000000      0x1b5
 .comment       0x00000000       0x13 /home/zack/Programming/NanobyteOS/SolOS/build/kernel/c/ctype.o
 .comment       0x00000013       0x13 /home/zack/Programming/NanobyteOS/SolOS/build/kernel/c/delay.o
 .comment       0x00000026       0x13 /home/zack/Programming/NanobyteOS/SolOS/build/kernel/c/kernel.o
 .comment       0x00000039       0x13 /home/zack/Programming/NanobyteOS/SolOS/build/kernel/c/memory.o
 .comment       0x0000004c       0x13 /home/zack/Programming/NanobyteOS/SolOS/build/kernel/c/stdio.o
 .comment       0x0000005f       0x13 /home/zack/Programming/NanobyteOS/SolOS/build/kernel/c/string.o
 .comment       0x00000072       0x13 /home/zack/Programming/NanobyteOS/SolOS/build/kernel/c/disk/floppy.o
 .comment       0x00000085       0x13 /home/zack/Programming/NanobyteOS/SolOS/build/kernel/c/display/kinter.o
 .comment       0x00000098       0x13 /home/zack/Programming/NanobyteOS/SolOS/build/kernel/c/display/VGA.o
 .comment       0x000000ab       0x13 /home/zack/Programming/NanobyteOS/SolOS/build/kernel/c/filesys/fat12.o
 .comment       0x000000be       0x13 /home/zack/Programming/NanobyteOS/SolOS/build/kernel/c/HAL/hal.o
 .comment       0x000000d1       0x13 /home/zack/Programming/NanobyteOS/SolOS/build/kernel/c/hardware-io/io.o
 .comment       0x000000e4       0x13 /home/zack/Programming/NanobyteOS/SolOS/build/kernel/c/keyboard/keyboard.o
 .comment       0x000000f7       0x13 /home/zack/Programming/NanobyteOS/SolOS/build/kernel/c/memory-manager/FMM.o
 .comment       0x0000010a       0x13 /home/zack/Programming/NanobyteOS/SolOS/build/kernel/c/memory-manager/PMM.o
 .comment       0x0000011d       0x13 /home/zack/Programming/NanobyteOS/SolOS/build/kernel/c/memory-manager/VMM.o
 .comment       0x00000130       0x13 /home/zack/Programming/NanobyteOS/SolOS/build/kernel/c/arch/x86/gdt.o
 .comment       0x00000143       0x13 /home/zack/Programming/NanobyteOS/SolOS/build/kernel/c/arch/x86/idt.o
 .comment       0x00000156       0x13 /home/zack/Programming/NanobyteOS/SolOS/build/kernel/c/arch/x86/irq.o
 .comment       0x00000169       0x13 /home/zack/Programming/NanobyteOS/SolOS/build/kernel/c/arch/x86/isr.o
 .comment       0x0000017c       0x13 /home/zack/Programming/NanobyteOS/SolOS/build/kernel/c/arch/x86/PIC8259.o
 .comment       0x0000018f       0x13 /home/zack/opt/cross/lib/gcc/i686-elf/12.1.0//libgcc.a(_udivdi3.o)
 .comment       0x000001a2       0x13 /home/zack/opt/cross/lib/gcc/i686-elf/12.1.0//libgcc.a(_umoddi3.o)

.debug_info     0x00000000      0x66b
 .debug_info    0x00000000      0x326 /home/zack/opt/cross/lib/gcc/i686-elf/12.1.0//libgcc.a(_udivdi3.o)
 .debug_info    0x00000326      0x345 /home/zack/opt/cross/lib/gcc/i686-elf/12.1.0//libgcc.a(_umoddi3.o)

.debug_abbrev   0x00000000      0x2e0
 .debug_abbrev  0x00000000      0x165 /home/zack/opt/cross/lib/gcc/i686-elf/12.1.0//libgcc.a(_udivdi3.o)
 .debug_abbrev  0x00000165      0x17b /home/zack/opt/cross/lib/gcc/i686-elf/12.1.0//libgcc.a(_umoddi3.o)

.debug_loclists
                0x00000000      0x7be
 .debug_loclists
                0x00000000      0x40a /home/zack/opt/cross/lib/gcc/i686-elf/12.1.0//libgcc.a(_udivdi3.o)
 .debug_loclists
                0x0000040a      0x3b4 /home/zack/opt/cross/lib/gcc/i686-elf/12.1.0//libgcc.a(_umoddi3.o)

.debug_aranges  0x00000000       0x40
 .debug_aranges
                0x00000000       0x20 /home/zack/opt/cross/lib/gcc/i686-elf/12.1.0//libgcc.a(_udivdi3.o)
 .debug_aranges
                0x00000020       0x20 /home/zack/opt/cross/lib/gcc/i686-elf/12.1.0//libgcc.a(_umoddi3.o)

.debug_rnglists
                0x00000000       0x49
 .debug_rnglists
                0x00000000       0x2a /home/zack/opt/cross/lib/gcc/i686-elf/12.1.0//libgcc.a(_udivdi3.o)
 .debug_rnglists
                0x0000002a       0x1f /home/zack/opt/cross/lib/gcc/i686-elf/12.1.0//libgcc.a(_umoddi3.o)

.debug_line     0x00000000      0x347
 .debug_line    0x00000000      0x179 /home/zack/opt/cross/lib/gcc/i686-elf/12.1.0//libgcc.a(_udivdi3.o)
 .debug_line    0x00000179      0x1ce /home/zack/opt/cross/lib/gcc/i686-elf/12.1.0//libgcc.a(_umoddi3.o)

.debug_str      0x00000000      0x3c6
 .debug_str     0x00000000      0x1e3 /home/zack/opt/cross/lib/gcc/i686-elf/12.1.0//libgcc.a(_udivdi3.o)
 .debug_str     0x000001e3      0x1e3 /home/zack/opt/cross/lib/gcc/i686-elf/12.1.0//libgcc.a(_umoddi3.o)

.debug_line_str
                0x00000000      0x170
 .debug_line_str
                0x00000000       0xb8 /home/zack/opt/cross/lib/gcc/i686-elf/12.1.0//libgcc.a(_udivdi3.o)
 .debug_line_str
                0x000000b8       0xb8 /home/zack/opt/cross/lib/gcc/i686-elf/12.1.0//libgcc.a(_umoddi3.o)
