Archive member included to satisfy reference by file (symbol)

/home/zack/opt/cross/lib/gcc/i686-elf/12.1.0//libgcc.a(_udivdi3.o)
                              /home/zack/Programming/NanobyteOS/SolOS/build/kernel/c/stdio.o (__udivdi3)
/home/zack/opt/cross/lib/gcc/i686-elf/12.1.0//libgcc.a(_umoddi3.o)
                              /home/zack/Programming/NanobyteOS/SolOS/build/kernel/c/stdio.o (__umoddi3)

There are no discarded input sections

Memory Configuration

Name             Origin             Length             Attributes
RAM              0x00030000         0x00050000         xrw
*default*        0x00000000         0xffffffff

Linker script and memory map

                0x00030000                        . = 0x30000

.text           0x00030000     0x9aa6
 *(.text)
 .text          0x00030000       0x28 /home/zack/Programming/NanobyteOS/SolOS/build/kernel/s/main.o
                0x00030000                kernel_start
 .text          0x00030028        0x7 /home/zack/Programming/NanobyteOS/SolOS/build/kernel/s/syscall.o
                0x00030028                syscall
 .text          0x0003002f       0x25 /home/zack/Programming/NanobyteOS/SolOS/build/kernel/s/hardware-io/io.o
                0x0003002f                i686_outb
                0x0003003a                i686_outw
                0x00030047                i686_inb
                0x00030050                i686_EnableInterrupts
                0x00030052                i686_DisableInterrupts
 .text          0x00030054       0x2d /home/zack/Programming/NanobyteOS/SolOS/build/kernel/s/memory-manager/VMM.o
                0x00030054                VMM_EnablePaging
                0x00030072                VMM_InvalidatePage
                0x0003007a                VMM_InvalidateTLB
 *fill*         0x00030081        0x3 
 .text          0x00030084        0x6 /home/zack/Programming/NanobyteOS/SolOS/build/kernel/s/proc/proc.o
                0x00030084                i686_call
 *fill*         0x0003008a        0x2 
 .text          0x0003008c       0x47 /home/zack/Programming/NanobyteOS/SolOS/build/kernel/s/arch/x86/gdt.o
                0x0003008c                i686_GDT_Load
                0x000300a1                i686_TSS_Load
 *fill*         0x000300d3        0x1 
 .text          0x000300d4        0xd /home/zack/Programming/NanobyteOS/SolOS/build/kernel/s/arch/x86/idt.o
                0x000300d4                i686_IDT_Load
 *fill*         0x000300e1        0x3 
 .text          0x000300e4      0xa74 /home/zack/Programming/NanobyteOS/SolOS/build/kernel/s/arch/x86/isr.o
                0x000300e4                i686_ISR0
                0x000300ed                i686_ISR1
                0x000300f6                i686_ISR2
                0x000300ff                i686_ISR3
                0x00030108                i686_ISR4
                0x00030111                i686_ISR5
                0x0003011a                i686_ISR6
                0x00030123                i686_ISR7
                0x0003012c                i686_ISR8
                0x00030133                i686_ISR9
                0x0003013c                i686_ISR10
                0x00030143                i686_ISR11
                0x0003014a                i686_ISR12
                0x00030151                i686_ISR13
                0x00030158                i686_ISR14
                0x0003015f                i686_ISR15
                0x00030168                i686_ISR16
                0x00030171                i686_ISR17
                0x00030178                i686_ISR18
                0x00030181                i686_ISR19
                0x0003018a                i686_ISR20
                0x00030193                i686_ISR21
                0x0003019a                i686_ISR22
                0x000301a3                i686_ISR23
                0x000301ac                i686_ISR24
                0x000301b5                i686_ISR25
                0x000301be                i686_ISR26
                0x000301c7                i686_ISR27
                0x000301d0                i686_ISR28
                0x000301d9                i686_ISR29
                0x000301e0                i686_ISR30
                0x000301e7                i686_ISR31
                0x000301f0                i686_ISR32
                0x000301f9                i686_ISR33
                0x00030202                i686_ISR34
                0x0003020b                i686_ISR35
                0x00030214                i686_ISR36
                0x0003021d                i686_ISR37
                0x00030226                i686_ISR38
                0x0003022f                i686_ISR39
                0x00030238                i686_ISR40
                0x00030241                i686_ISR41
                0x0003024a                i686_ISR42
                0x00030253                i686_ISR43
                0x0003025c                i686_ISR44
                0x00030265                i686_ISR45
                0x0003026e                i686_ISR46
                0x00030277                i686_ISR47
                0x00030280                i686_ISR48
                0x00030289                i686_ISR49
                0x00030292                i686_ISR50
                0x0003029b                i686_ISR51
                0x000302a4                i686_ISR52
                0x000302ad                i686_ISR53
                0x000302b6                i686_ISR54
                0x000302bf                i686_ISR55
                0x000302c8                i686_ISR56
                0x000302d1                i686_ISR57
                0x000302da                i686_ISR58
                0x000302e3                i686_ISR59
                0x000302ec                i686_ISR60
                0x000302f5                i686_ISR61
                0x000302fe                i686_ISR62
                0x00030307                i686_ISR63
                0x00030310                i686_ISR64
                0x00030319                i686_ISR65
                0x00030322                i686_ISR66
                0x0003032b                i686_ISR67
                0x00030334                i686_ISR68
                0x0003033d                i686_ISR69
                0x00030346                i686_ISR70
                0x0003034f                i686_ISR71
                0x00030358                i686_ISR72
                0x00030361                i686_ISR73
                0x0003036a                i686_ISR74
                0x00030373                i686_ISR75
                0x0003037c                i686_ISR76
                0x00030385                i686_ISR77
                0x0003038e                i686_ISR78
                0x00030397                i686_ISR79
                0x000303a0                i686_ISR80
                0x000303a9                i686_ISR81
                0x000303b2                i686_ISR82
                0x000303bb                i686_ISR83
                0x000303c4                i686_ISR84
                0x000303cd                i686_ISR85
                0x000303d6                i686_ISR86
                0x000303df                i686_ISR87
                0x000303e8                i686_ISR88
                0x000303f1                i686_ISR89
                0x000303fa                i686_ISR90
                0x00030403                i686_ISR91
                0x0003040c                i686_ISR92
                0x00030415                i686_ISR93
                0x0003041e                i686_ISR94
                0x00030427                i686_ISR95
                0x00030430                i686_ISR96
                0x00030439                i686_ISR97
                0x00030442                i686_ISR98
                0x0003044b                i686_ISR99
                0x00030454                i686_ISR100
                0x0003045d                i686_ISR101
                0x00030466                i686_ISR102
                0x0003046f                i686_ISR103
                0x00030478                i686_ISR104
                0x00030481                i686_ISR105
                0x0003048a                i686_ISR106
                0x00030493                i686_ISR107
                0x0003049c                i686_ISR108
                0x000304a5                i686_ISR109
                0x000304ae                i686_ISR110
                0x000304b7                i686_ISR111
                0x000304c0                i686_ISR112
                0x000304c9                i686_ISR113
                0x000304d2                i686_ISR114
                0x000304db                i686_ISR115
                0x000304e4                i686_ISR116
                0x000304ed                i686_ISR117
                0x000304f6                i686_ISR118
                0x000304ff                i686_ISR119
                0x00030508                i686_ISR120
                0x00030511                i686_ISR121
                0x0003051a                i686_ISR122
                0x00030523                i686_ISR123
                0x0003052c                i686_ISR124
                0x00030535                i686_ISR125
                0x0003053e                i686_ISR126
                0x00030547                i686_ISR127
                0x00030550                i686_ISR128
                0x0003055c                i686_ISR129
                0x00030568                i686_ISR130
                0x00030574                i686_ISR131
                0x00030580                i686_ISR132
                0x0003058c                i686_ISR133
                0x00030598                i686_ISR134
                0x000305a4                i686_ISR135
                0x000305b0                i686_ISR136
                0x000305bc                i686_ISR137
                0x000305c8                i686_ISR138
                0x000305d4                i686_ISR139
                0x000305e0                i686_ISR140
                0x000305ec                i686_ISR141
                0x000305f8                i686_ISR142
                0x00030604                i686_ISR143
                0x00030610                i686_ISR144
                0x0003061c                i686_ISR145
                0x00030628                i686_ISR146
                0x00030634                i686_ISR147
                0x00030640                i686_ISR148
                0x0003064c                i686_ISR149
                0x00030658                i686_ISR150
                0x00030664                i686_ISR151
                0x00030670                i686_ISR152
                0x0003067c                i686_ISR153
                0x00030688                i686_ISR154
                0x00030694                i686_ISR155
                0x000306a0                i686_ISR156
                0x000306ac                i686_ISR157
                0x000306b8                i686_ISR158
                0x000306c4                i686_ISR159
                0x000306d0                i686_ISR160
                0x000306dc                i686_ISR161
                0x000306e8                i686_ISR162
                0x000306f4                i686_ISR163
                0x00030700                i686_ISR164
                0x0003070c                i686_ISR165
                0x00030718                i686_ISR166
                0x00030724                i686_ISR167
                0x00030730                i686_ISR168
                0x0003073c                i686_ISR169
                0x00030748                i686_ISR170
                0x00030754                i686_ISR171
                0x00030760                i686_ISR172
                0x0003076c                i686_ISR173
                0x00030778                i686_ISR174
                0x00030784                i686_ISR175
                0x00030790                i686_ISR176
                0x0003079c                i686_ISR177
                0x000307a8                i686_ISR178
                0x000307b4                i686_ISR179
                0x000307c0                i686_ISR180
                0x000307cc                i686_ISR181
                0x000307d8                i686_ISR182
                0x000307e4                i686_ISR183
                0x000307f0                i686_ISR184
                0x000307fc                i686_ISR185
                0x00030808                i686_ISR186
                0x00030814                i686_ISR187
                0x00030820                i686_ISR188
                0x0003082c                i686_ISR189
                0x00030838                i686_ISR190
                0x00030844                i686_ISR191
                0x00030850                i686_ISR192
                0x0003085c                i686_ISR193
                0x00030868                i686_ISR194
                0x00030874                i686_ISR195
                0x00030880                i686_ISR196
                0x0003088c                i686_ISR197
                0x00030898                i686_ISR198
                0x000308a4                i686_ISR199
                0x000308b0                i686_ISR200
                0x000308bc                i686_ISR201
                0x000308c8                i686_ISR202
                0x000308d4                i686_ISR203
                0x000308e0                i686_ISR204
                0x000308ec                i686_ISR205
                0x000308f8                i686_ISR206
                0x00030904                i686_ISR207
                0x00030910                i686_ISR208
                0x0003091c                i686_ISR209
                0x00030928                i686_ISR210
                0x00030934                i686_ISR211
                0x00030940                i686_ISR212
                0x0003094c                i686_ISR213
                0x00030958                i686_ISR214
                0x00030964                i686_ISR215
                0x00030970                i686_ISR216
                0x0003097c                i686_ISR217
                0x00030988                i686_ISR218
                0x00030994                i686_ISR219
                0x000309a0                i686_ISR220
                0x000309ac                i686_ISR221
                0x000309b8                i686_ISR222
                0x000309c4                i686_ISR223
                0x000309d0                i686_ISR224
                0x000309dc                i686_ISR225
                0x000309e8                i686_ISR226
                0x000309f4                i686_ISR227
                0x00030a00                i686_ISR228
                0x00030a0c                i686_ISR229
                0x00030a18                i686_ISR230
                0x00030a24                i686_ISR231
                0x00030a30                i686_ISR232
                0x00030a3c                i686_ISR233
                0x00030a48                i686_ISR234
                0x00030a54                i686_ISR235
                0x00030a60                i686_ISR236
                0x00030a6c                i686_ISR237
                0x00030a78                i686_ISR238
                0x00030a84                i686_ISR239
                0x00030a90                i686_ISR240
                0x00030a9c                i686_ISR241
                0x00030aa5                i686_ISR242
                0x00030aae                i686_ISR243
                0x00030ab7                i686_ISR244
                0x00030ac0                i686_ISR245
                0x00030ac9                i686_ISR246
                0x00030ad2                i686_ISR247
                0x00030adb                i686_ISR248
                0x00030ae4                i686_ISR249
                0x00030aed                i686_ISR250
                0x00030af6                i686_ISR251
                0x00030aff                i686_ISR252
                0x00030b08                i686_ISR253
                0x00030b11                i686_ISR254
                0x00030b1a                i686_ISR255
                0x00030b4c                i686_DisablePaging
 .text          0x00030b58       0x14 /home/zack/Programming/NanobyteOS/SolOS/build/kernel/s/arch/x86/PIT8254.o
                0x00030b58                i686_PIT_Initialize
 .text          0x00030b6c      0x99d /home/zack/Programming/NanobyteOS/SolOS/build/kernel/c/CLI.o
                0x00030b6c                GetCMD
                0x00030c60                RegisterCMDHandler
                0x00030c73                EXEC
                0x00030e5f                LS
                0x00030ef8                CD
                0x0003110a                CAT
                0x0003126d                PS
                0x000312dc                CLI_Mainloop
 .text          0x00031509       0x55 /home/zack/Programming/NanobyteOS/SolOS/build/kernel/c/ctype.o
                0x00031509                islower
                0x00031532                toupper
 .text          0x0003155e       0x93 /home/zack/Programming/NanobyteOS/SolOS/build/kernel/c/delay.o
                0x0003155e                ActiveContextTimerSleepHook
                0x0003158a                sleep
                0x000315c5                MaskTimerInterrupt
                0x000315db                UnmaskTimerInterrupt
 .text          0x000315f1      0x1a7 /home/zack/Programming/NanobyteOS/SolOS/build/kernel/c/kernel.o
                0x000315f1                setup_timer
                0x000315f7                timer
                0x00031633                kernel_main
 .text          0x00031798       0xf5 /home/zack/Programming/NanobyteOS/SolOS/build/kernel/c/memory.o
                0x00031798                memcpy
                0x000317ea                memset
                0x0003182d                memcmp
 .text          0x0003188d     0x13f0 /home/zack/Programming/NanobyteOS/SolOS/build/kernel/c/stdio.o
                0x0003188d                initialize_stdio
                0x000318df                GetActiveContext
                0x000318e9                GetSTDOUT
                0x000318f3                GetSTDIN
                0x000318fd                GetSTDERR
                0x00031907                STD_PutBuffer
                0x0003193c                STD_GetBuffer
                0x0003197d                STD_FlushSTDOUT
                0x000319c6                STD_FlushSTDIN
                0x000319f9                STD_FlushSTDERR
                0x00031a2c                ActiveContextTimerCursorHook
                0x00031a49                ActiveContextKeyboardHook
                0x00031b12                CFG_EnableCursorBlinking
                0x00031b21                CFG_DisableCursorBlinking
                0x00031b30                CFG_SetCursorChar
                0x00031b4b                __STD_Putc
                0x00031b7e                __STD_Puts
                0x00031ba7                printf_unsigned
                0x00031c5a                printf_signed
                0x00031cb4                printf
                0x00031fd7                hex_to_dec
                0x0003206f                scanf
                0x0003265b                getline
                0x00032713                sscanf
 .text          0x00032c7d       0xb6 /home/zack/Programming/NanobyteOS/SolOS/build/kernel/c/string.o
                0x00032c7d                strchr
                0x00032cbb                strcpy
                0x00032d0d                strlen
 .text          0x00032d33       0x9b /home/zack/Programming/NanobyteOS/SolOS/build/kernel/c/syscall.o
                0x00032d33                SyscallEntrypoint
 .text          0x00032dce      0xabb /home/zack/Programming/NanobyteOS/SolOS/build/kernel/c/disk/floppy.o
                0x00032dce                GetCommandParamCount
                0x00032e27                GetCommandAwaitIRQ6
                0x00032e80                GetCommandReturnCount
                0x00032ed9                DISK_Floppy_GetSectorAddr
                0x00032ef5                DISK_Floppy_IRQ6Handler
                0x00032f02                lba2chs
                0x00032f76                WaitForIRQ6
                0x00032fa0                WaitForFIFO
                0x00032fdc                PrepareDMAForTransfer
                0x000330a6                PrepareDMAForWrite
                0x000330f6                PrepareDMAForRead
                0x000331cf                FDC_SetBit
                0x00033242                DISK_Floppy_Reset
                0x000332cf                DISK_Floppy_Initialize
                0x000333a2                DISK_Floppy_IssueCommand
                0x0003358d                DISK_Floppy_ReadSector
                0x0003366e                DISK_Floppy_ReadSectors
                0x0003376b                DISK_Floppy_ReadSectorsTo
 .text          0x00033889      0xbd3 /home/zack/Programming/NanobyteOS/SolOS/build/kernel/c/display/kinter.o
                0x00033889                KI_VGACoordTransform
                0x0003390a                KI_DisableBlinking
                0x00033917                KI_EnableBlinking
                0x00033924                KI_DrawCursor
                0x000339ef                KI_CursorHook
                0x00033a2a                KI_Initialize
                0x00033b68                KI_Clear
                0x00033bfe                KI_DrawBorder
                0x00033fa6                KI_UpdateLineScrolling
                0x00034104                KI_Putc
                0x000343dc                KI_Puts
                0x0003440e                KI_BadSizeError
                0x00034445                KI_TextOverflowError
 .text          0x0003445c      0x276 /home/zack/Programming/NanobyteOS/SolOS/build/kernel/c/display/VGA.o
                0x0003445c                VGA_ColorData
                0x0003446e                VGA_Initialize
                0x000344b4                VGA_ClearScreen
                0x00034535                VGA_SetChar
                0x00034595                VGA_SetCursorPos
                0x000345ca                VGA_Print
                0x0003464e                VGA_Write
 .text          0x000346d2      0x7dd /home/zack/Programming/NanobyteOS/SolOS/build/kernel/c/filesys/fat12.o
                0x000346d2                FAT12_ReadSector
                0x0003470a                FAT12_LoadFATSector
                0x0003474a                FAT12_Initialize
                0x00034875                FAT12_OpenEntry
                0x0003495a                FAT12_Cluster2Sector
                0x0003496d                FAT12_NextCluster
                0x000349e1                FAT12_Read
                0x00034b62                FAT12_ReadEntry
                0x00034b83                FAT12_Close
                0x00034bb9                FAT12_FindFile
                0x00034d69                FAT12_Open
 .text          0x00034eaf       0x22 /home/zack/Programming/NanobyteOS/SolOS/build/kernel/c/HAL/hal.o
                0x00034eaf                HAL_Initialize
 .text          0x00034ed1       0x1b /home/zack/Programming/NanobyteOS/SolOS/build/kernel/c/hardware-io/io.o
                0x00034ed1                i686_iowait
 .text          0x00034eec      0x1a2 /home/zack/Programming/NanobyteOS/SolOS/build/kernel/c/keyboard/keyboard.o
                0x00034eec                GetQWERTYCTRLMakeKeyCode
                0x00034f49                GetQWERTYCTRLClearKeyCode
                0x00034fb6                Keyboard_Handler
 .text          0x0003508e      0x82d /home/zack/Programming/NanobyteOS/SolOS/build/kernel/c/memory-manager/FMM.o
                0x0003508e                FMM_GetDMAAddress
                0x00035098                FMM_GetDMAPhysAddress
                0x000350a2                FMM_Initialize
                0x00035149                PageFaultHandler
                0x0003531d                GeneralProtectionFaultHandler
                0x0003547a                FMM_FreeBlocksAt
                0x00035513                FMM_ClearMapping
                0x000355a6                FMM_FreeBlocks
                0x000355c0                FMM_AllocateBlocks
                0x000355d6                FMM_CreateUserCodeMapping
                0x000356cd                FMM_CreateUserDataMapping
                0x000357c4                FMM_CreateMapping
 .text          0x000358bb      0xac8 /home/zack/Programming/NanobyteOS/SolOS/build/kernel/c/memory-manager/PMM.o
                0x000358bb                PMM_Initialize
                0x00035c2f                PMM_GetBitmapData
                0x00035c53                PMM_SetBitmapData
                0x00035cb0                PMM_PrintUsableRegionInfo
                0x00035d34                PMM_BlockIndex2PhysicalAddress
                0x00035e1b                PMM_PhysicalAddress2BlockIndex
                0x00035ef8                PMM_DEBUG_PrintWedges
                0x00035f7e                PMM_FirstFitSearch
                0x00036058                PMM_AllocateBlocks
                0x000361a0                PMM_FreeBlocks
                0x000362b9                PMM_ForceFreeBlocks
 .text          0x00036383      0xaf5 /home/zack/Programming/NanobyteOS/SolOS/build/kernel/c/memory-manager/VMM.o
                0x00036383                VMM_GetDMAAddress
                0x0003638d                VMM_GetWorkingPageTableAddr
                0x00036397                VMM_VirtualAddress2PageIndices
                0x000363bc                VMM_PageIndices2VirtualAddress
                0x000363d1                VMM_VirtualAddress2PhysicalAddress
                0x00036420                VMM_CreatePageDirectoryEntry
                0x0003646b                VMM_GetPageDirectoryEntryAVL
                0x00036475                VMM_SetPageDirectoryEntryAVL
                0x00036484                VMM_CreatePageTableEntry
                0x000364f3                VMM_GetPageTableEntryAVL
                0x000364fd                VMM_SetPageTableEntryAVL
                0x0003650c                VMM_GetActivePageTableEntryCount
                0x00036582                VMM_SetActivePageTableEntryCount
                0x0003661b                VMM_Initialize
                0x00036848                VMM_SetWorkingPageTable
                0x000368a8                VMM_LoadTableForAddress
                0x000368ff                VMM_GetTableForAddress
                0x00036951                VMM_FetchTableForAddress
                0x0003699c                VMM_CreateTableForAddress
                0x00036a0e                VMM_CreateUserTableForAddress
                0x00036a80                VMM_GetPageForAddress
                0x00036b07                VMM_CreatePageForAddress
                0x00036be2                VMM_CreateUserDataPageForAddress
                0x00036cbd                VMM_CreateUserCodePageForAddress
                0x00036d98                VMM_ClearMappingForAddress
 .text          0x00036e78      0x4af /home/zack/Programming/NanobyteOS/SolOS/build/kernel/c/proc/load.o
                0x00036e78                LoadProc
 .text          0x00037327      0x9bc /home/zack/Programming/NanobyteOS/SolOS/build/kernel/c/proc/proc.o
                0x00037327                InitializeProcs
                0x0003736b                AddToQueue
                0x000373cf                AddToSleeping
                0x000373ec                GetFromQueue
                0x0003742c                GetAvailablePID
                0x00037496                GetPCB
                0x000374a9                HandleExit
                0x000374c9                PutToSleep
                0x00037505                GetRunningPID
                0x00037526                CreateCodeMappingForRegion
                0x00037573                CreateDataMappingForRegion
                0x000375c0                RemoveMappingForRegion
                0x000375ec                FreeRegion
                0x00037631                AllocateMemoryRegion
                0x00037666                CreateMappingsForProcess
                0x000376b4                RemoveMappingsForProcess
                0x00037702                TerminateProcess
                0x0003776e                TerminateRunningProcess
                0x0003778e                ExecProc
                0x000378cc                DisableScheduling
                0x000378dc                EnableScheduling
                0x000378ec                SchedulerHook
 .text          0x00037ce3       0x8c /home/zack/Programming/NanobyteOS/SolOS/build/kernel/c/arch/x86/gdt.o
                0x00037ce3                GDT_GetTSS
                0x00037ced                i686_GDT_Initialize
 .text          0x00037d6f       0xda /home/zack/Programming/NanobyteOS/SolOS/build/kernel/c/arch/x86/idt.o
                0x00037d6f                i686_IDT_SetGate
                0x00037dd0                i686_IDT_EnableGate
                0x00037df0                i686_IDT_EnableUserGate
                0x00037e10                i686_IDT_DisableGate
                0x00037e30                i686_IDT_Initialize
 .text          0x00037e49       0xcc /home/zack/Programming/NanobyteOS/SolOS/build/kernel/c/arch/x86/irq.o
                0x00037e49                i686_IRQ_Handler
                0x00037ebb                i686_IRQ_Initialize
                0x00037f02                i686_IRQ_RegisterHandler
 .text          0x00037f15     0x1678 /home/zack/Programming/NanobyteOS/SolOS/build/kernel/c/arch/x86/isr.o
                0x00037f15                i686_ISR_Initialize
                0x000393d2                i686_ISR_RegisterHandler
                0x000393f6                i686_ISR_RegisterUserHandler
                0x0003941a                i686_ISR_Handler
 .text          0x0003958d      0x2b6 /home/zack/Programming/NanobyteOS/SolOS/build/kernel/c/arch/x86/PIC8259.o
                0x0003958d                i686_PIC_Configure
                0x0003967f                i686_PIC_SendEndOfInterrupt
                0x000396af                i686_PIC_Disable
                0x000396e9                i686_PIC_Mask
                0x0003973d                i686_PIC_Unmask
                0x00039793                i686_PIC_ReadIrqRequestRegister
                0x000397eb                i686_PIC_ReadInServiceRegister
 *fill*         0x00039843        0xd 
 .text          0x00039850      0x11a /home/zack/opt/cross/lib/gcc/i686-elf/12.1.0//libgcc.a(_udivdi3.o)
                0x00039850                __udivdi3
 *fill*         0x0003996a        0x6 
 .text          0x00039970      0x136 /home/zack/opt/cross/lib/gcc/i686-elf/12.1.0//libgcc.a(_umoddi3.o)
                0x00039970                __umoddi3

.rodata         0x00039ac0      0xfc8
 *(.rodata)
 .rodata        0x00039ac0      0x123 /home/zack/Programming/NanobyteOS/SolOS/build/kernel/c/CLI.o
 *fill*         0x00039be3        0x1 
 .rodata        0x00039be4      0x115 /home/zack/Programming/NanobyteOS/SolOS/build/kernel/c/kernel.o
 *fill*         0x00039cf9        0x3 
 .rodata        0x00039cfc      0x438 /home/zack/Programming/NanobyteOS/SolOS/build/kernel/c/stdio.o
                0x00039d0c                g_HexChars
 .rodata        0x0003a134       0x38 /home/zack/Programming/NanobyteOS/SolOS/build/kernel/c/syscall.o
 .rodata        0x0003a16c      0x1f7 /home/zack/Programming/NanobyteOS/SolOS/build/kernel/c/disk/floppy.o
 *fill*         0x0003a363        0x1 
 .rodata        0x0003a364       0x37 /home/zack/Programming/NanobyteOS/SolOS/build/kernel/c/display/kinter.o
 .rodata        0x0003a39b       0x22 /home/zack/Programming/NanobyteOS/SolOS/build/kernel/c/filesys/fat12.o
 *fill*         0x0003a3bd        0x3 
 .rodata        0x0003a3c0      0x1eb /home/zack/Programming/NanobyteOS/SolOS/build/kernel/c/memory-manager/FMM.o
 *fill*         0x0003a5ab        0x1 
 .rodata        0x0003a5ac       0x5e /home/zack/Programming/NanobyteOS/SolOS/build/kernel/c/memory-manager/PMM.o
 *fill*         0x0003a60a        0x2 
 .rodata        0x0003a60c       0x70 /home/zack/Programming/NanobyteOS/SolOS/build/kernel/c/memory-manager/VMM.o
 .rodata        0x0003a67c       0x59 /home/zack/Programming/NanobyteOS/SolOS/build/kernel/c/proc/proc.o
 *fill*         0x0003a6d5        0x3 
 .rodata        0x0003a6d8       0x25 /home/zack/Programming/NanobyteOS/SolOS/build/kernel/c/arch/x86/irq.o
 *fill*         0x0003a6fd        0x3 
 .rodata        0x0003a700      0x388 /home/zack/Programming/NanobyteOS/SolOS/build/kernel/c/arch/x86/isr.o

.eh_frame       0x0003aa88       0xd8
 .eh_frame      0x0003aa88       0x64 /home/zack/opt/cross/lib/gcc/i686-elf/12.1.0//libgcc.a(_udivdi3.o)
 .eh_frame      0x0003aaec       0x74 /home/zack/opt/cross/lib/gcc/i686-elf/12.1.0//libgcc.a(_umoddi3.o)

.data           0x0003ab60      0x11e
 *(.data)
 .data          0x0003ab60       0x4b /home/zack/Programming/NanobyteOS/SolOS/build/kernel/s/main.o
 .data          0x0003abab        0x0 /home/zack/Programming/NanobyteOS/SolOS/build/kernel/s/syscall.o
 .data          0x0003abab        0x0 /home/zack/Programming/NanobyteOS/SolOS/build/kernel/s/hardware-io/io.o
 .data          0x0003abab        0x0 /home/zack/Programming/NanobyteOS/SolOS/build/kernel/s/memory-manager/VMM.o
 .data          0x0003abab        0x0 /home/zack/Programming/NanobyteOS/SolOS/build/kernel/s/proc/proc.o
 .data          0x0003abab        0x0 /home/zack/Programming/NanobyteOS/SolOS/build/kernel/s/arch/x86/gdt.o
 .data          0x0003abab        0x0 /home/zack/Programming/NanobyteOS/SolOS/build/kernel/s/arch/x86/idt.o
 .data          0x0003abab        0x0 /home/zack/Programming/NanobyteOS/SolOS/build/kernel/s/arch/x86/isr.o
 .data          0x0003abab        0x0 /home/zack/Programming/NanobyteOS/SolOS/build/kernel/s/arch/x86/PIT8254.o
 .data          0x0003abab        0x0 /home/zack/Programming/NanobyteOS/SolOS/build/kernel/c/CLI.o
 .data          0x0003abab        0x0 /home/zack/Programming/NanobyteOS/SolOS/build/kernel/c/ctype.o
 .data          0x0003abab        0x0 /home/zack/Programming/NanobyteOS/SolOS/build/kernel/c/delay.o
 .data          0x0003abab        0x0 /home/zack/Programming/NanobyteOS/SolOS/build/kernel/c/kernel.o
 .data          0x0003abab        0x0 /home/zack/Programming/NanobyteOS/SolOS/build/kernel/c/memory.o
 .data          0x0003abab        0x0 /home/zack/Programming/NanobyteOS/SolOS/build/kernel/c/stdio.o
 .data          0x0003abab        0x0 /home/zack/Programming/NanobyteOS/SolOS/build/kernel/c/string.o
 .data          0x0003abab        0x0 /home/zack/Programming/NanobyteOS/SolOS/build/kernel/c/syscall.o
 .data          0x0003abab        0x0 /home/zack/Programming/NanobyteOS/SolOS/build/kernel/c/disk/floppy.o
 .data          0x0003abab        0x0 /home/zack/Programming/NanobyteOS/SolOS/build/kernel/c/display/kinter.o
 .data          0x0003abab        0x0 /home/zack/Programming/NanobyteOS/SolOS/build/kernel/c/display/VGA.o
 *fill*         0x0003abab        0x1 
 .data          0x0003abac        0x4 /home/zack/Programming/NanobyteOS/SolOS/build/kernel/c/filesys/fat12.o
                0x0003abac                g_FATLoaded
 .data          0x0003abb0        0x0 /home/zack/Programming/NanobyteOS/SolOS/build/kernel/c/HAL/hal.o
 .data          0x0003abb0        0x0 /home/zack/Programming/NanobyteOS/SolOS/build/kernel/c/hardware-io/io.o
 *fill*         0x0003abb0       0x10 
 .data          0x0003abc0       0x7a /home/zack/Programming/NanobyteOS/SolOS/build/kernel/c/keyboard/keyboard.o
                0x0003abc0                g_QWERTY_make_scancodes_shifted
                0x0003ac00                g_QWERTY_make_scancodes_unshifted
 .data          0x0003ac3a        0x0 /home/zack/Programming/NanobyteOS/SolOS/build/kernel/c/memory-manager/FMM.o
 .data          0x0003ac3a        0x0 /home/zack/Programming/NanobyteOS/SolOS/build/kernel/c/memory-manager/PMM.o
 .data          0x0003ac3a        0x0 /home/zack/Programming/NanobyteOS/SolOS/build/kernel/c/memory-manager/VMM.o
 .data          0x0003ac3a        0x0 /home/zack/Programming/NanobyteOS/SolOS/build/kernel/c/proc/load.o
 *fill*         0x0003ac3a        0x2 
 .data          0x0003ac3c        0x4 /home/zack/Programming/NanobyteOS/SolOS/build/kernel/c/proc/proc.o
                0x0003ac3c                g_schedulingEnabled
 .data          0x0003ac40       0x36 /home/zack/Programming/NanobyteOS/SolOS/build/kernel/c/arch/x86/gdt.o
                0x0003ac40                g_GDT
                0x0003ac70                g_GDT_Descriptor
 *fill*         0x0003ac76        0x2 
 .data          0x0003ac78        0x6 /home/zack/Programming/NanobyteOS/SolOS/build/kernel/c/arch/x86/idt.o
                0x0003ac78                g_IDTDescriptor
 .data          0x0003ac7e        0x0 /home/zack/Programming/NanobyteOS/SolOS/build/kernel/c/arch/x86/irq.o
 .data          0x0003ac7e        0x0 /home/zack/Programming/NanobyteOS/SolOS/build/kernel/c/arch/x86/isr.o
 .data          0x0003ac7e        0x0 /home/zack/Programming/NanobyteOS/SolOS/build/kernel/c/arch/x86/PIC8259.o
 .data          0x0003ac7e        0x0 /home/zack/opt/cross/lib/gcc/i686-elf/12.1.0//libgcc.a(_udivdi3.o)
 .data          0x0003ac7e        0x0 /home/zack/opt/cross/lib/gcc/i686-elf/12.1.0//libgcc.a(_umoddi3.o)

.bss            0x0003ac80    0x26d2c
 *(COMMON)
 *(.bss)
 .bss           0x0003ac80        0x0 /home/zack/Programming/NanobyteOS/SolOS/build/kernel/s/main.o
 .bss           0x0003ac80        0x0 /home/zack/Programming/NanobyteOS/SolOS/build/kernel/s/syscall.o
 .bss           0x0003ac80        0x0 /home/zack/Programming/NanobyteOS/SolOS/build/kernel/s/hardware-io/io.o
 .bss           0x0003ac80        0x0 /home/zack/Programming/NanobyteOS/SolOS/build/kernel/s/memory-manager/VMM.o
 .bss           0x0003ac80        0x0 /home/zack/Programming/NanobyteOS/SolOS/build/kernel/s/proc/proc.o
 .bss           0x0003ac80        0x0 /home/zack/Programming/NanobyteOS/SolOS/build/kernel/s/arch/x86/gdt.o
 .bss           0x0003ac80        0x0 /home/zack/Programming/NanobyteOS/SolOS/build/kernel/s/arch/x86/idt.o
 .bss           0x0003ac80        0x0 /home/zack/Programming/NanobyteOS/SolOS/build/kernel/s/arch/x86/isr.o
 .bss           0x0003ac80        0x0 /home/zack/Programming/NanobyteOS/SolOS/build/kernel/s/arch/x86/PIT8254.o
 .bss           0x0003ac80      0x500 /home/zack/Programming/NanobyteOS/SolOS/build/kernel/c/CLI.o
                0x0003ac80                g_CMDHandlers
                0x0003b080                CurrentPath
 .bss           0x0003b180        0x0 /home/zack/Programming/NanobyteOS/SolOS/build/kernel/c/ctype.o
 .bss           0x0003b180        0x8 /home/zack/Programming/NanobyteOS/SolOS/build/kernel/c/delay.o
                0x0003b180                g_Timer
 .bss           0x0003b188        0x4 /home/zack/Programming/NanobyteOS/SolOS/build/kernel/c/kernel.o
                0x0003b188                CurrentAvailablePID
 .bss           0x0003b18c        0x0 /home/zack/Programming/NanobyteOS/SolOS/build/kernel/c/memory.o
 *fill*         0x0003b18c       0x14 
 .bss           0x0003b1a0      0x586 /home/zack/Programming/NanobyteOS/SolOS/build/kernel/c/stdio.o
                0x0003b1a0                g_VGA_Display
                0x0003b1c0                g_Root_Terminal
                0x0003b2e8                g_ActiveContext
                0x0003b300                g_STDOUT
                0x0003b500                g_STDIN
                0x0003b520                g_STDERR
                0x0003b720                g_STDOUT_TAIL
                0x0003b722                g_STDIN_TAIL
                0x0003b724                g_STDERR_TAIL
 .bss           0x0003b726        0x0 /home/zack/Programming/NanobyteOS/SolOS/build/kernel/c/string.o
 .bss           0x0003b726        0x0 /home/zack/Programming/NanobyteOS/SolOS/build/kernel/c/syscall.o
 .bss           0x0003b726        0x2 /home/zack/Programming/NanobyteOS/SolOS/build/kernel/c/disk/floppy.o
                0x0003b726                g_WaitingForIRQ6
                0x0003b727                g_FloppyNum
 .bss           0x0003b728        0x1 /home/zack/Programming/NanobyteOS/SolOS/build/kernel/c/display/kinter.o
                0x0003b728                g_BlinkDisable
 .bss           0x0003b729        0x0 /home/zack/Programming/NanobyteOS/SolOS/build/kernel/c/display/VGA.o
 *fill*         0x0003b729       0x17 
 .bss           0x0003b740      0x580 /home/zack/Programming/NanobyteOS/SolOS/build/kernel/c/filesys/fat12.o
                0x0003b740                g_FatData
                0x0003baa0                g_FirstFATSector
                0x0003baa4                g_FirstRootDirSector
                0x0003baa8                g_RootDirSize
                0x0003baac                g_FirstDataSector
                0x0003bab0                g_FAT
                0x0003bac0                g_RootDirectoryBuffer
 .bss           0x0003bcc0        0x0 /home/zack/Programming/NanobyteOS/SolOS/build/kernel/c/HAL/hal.o
 .bss           0x0003bcc0        0x0 /home/zack/Programming/NanobyteOS/SolOS/build/kernel/c/hardware-io/io.o
 .bss           0x0003bcc0        0x5 /home/zack/Programming/NanobyteOS/SolOS/build/kernel/c/keyboard/keyboard.o
                0x0003bcc0                g_ControlKeyStates
                0x0003bcc4                g_E0_Received
 *fill*         0x0003bcc5        0x3 
 .bss           0x0003bcc8        0x8 /home/zack/Programming/NanobyteOS/SolOS/build/kernel/c/memory-manager/FMM.o
                0x0003bcc8                g_KernelDMAAddress
                0x0003bccc                g_KernelDMAPhysicalAddress
 *fill*         0x0003bcd0       0x10 
 .bss           0x0003bce0    0x2063c /home/zack/Programming/NanobyteOS/SolOS/build/kernel/c/memory-manager/PMM.o
                0x0003bce0                g_MemoryMap
                0x0003c000                g_UsableMemoryMap
                0x0003c320                g_BitmapWedges
                0x0003c340                g_Bitmap
 .bss           0x0005c31c       0x10 /home/zack/Programming/NanobyteOS/SolOS/build/kernel/c/memory-manager/VMM.o
                0x0005c31c                g_PageDirectoryAddress
                0x0005c320                g_WorkingPageTable
                0x0005c324                g_KernelPageTable
                0x0005c328                g_KernelDMAVirtualAddress
 .bss           0x0005c32c        0x0 /home/zack/Programming/NanobyteOS/SolOS/build/kernel/c/proc/load.o
 *fill*         0x0005c32c       0x14 
 .bss           0x0005c340     0x4990 /home/zack/Programming/NanobyteOS/SolOS/build/kernel/c/proc/proc.o
                0x0005c340                g_running
                0x0005c344                g_queue
                0x0005c348                g_sleeping_list
                0x0005c34c                g_GoToKernel
                0x0005c34d                g_KillRunning
                0x0005c34e                g_SleepRunning
                0x0005c350                g_KernelESP
                0x0005c354                g_SavedESP
                0x0005c358                g_time_since_switch
                0x0005c35c                g_PIDCounter
                0x0005c360                g_Processes
 *fill*         0x00060cd0       0x10 
 .bss           0x00060ce0       0x6c /home/zack/Programming/NanobyteOS/SolOS/build/kernel/c/arch/x86/gdt.o
                0x00060ce0                g_TSS
 *fill*         0x00060d4c       0x14 
 .bss           0x00060d60      0x800 /home/zack/Programming/NanobyteOS/SolOS/build/kernel/c/arch/x86/idt.o
                0x00060d60                g_IDT
 .bss           0x00061560       0x40 /home/zack/Programming/NanobyteOS/SolOS/build/kernel/c/arch/x86/irq.o
                0x00061560                g_IRQHandlers
 .bss           0x000615a0      0x400 /home/zack/Programming/NanobyteOS/SolOS/build/kernel/c/arch/x86/isr.o
                0x000615a0                g_ISRHandlers
 .bss           0x000619a0        0xc /home/zack/Programming/NanobyteOS/SolOS/build/kernel/c/arch/x86/PIC8259.o
                0x000619a0                PIC_ICW1
                0x000619a4                PIC_ICW4
                0x000619a8                PIC_CMD
 .bss           0x000619ac        0x0 /home/zack/opt/cross/lib/gcc/i686-elf/12.1.0//libgcc.a(_udivdi3.o)
 .bss           0x000619ac        0x0 /home/zack/opt/cross/lib/gcc/i686-elf/12.1.0//libgcc.a(_umoddi3.o)
LOAD /home/zack/Programming/NanobyteOS/SolOS/build/kernel/s/main.o
LOAD /home/zack/Programming/NanobyteOS/SolOS/build/kernel/s/syscall.o
LOAD /home/zack/Programming/NanobyteOS/SolOS/build/kernel/s/hardware-io/io.o
LOAD /home/zack/Programming/NanobyteOS/SolOS/build/kernel/s/memory-manager/VMM.o
LOAD /home/zack/Programming/NanobyteOS/SolOS/build/kernel/s/proc/proc.o
LOAD /home/zack/Programming/NanobyteOS/SolOS/build/kernel/s/arch/x86/gdt.o
LOAD /home/zack/Programming/NanobyteOS/SolOS/build/kernel/s/arch/x86/idt.o
LOAD /home/zack/Programming/NanobyteOS/SolOS/build/kernel/s/arch/x86/isr.o
LOAD /home/zack/Programming/NanobyteOS/SolOS/build/kernel/s/arch/x86/PIT8254.o
LOAD /home/zack/Programming/NanobyteOS/SolOS/build/kernel/c/CLI.o
LOAD /home/zack/Programming/NanobyteOS/SolOS/build/kernel/c/ctype.o
LOAD /home/zack/Programming/NanobyteOS/SolOS/build/kernel/c/delay.o
LOAD /home/zack/Programming/NanobyteOS/SolOS/build/kernel/c/kernel.o
LOAD /home/zack/Programming/NanobyteOS/SolOS/build/kernel/c/memory.o
LOAD /home/zack/Programming/NanobyteOS/SolOS/build/kernel/c/stdio.o
LOAD /home/zack/Programming/NanobyteOS/SolOS/build/kernel/c/string.o
LOAD /home/zack/Programming/NanobyteOS/SolOS/build/kernel/c/syscall.o
LOAD /home/zack/Programming/NanobyteOS/SolOS/build/kernel/c/disk/floppy.o
LOAD /home/zack/Programming/NanobyteOS/SolOS/build/kernel/c/display/kinter.o
LOAD /home/zack/Programming/NanobyteOS/SolOS/build/kernel/c/display/VGA.o
LOAD /home/zack/Programming/NanobyteOS/SolOS/build/kernel/c/filesys/fat12.o
LOAD /home/zack/Programming/NanobyteOS/SolOS/build/kernel/c/HAL/hal.o
LOAD /home/zack/Programming/NanobyteOS/SolOS/build/kernel/c/hardware-io/io.o
LOAD /home/zack/Programming/NanobyteOS/SolOS/build/kernel/c/keyboard/keyboard.o
LOAD /home/zack/Programming/NanobyteOS/SolOS/build/kernel/c/memory-manager/FMM.o
LOAD /home/zack/Programming/NanobyteOS/SolOS/build/kernel/c/memory-manager/PMM.o
LOAD /home/zack/Programming/NanobyteOS/SolOS/build/kernel/c/memory-manager/VMM.o
LOAD /home/zack/Programming/NanobyteOS/SolOS/build/kernel/c/proc/load.o
LOAD /home/zack/Programming/NanobyteOS/SolOS/build/kernel/c/proc/proc.o
LOAD /home/zack/Programming/NanobyteOS/SolOS/build/kernel/c/arch/x86/gdt.o
LOAD /home/zack/Programming/NanobyteOS/SolOS/build/kernel/c/arch/x86/idt.o
LOAD /home/zack/Programming/NanobyteOS/SolOS/build/kernel/c/arch/x86/irq.o
LOAD /home/zack/Programming/NanobyteOS/SolOS/build/kernel/c/arch/x86/isr.o
LOAD /home/zack/Programming/NanobyteOS/SolOS/build/kernel/c/arch/x86/PIC8259.o
LOAD /home/zack/opt/cross/lib/gcc/i686-elf/12.1.0//libgcc.a
OUTPUT(/home/zack/Programming/NanobyteOS/SolOS/build/kernel.bin binary)

.comment        0x00000000      0x201
 .comment       0x00000000       0x13 /home/zack/Programming/NanobyteOS/SolOS/build/kernel/c/CLI.o
 .comment       0x00000013       0x13 /home/zack/Programming/NanobyteOS/SolOS/build/kernel/c/ctype.o
 .comment       0x00000026       0x13 /home/zack/Programming/NanobyteOS/SolOS/build/kernel/c/delay.o
 .comment       0x00000039       0x13 /home/zack/Programming/NanobyteOS/SolOS/build/kernel/c/kernel.o
 .comment       0x0000004c       0x13 /home/zack/Programming/NanobyteOS/SolOS/build/kernel/c/memory.o
 .comment       0x0000005f       0x13 /home/zack/Programming/NanobyteOS/SolOS/build/kernel/c/stdio.o
 .comment       0x00000072       0x13 /home/zack/Programming/NanobyteOS/SolOS/build/kernel/c/string.o
 .comment       0x00000085       0x13 /home/zack/Programming/NanobyteOS/SolOS/build/kernel/c/syscall.o
 .comment       0x00000098       0x13 /home/zack/Programming/NanobyteOS/SolOS/build/kernel/c/disk/floppy.o
 .comment       0x000000ab       0x13 /home/zack/Programming/NanobyteOS/SolOS/build/kernel/c/display/kinter.o
 .comment       0x000000be       0x13 /home/zack/Programming/NanobyteOS/SolOS/build/kernel/c/display/VGA.o
 .comment       0x000000d1       0x13 /home/zack/Programming/NanobyteOS/SolOS/build/kernel/c/filesys/fat12.o
 .comment       0x000000e4       0x13 /home/zack/Programming/NanobyteOS/SolOS/build/kernel/c/HAL/hal.o
 .comment       0x000000f7       0x13 /home/zack/Programming/NanobyteOS/SolOS/build/kernel/c/hardware-io/io.o
 .comment       0x0000010a       0x13 /home/zack/Programming/NanobyteOS/SolOS/build/kernel/c/keyboard/keyboard.o
 .comment       0x0000011d       0x13 /home/zack/Programming/NanobyteOS/SolOS/build/kernel/c/memory-manager/FMM.o
 .comment       0x00000130       0x13 /home/zack/Programming/NanobyteOS/SolOS/build/kernel/c/memory-manager/PMM.o
 .comment       0x00000143       0x13 /home/zack/Programming/NanobyteOS/SolOS/build/kernel/c/memory-manager/VMM.o
 .comment       0x00000156       0x13 /home/zack/Programming/NanobyteOS/SolOS/build/kernel/c/proc/load.o
 .comment       0x00000169       0x13 /home/zack/Programming/NanobyteOS/SolOS/build/kernel/c/proc/proc.o
 .comment       0x0000017c       0x13 /home/zack/Programming/NanobyteOS/SolOS/build/kernel/c/arch/x86/gdt.o
 .comment       0x0000018f       0x13 /home/zack/Programming/NanobyteOS/SolOS/build/kernel/c/arch/x86/idt.o
 .comment       0x000001a2       0x13 /home/zack/Programming/NanobyteOS/SolOS/build/kernel/c/arch/x86/irq.o
 .comment       0x000001b5       0x13 /home/zack/Programming/NanobyteOS/SolOS/build/kernel/c/arch/x86/isr.o
 .comment       0x000001c8       0x13 /home/zack/Programming/NanobyteOS/SolOS/build/kernel/c/arch/x86/PIC8259.o
 .comment       0x000001db       0x13 /home/zack/opt/cross/lib/gcc/i686-elf/12.1.0//libgcc.a(_udivdi3.o)
 .comment       0x000001ee       0x13 /home/zack/opt/cross/lib/gcc/i686-elf/12.1.0//libgcc.a(_umoddi3.o)

.debug_info     0x00000000      0x66b
 .debug_info    0x00000000      0x326 /home/zack/opt/cross/lib/gcc/i686-elf/12.1.0//libgcc.a(_udivdi3.o)
 .debug_info    0x00000326      0x345 /home/zack/opt/cross/lib/gcc/i686-elf/12.1.0//libgcc.a(_umoddi3.o)

.debug_abbrev   0x00000000      0x2e0
 .debug_abbrev  0x00000000      0x165 /home/zack/opt/cross/lib/gcc/i686-elf/12.1.0//libgcc.a(_udivdi3.o)
 .debug_abbrev  0x00000165      0x17b /home/zack/opt/cross/lib/gcc/i686-elf/12.1.0//libgcc.a(_umoddi3.o)

.debug_loclists
                0x00000000      0x7be
 .debug_loclists
                0x00000000      0x40a /home/zack/opt/cross/lib/gcc/i686-elf/12.1.0//libgcc.a(_udivdi3.o)
 .debug_loclists
                0x0000040a      0x3b4 /home/zack/opt/cross/lib/gcc/i686-elf/12.1.0//libgcc.a(_umoddi3.o)

.debug_aranges  0x00000000       0x40
 .debug_aranges
                0x00000000       0x20 /home/zack/opt/cross/lib/gcc/i686-elf/12.1.0//libgcc.a(_udivdi3.o)
 .debug_aranges
                0x00000020       0x20 /home/zack/opt/cross/lib/gcc/i686-elf/12.1.0//libgcc.a(_umoddi3.o)

.debug_rnglists
                0x00000000       0x49
 .debug_rnglists
                0x00000000       0x2a /home/zack/opt/cross/lib/gcc/i686-elf/12.1.0//libgcc.a(_udivdi3.o)
 .debug_rnglists
                0x0000002a       0x1f /home/zack/opt/cross/lib/gcc/i686-elf/12.1.0//libgcc.a(_umoddi3.o)

.debug_line     0x00000000      0x347
 .debug_line    0x00000000      0x179 /home/zack/opt/cross/lib/gcc/i686-elf/12.1.0//libgcc.a(_udivdi3.o)
 .debug_line    0x00000179      0x1ce /home/zack/opt/cross/lib/gcc/i686-elf/12.1.0//libgcc.a(_umoddi3.o)

.debug_str      0x00000000      0x3c6
 .debug_str     0x00000000      0x1e3 /home/zack/opt/cross/lib/gcc/i686-elf/12.1.0//libgcc.a(_udivdi3.o)
 .debug_str     0x000001e3      0x1e3 /home/zack/opt/cross/lib/gcc/i686-elf/12.1.0//libgcc.a(_umoddi3.o)

.debug_line_str
                0x00000000      0x170
 .debug_line_str
                0x00000000       0xb8 /home/zack/opt/cross/lib/gcc/i686-elf/12.1.0//libgcc.a(_udivdi3.o)
 .debug_line_str
                0x000000b8       0xb8 /home/zack/opt/cross/lib/gcc/i686-elf/12.1.0//libgcc.a(_umoddi3.o)
